<html>
<body>
<pre>
<h1>µVision Build Log</h1>
<h2>Tool Versions:</h2>
IDE-Version: µVision V5.14.0.0
Copyright (C) 2015 ARM Ltd and ARM Germany GmbH. All rights reserved.
License Information: Peter Oostewechel Embedtronics Flex license: MDK-ARM Professional (Eval) (mdk_pro_eval) Operation stops: 13 Oct 2017
 
Tool Versions:
Toolchain:       MDK-ARM Professional (Eval)  Version: 5.14.0.0
Toolchain Path:  C:\Includes\Keil_v5\ARM\ARMCC\Bin
C Compiler:      Armcc.exe V5.05 update 1 (build 106)
Assembler:       Armasm.exe V5.05 update 1 (build 106)
Linker/Locator:  ArmLink.exe V5.05 update 1 (build 106)
Library Manager: ArmAr.exe V5.05 update 1 (build 106)
Hex Converter:   FromElf.exe V5.05 update 1 (build 106)
CPU DLL:         SARMCM3.DLL V5.14.0.0
Dialog DLL:      DARMSTM.DLL V1.65.0.0
Target DLL:      STLink\ST-LINKIII-KEIL_SWO.dll V2.0.14.0_KEIL
Dialog DLL:      TARMSTM.DLL V1.64.0.0
 
<h2>Project:</h2>
E:\Dropbox\#Embedtronics\RnD\E-INK Display\Firmware\Waveshare-e-ink-original\EPD V0.1.8\Project\epd.uvprojx
Project File Date:  10/06/2017

<h2>Output:</h2>
Build target 'mdk'
linking...
Program Size: Code=42144 RO-data=8776 RW-data=136 ZI-data=16624  
FromELF: creating hex file...
".\Debug\obj\epd.axf" - 0 Error(s), 0 Warning(s).

<h2>Collection of Component include folders:</h2>
  E:\Dropbox\#Embedtronics\RnD\E-INK Display\Firmware\Waveshare-e-ink-original\EPD V0.1.8\Project\RTE
  C:\Includes\Keil_v5\ARM\PACK\Keil\STM32F1xx_DFP\1.1.0\Device\Include

<h2>Collection of Component Files used:</h2>
</pre>
</body>
</html>
