ARM Linker, 5.03 [Build 76] [MDK-ARM Standard]

==============================================================================

Section Cross References

    startup_stm32f10x_hd.o(STACK) refers (Special) to heapauxi.o(.text) for __use_two_region_memory
    startup_stm32f10x_hd.o(HEAP) refers (Special) to heapauxi.o(.text) for __use_two_region_memory
    startup_stm32f10x_hd.o(RESET) refers (Special) to heapauxi.o(.text) for __use_two_region_memory
    startup_stm32f10x_hd.o(RESET) refers to startup_stm32f10x_hd.o(.text) for Reset_Handler
    startup_stm32f10x_hd.o(RESET) refers to stm32f10x_it.o(.text) for WWDG_IRQHandler
    startup_stm32f10x_hd.o(.text) refers (Special) to heapauxi.o(.text) for __use_two_region_memory
    startup_stm32f10x_hd.o(.text) refers to startup_stm32f10x_hd.o(STACK) for __initial_sp
    startup_stm32f10x_hd.o(.text) refers to __main.o(!!!main) for __main
    startup_stm32f10x_hd.o(.text) refers to startup_stm32f10x_hd.o(HEAP) for Heap_Mem
    stm32f10x_adc.o(.text) refers to stm32f10x_rcc.o(.text) for RCC_APB2PeriphResetCmd
    stm32f10x_bkp.o(.text) refers to stm32f10x_rcc.o(.text) for RCC_BackupResetCmd
    stm32f10x_can.o(.text) refers to stm32f10x_rcc.o(.text) for RCC_APB1PeriphResetCmd
    stm32f10x_dac.o(.text) refers to stm32f10x_rcc.o(.text) for RCC_APB1PeriphResetCmd
    stm32f10x_gpio.o(.text) refers to stm32f10x_rcc.o(.text) for RCC_APB2PeriphResetCmd
    stm32f10x_i2c.o(.text) refers to stm32f10x_rcc.o(.text) for RCC_APB1PeriphResetCmd
    stm32f10x_pwr.o(.text) refers to stm32f10x_rcc.o(.text) for RCC_APB1PeriphResetCmd
    stm32f10x_rcc.o(.text) refers to stm32f10x_rcc.o(.data) for APBAHBPrescTable
    stm32f10x_spi.o(.text) refers to stm32f10x_rcc.o(.text) for RCC_APB2PeriphResetCmd
    stm32f10x_tim.o(.text) refers to stm32f10x_rcc.o(.text) for RCC_APB2PeriphResetCmd
    stm32f10x_usart.o(.text) refers to stm32f10x_rcc.o(.text) for RCC_APB2PeriphResetCmd
    stm32f10x_wwdg.o(.text) refers to stm32f10x_rcc.o(.text) for RCC_APB1PeriphResetCmd
    main.o(.text) refers to misc.o(.text) for NVIC_PriorityGroupConfig
    main.o(.text) refers to system_stm32f10x.o(.text) for SystemInit
    main.o(.text) refers to arm_cortex_m.o(.text) for CM3_SysTickInit
    main.o(.text) refers to protocol.o(.text) for epd_hard_init
    main.o(.text) refers to gui.o(.text) for gui_init
    main.o(.text) refers to ff.o(.text) for f_mount
    main.o(.text) refers to gde043a2.o(.text) for epd_led
    main.o(.text) refers to gui_base.o(.text) for gui_clear
    main.o(.text) refers to gui.o(.data) for gui_color
    main.o(.text) refers to main.o(.bss) for fs
    stm32f10x_it.o(.text) refers to stm32f10x_exti.o(.text) for EXTI_GetITStatus
    stm32f10x_it.o(.text) refers to system_stm32f10x.o(.text) for SystemInit
    sdcard.o(.text) refers to stm32f10x_sdio.o(.text) for SDIO_ClearFlag
    sdcard.o(.text) refers to sdcard.o(.data) for CardType
    sdcard.o(.text) refers to sdcard.o(.bss) for SDIO_CmdInitStructure
    sdcard.o(.text) refers to stm32f10x_rcc.o(.text) for RCC_APB2PeriphClockCmd
    sdcard.o(.text) refers to stm32f10x_gpio.o(.text) for GPIO_Init
    sdcard.o(.text) refers to stm32f10x_dma.o(.text) for DMA_ClearFlag
    gde043a2.o(.text) refers to stm32f10x_rcc.o(.text) for RCC_APB2PeriphClockCmd
    gde043a2.o(.text) refers to stm32f10x_gpio.o(.text) for GPIO_Init
    gde043a2.o(.text) refers to fsmc_sram.o(.text) for FSMC_SRAM_Init
    gde043a2.o(.text) refers to gde043a2.o(.constdata) for wave_begin
    gde043a2.o(.text) refers to gde043a2.o(.data) for direction
    gde043a2.o(.text) refers to gde043a2.o(.bss) for wave_begin_table
    fsmc_sram.o(.text) refers to stm32f10x_rcc.o(.text) for RCC_AHBPeriphClockCmd
    fsmc_sram.o(.text) refers to stm32f10x_gpio.o(.text) for GPIO_Init
    fsmc_sram.o(.text) refers to stm32f10x_fsmc.o(.text) for FSMC_NORSRAMInit
    fsmc_sram.o(.text) refers to fsmc_sram.o(.bss) for FSMC_NORSRAMInitStructure
    fsmc_nand.o(.text) refers to _printf_percent.o(.ARM.Collect$$_printf_percent$$00000000) for _printf_percent
    fsmc_nand.o(.text) refers to _printf_x.o(.ARM.Collect$$_printf_percent$$0000000C) for _printf_x
    fsmc_nand.o(.text) refers to _printf_hex_int.o(.text) for _printf_longlong_hex
    fsmc_nand.o(.text) refers to stm32f10x_rcc.o(.text) for RCC_AHBPeriphClockCmd
    fsmc_nand.o(.text) refers to stm32f10x_gpio.o(.text) for GPIO_Init
    fsmc_nand.o(.text) refers to stm32f10x_fsmc.o(.text) for FSMC_NANDInit
    fsmc_nand.o(.text) refers to noretval__2printf.o(.text) for __2printf
    fsmc_nand.o(.text) refers to fsmc_nand.o(.bss) for TxBuffer
    protocol.o(.text) refers to fsmc_nand.o(.text) for nand_init
    protocol.o(.text) refers to des.o(.text) for TDes
    protocol.o(.text) refers to memcmp.o(.text) for memcmp
    protocol.o(.text) refers to protocol.o(.bss) for write_buff
    protocol.o(.text) refers to protocol.o(.constdata) for pwd
    arm_cortex_m.o(.text) refers to dflt_clz.o(x$fpl$dfltu) for __aeabi_ui2d
[...]
    __rt_lib_shutdown_stdio_2                0x080001c1   Thumb Code     0  libshutdown2.o(.ARM.Collect$$libshutdown$$00000002)
    __rt_lib_shutdown_fp_trap_1              0x080001c5   Thumb Code     0  libshutdown2.o(.ARM.Collect$$libshutdown$$00000006)
    __rt_lib_shutdown_heap_1                 0x080001c5   Thumb Code     0  libshutdown2.o(.ARM.Collect$$libshutdown$$0000000E)
    __rt_lib_shutdown_return                 0x080001c5   Thumb Code     0  libshutdown2.o(.ARM.Collect$$libshutdown$$0000000F)
    __rt_lib_shutdown_signal_1               0x080001c5   Thumb Code     0  libshutdown2.o(.ARM.Collect$$libshutdown$$00000009)
    __rt_lib_shutdown_stdio_1                0x080001c5   Thumb Code     0  libshutdown2.o(.ARM.Collect$$libshutdown$$00000003)
    __rt_lib_shutdown_user_alloc_1           0x080001c5   Thumb Code     0  libshutdown2.o(.ARM.Collect$$libshutdown$$0000000B)
    __rt_entry                               0x080001c7   Thumb Code     0  rtentry.o(.ARM.Collect$$rtentry$$00000000)
    __rt_entry_presh_1                       0x080001c7   Thumb Code     0  rtentry2.o(.ARM.Collect$$rtentry$$00000002)
    __rt_entry_sh                            0x080001c7   Thumb Code     0  rtentry4.o(.ARM.Collect$$rtentry$$00000004)
    __rt_entry_li                            0x080001cd   Thumb Code     0  rtentry2.o(.ARM.Collect$$rtentry$$0000000A)
    __rt_entry_postsh_1                      0x080001cd   Thumb Code     0  rtentry2.o(.ARM.Collect$$rtentry$$00000009)
    __rt_entry_main                          0x080001d1   Thumb Code     0  rtentry2.o(.ARM.Collect$$rtentry$$0000000D)
    __rt_entry_postli_1                      0x080001d1   Thumb Code     0  rtentry2.o(.ARM.Collect$$rtentry$$0000000C)
    __rt_exit                                0x080001d9   Thumb Code     0  rtexit.o(.ARM.Collect$$rtexit$$00000000)
    __rt_exit_ls                             0x080001db   Thumb Code     0  rtexit2.o(.ARM.Collect$$rtexit$$00000003)
    __rt_exit_prels_1                        0x080001db   Thumb Code     0  rtexit2.o(.ARM.Collect$$rtexit$$00000002)
    __rt_exit_exit                           0x080001df   Thumb Code     0  rtexit2.o(.ARM.Collect$$rtexit$$00000004)
    SystemInit_ExtMemCtl                     0x080001e5   Thumb Code     2  startup_stm32f10x_hd.o(.text)
    _maybe_terminate_alloc                   0x080001e5   Thumb Code     0  maybetermalloc1.o(.emb_text)
    Reset_Handler                            0x080001e7   Thumb Code    14  startup_stm32f10x_hd.o(.text)
    NMI_Handler                              0x080001f5   Thumb Code     2  startup_stm32f10x_hd.o(.text)
    HardFault_Handler                        0x080001f7   Thumb Code     2  startup_stm32f10x_hd.o(.text)
    MemManage_Handler                        0x080001f9   Thumb Code     2  startup_stm32f10x_hd.o(.text)
    BusFault_Handler                         0x080001fb   Thumb Code     2  startup_stm32f10x_hd.o(.text)
    UsageFault_Handler                       0x080001fd   Thumb Code     2  startup_stm32f10x_hd.o(.text)
    SVC_Handler                              0x080001ff   Thumb Code     2  startup_stm32f10x_hd.o(.text)
    DebugMon_Handler                         0x08000201   Thumb Code     2  startup_stm32f10x_hd.o(.text)
    PendSV_Handler                           0x08000203   Thumb Code     2  startup_stm32f10x_hd.o(.text)
    SysTick_Handler                          0x08000205   Thumb Code     2  startup_stm32f10x_hd.o(.text)
    CAN1_RX1_IRQHandler                      0x08000207   Thumb Code     0  startup_stm32f10x_hd.o(.text)
    CAN1_SCE_IRQHandler                      0x08000207   Thumb Code     0  startup_stm32f10x_hd.o(.text)
    USB_HP_CAN1_TX_IRQHandler                0x08000207   Thumb Code     0  startup_stm32f10x_hd.o(.text)
    USB_LP_CAN1_RX0_IRQHandler               0x08000207   Thumb Code     0  startup_stm32f10x_hd.o(.text)
    __user_initial_stackheap                 0x08000209   Thumb Code     0  startup_stm32f10x_hd.o(.text)
    NVIC_PriorityGroupConfig                 0x0800022d   Thumb Code    10  misc.o(.text)
    NVIC_Init                                0x08000237   Thumb Code   102  misc.o(.text)
    NVIC_SetVectorTable                      0x0800029d   Thumb Code    14  misc.o(.text)
    NVIC_SystemLPConfig                      0x080002ab   Thumb Code    34  misc.o(.text)
    SysTick_CLKSourceConfig                  0x080002cd   Thumb Code    40  misc.o(.text)
    DMA_DeInit                               0x08000309   Thumb Code   306  stm32f10x_dma.o(.text)
    DMA_Init                                 0x0800043b   Thumb Code    60  stm32f10x_dma.o(.text)
    DMA_StructInit                           0x08000477   Thumb Code    26  stm32f10x_dma.o(.text)
    DMA_Cmd                                  0x08000491   Thumb Code    22  stm32f10x_dma.o(.text)
    DMA_ITConfig                             0x080004a7   Thumb Code    18  stm32f10x_dma.o(.text)
    DMA_GetCurrDataCounter                   0x080004b9   Thumb Code     8  stm32f10x_dma.o(.text)
    DMA_GetFlagStatus                        0x080004c1   Thumb Code    38  stm32f10x_dma.o(.text)
    DMA_ClearFlag                            0x080004e7   Thumb Code    20  stm32f10x_dma.o(.text)
    DMA_GetITStatus                          0x080004fb   Thumb Code    38  stm32f10x_dma.o(.text)
    DMA_ClearITPendingBit                    0x08000521   Thumb Code    20  stm32f10x_dma.o(.text)
    EXTI_DeInit                              0x08000545   Thumb Code    28  stm32f10x_exti.o(.text)
    EXTI_Init                                0x08000561   Thumb Code   150  stm32f10x_exti.o(.text)
    EXTI_StructInit                          0x080005f7   Thumb Code    16  stm32f10x_exti.o(.text)
    EXTI_GenerateSWInterrupt                 0x08000607   Thumb Code    16  stm32f10x_exti.o(.text)
    EXTI_GetFlagStatus                       0x08000617   Thumb Code    22  stm32f10x_exti.o(.text)
    EXTI_ClearFlag                           0x0800062d   Thumb Code     8  stm32f10x_exti.o(.text)
    EXTI_GetITStatus                         0x08000635   Thumb Code    34  stm32f10x_exti.o(.text)
    EXTI_ClearITPendingBit                   0x08000657   Thumb Code     8  stm32f10x_exti.o(.text)
    FSMC_NORSRAMDeInit                       0x08000669   Thumb Code    56  stm32f10x_fsmc.o(.text)
    FSMC_NANDDeInit                          0x080006a1   Thumb Code    62  stm32f10x_fsmc.o(.text)
    FSMC_PCCARDDeInit                        0x080006df   Thumb Code    40  stm32f10x_fsmc.o(.text)
    FSMC_NORSRAMInit                         0x08000707   Thumb Code   220  stm32f10x_fsmc.o(.text)
    FSMC_NANDInit                            0x080007e3   Thumb Code   130  stm32f10x_fsmc.o(.text)
    FSMC_PCCARDInit                          0x08000865   Thumb Code   124  stm32f10x_fsmc.o(.text)
    FSMC_NORSRAMStructInit                   0x080008e1   Thumb Code   112  stm32f10x_fsmc.o(.text)
    FSMC_NANDStructInit                      0x08000951   Thumb Code    54  stm32f10x_fsmc.o(.text)
    FSMC_PCCARDStructInit                    0x08000987   Thumb Code    60  stm32f10x_fsmc.o(.text)
    FSMC_NORSRAMCmd                          0x080009c3   Thumb Code    46  stm32f10x_fsmc.o(.text)
    FSMC_NANDCmd                             0x080009f1   Thumb Code    86  stm32f10x_fsmc.o(.text)
    FSMC_PCCARDCmd                           0x08000a47   Thumb Code    40  stm32f10x_fsmc.o(.text)
    FSMC_NANDECCCmd                          0x08000a6f   Thumb Code   118  stm32f10x_fsmc.o(.text)
    FSMC_GetECC                              0x08000ae5   Thumb Code    22  stm32f10x_fsmc.o(.text)
    FSMC_ITConfig                            0x08000afb   Thumb Code   128  stm32f10x_fsmc.o(.text)
    FSMC_GetFlagStatus                       0x08000b7b   Thumb Code    48  stm32f10x_fsmc.o(.text)
    FSMC_ClearFlag                           0x08000bab   Thumb Code    62  stm32f10x_fsmc.o(.text)
    FSMC_GetITStatus                         0x08000be9   Thumb Code    60  stm32f10x_fsmc.o(.text)
    FSMC_ClearITPendingBit                   0x08000c25   Thumb Code    64  stm32f10x_fsmc.o(.text)
    GPIO_DeInit                              0x08000c79   Thumb Code   188  stm32f10x_gpio.o(.text)
    GPIO_AFIODeInit                          0x08000d35   Thumb Code    20  stm32f10x_gpio.o(.text)
    GPIO_Init                                0x08000d49   Thumb Code   274  stm32f10x_gpio.o(.text)
    GPIO_StructInit                          0x08000e5b   Thumb Code    16  stm32f10x_gpio.o(.text)
    GPIO_ReadInputDataBit                    0x08000e6b   Thumb Code    18  stm32f10x_gpio.o(.text)
    GPIO_ReadInputData                       0x08000e7d   Thumb Code     8  stm32f10x_gpio.o(.text)
    GPIO_ReadOutputDataBit                   0x08000e85   Thumb Code    18  stm32f10x_gpio.o(.text)
    GPIO_ReadOutputData                      0x08000e97   Thumb Code     8  stm32f10x_gpio.o(.text)
    GPIO_SetBits                             0x08000e9f   Thumb Code     4  stm32f10x_gpio.o(.text)
    GPIO_ResetBits                           0x08000ea3   Thumb Code     4  stm32f10x_gpio.o(.text)
    GPIO_WriteBit                            0x08000ea7   Thumb Code    10  stm32f10x_gpio.o(.text)
    GPIO_Write                               0x08000eb1   Thumb Code     4  stm32f10x_gpio.o(.text)
    GPIO_PinLockConfig                       0x08000eb5   Thumb Code    18  stm32f10x_gpio.o(.text)
    GPIO_EventOutputConfig                   0x08000ec7   Thumb Code    26  stm32f10x_gpio.o(.text)
    GPIO_EventOutputCmd                      0x08000ee1   Thumb Code     6  stm32f10x_gpio.o(.text)
    GPIO_PinRemapConfig                      0x08000ee7   Thumb Code   106  stm32f10x_gpio.o(.text)
    GPIO_EXTILineConfig                      0x08000f51   Thumb Code    66  stm32f10x_gpio.o(.text)
    RCC_DeInit                               0x08000fa5   Thumb Code    62  stm32f10x_rcc.o(.text)
    RCC_HSEConfig                            0x08000fe3   Thumb Code    70  stm32f10x_rcc.o(.text)
    RCC_GetFlagStatus                        0x08001029   Thumb Code    56  stm32f10x_rcc.o(.text)
    RCC_WaitForHSEStartUp                    0x08001061   Thumb Code    54  stm32f10x_rcc.o(.text)
    RCC_AdjustHSICalibrationValue            0x08001097   Thumb Code    20  stm32f10x_rcc.o(.text)
    RCC_HSICmd                               0x080010ab   Thumb Code     6  stm32f10x_rcc.o(.text)
    RCC_PLLConfig                            0x080010b1   Thumb Code    24  stm32f10x_rcc.o(.text)
    RCC_PLLCmd                               0x080010c9   Thumb Code     6  stm32f10x_rcc.o(.text)
    RCC_SYSCLKConfig                         0x080010cf   Thumb Code    18  stm32f10x_rcc.o(.text)
    RCC_GetSYSCLKSource                      0x080010e1   Thumb Code    10  stm32f10x_rcc.o(.text)
    RCC_HCLKConfig                           0x080010eb   Thumb Code    18  stm32f10x_rcc.o(.text)
    RCC_PCLK1Config                          0x080010fd   Thumb Code    18  stm32f10x_rcc.o(.text)
    RCC_PCLK2Config                          0x0800110f   Thumb Code    20  stm32f10x_rcc.o(.text)
    RCC_ITConfig                             0x08001123   Thumb Code    26  stm32f10x_rcc.o(.text)
    RCC_USBCLKConfig                         0x0800113d   Thumb Code     6  stm32f10x_rcc.o(.text)
    RCC_ADCCLKConfig                         0x08001143   Thumb Code    18  stm32f10x_rcc.o(.text)
    RCC_LSEConfig                            0x08001155   Thumb Code    44  stm32f10x_rcc.o(.text)
    RCC_LSICmd                               0x08001181   Thumb Code     6  stm32f10x_rcc.o(.text)
    RCC_RTCCLKConfig                         0x08001187   Thumb Code    12  stm32f10x_rcc.o(.text)
    RCC_RTCCLKCmd                            0x08001193   Thumb Code     8  stm32f10x_rcc.o(.text)
    RCC_GetClocksFreq                        0x0800119b   Thumb Code   192  stm32f10x_rcc.o(.text)
    RCC_AHBPeriphClockCmd                    0x0800125b   Thumb Code    26  stm32f10x_rcc.o(.text)
    RCC_APB2PeriphClockCmd                   0x08001275   Thumb Code    26  stm32f10x_rcc.o(.text)
    RCC_APB1PeriphClockCmd                   0x0800128f   Thumb Code    26  stm32f10x_rcc.o(.text)
    RCC_APB2PeriphResetCmd                   0x080012a9   Thumb Code    26  stm32f10x_rcc.o(.text)
    RCC_APB1PeriphResetCmd                   0x080012c3   Thumb Code    26  stm32f10x_rcc.o(.text)
    RCC_BackupResetCmd                       0x080012dd   Thumb Code     8  stm32f10x_rcc.o(.text)
    RCC_ClockSecuritySystemCmd               0x080012e5   Thumb Code     6  stm32f10x_rcc.o(.text)
    RCC_MCOConfig                            0x080012eb   Thumb Code     6  stm32f10x_rcc.o(.text)
    RCC_ClearFlag                            0x080012f1   Thumb Code    14  stm32f10x_rcc.o(.text)
    RCC_GetITStatus                          0x080012ff   Thumb Code    20  stm32f10x_rcc.o(.text)
    RCC_ClearITPendingBit                    0x08001313   Thumb Code     6  stm32f10x_rcc.o(.text)
    SDIO_DeInit                              0x08001345   Thumb Code    28  stm32f10x_sdio.o(.text)
    SDIO_Init                                0x08001361   Thumb Code    42  stm32f10x_sdio.o(.text)
    SDIO_StructInit                          0x0800138b   Thumb Code    16  stm32f10x_sdio.o(.text)
    SDIO_ClockCmd                            0x0800139b   Thumb Code     6  stm32f10x_sdio.o(.text)
    SDIO_SetPowerState                       0x080013a1   Thumb Code    22  stm32f10x_sdio.o(.text)
    SDIO_GetPowerState                       0x080013b7   Thumb Code    10  stm32f10x_sdio.o(.text)
    SDIO_ITConfig                            0x080013c1   Thumb Code    26  stm32f10x_sdio.o(.text)
    SDIO_DMACmd                              0x080013db   Thumb Code     6  stm32f10x_sdio.o(.text)
    SDIO_SendCommand                         0x080013e1   Thumb Code    38  stm32f10x_sdio.o(.text)
    SDIO_CmdStructInit                       0x08001407   Thumb Code    14  stm32f10x_sdio.o(.text)
    SDIO_GetCommandResponse                  0x08001415   Thumb Code     8  stm32f10x_sdio.o(.text)
    SDIO_GetResponse                         0x0800141d   Thumb Code    10  stm32f10x_sdio.o(.text)
    SDIO_DataConfig                          0x08001427   Thumb Code    42  stm32f10x_sdio.o(.text)
    SDIO_DataStructInit                      0x08001451   Thumb Code    20  stm32f10x_sdio.o(.text)
    SDIO_GetDataCounter                      0x08001465   Thumb Code     6  stm32f10x_sdio.o(.text)
    SDIO_ReadData                            0x0800146b   Thumb Code     6  stm32f10x_sdio.o(.text)
    SDIO_WriteData                           0x08001471   Thumb Code     6  stm32f10x_sdio.o(.text)
    SDIO_GetFIFOCount                        0x08001477   Thumb Code     6  stm32f10x_sdio.o(.text)
    SDIO_StartSDIOReadWait                   0x0800147d   Thumb Code     8  stm32f10x_sdio.o(.text)
    SDIO_StopSDIOReadWait                    0x08001485   Thumb Code     8  stm32f10x_sdio.o(.text)
    SDIO_SetSDIOReadWaitMode                 0x0800148d   Thumb Code     8  stm32f10x_sdio.o(.text)
    SDIO_SetSDIOOperation                    0x08001495   Thumb Code     8  stm32f10x_sdio.o(.text)
    SDIO_SendSDIOSuspendCmd                  0x0800149d   Thumb Code     6  stm32f10x_sdio.o(.text)
    SDIO_CommandCompletionCmd                0x080014a3   Thumb Code     6  stm32f10x_sdio.o(.text)
    SDIO_CEATAITCmd                          0x080014a9   Thumb Code    10  stm32f10x_sdio.o(.text)
    SDIO_SendCEATACmd                        0x080014b3   Thumb Code     6  stm32f10x_sdio.o(.text)
    SDIO_GetFlagStatus                       0x080014b9   Thumb Code    20  stm32f10x_sdio.o(.text)
    SDIO_ClearFlag                           0x080014cd   Thumb Code     6  stm32f10x_sdio.o(.text)
    SDIO_GetITStatus                         0x080014d3   Thumb Code    20  stm32f10x_sdio.o(.text)
    SDIO_ClearITPendingBit                   0x080014e7   Thumb Code     6  stm32f10x_sdio.o(.text)
    SystemInit                               0x080015f3   Thumb Code    68  system_stm32f10x.o(.text)
    NVIC_Configuration                       0x08001649   Thumb Code    38  main.o(.text)
    main                                     0x0800166f   Thumb Code   172  main.o(.text)
    NMIException                             0x08001735   Thumb Code     2  stm32f10x_it.o(.text)
    HardFaultException                       0x08001737   Thumb Code     2  stm32f10x_it.o(.text)
    MemManageException                       0x08001739   Thumb Code     4  stm32f10x_it.o(.text)
    BusFaultException                        0x0800173d   Thumb Code     4  stm32f10x_it.o(.text)
    UsageFaultException                      0x08001741   Thumb Code     4  stm32f10x_it.o(.text)
    DebugMonitor                             0x08001745   Thumb Code     2  stm32f10x_it.o(.text)
    SVCHandler                               0x08001747   Thumb Code     2  stm32f10x_it.o(.text)
    PendSVC                                  0x08001749   Thumb Code     2  stm32f10x_it.o(.text)
    SysTickHandler                           0x0800174b   Thumb Code     2  stm32f10x_it.o(.text)
    WWDG_IRQHandler                          0x0800174d   Thumb Code     2  stm32f10x_it.o(.text)
    PVD_IRQHandler                           0x0800174f   Thumb Code     2  stm32f10x_it.o(.text)
    TAMPER_IRQHandler                        0x08001751   Thumb Code     2  stm32f10x_it.o(.text)
    RTC_IRQHandler                           0x08001753   Thumb Code     2  stm32f10x_it.o(.text)
    FLASH_IRQHandler                         0x08001755   Thumb Code     2  stm32f10x_it.o(.text)
    RCC_IRQHandler                           0x08001757   Thumb Code     2  stm32f10x_it.o(.text)
    EXTI0_IRQHandler                         0x08001759   Thumb Code    22  stm32f10x_it.o(.text)
    EXTI1_IRQHandler                         0x0800176f   Thumb Code     2  stm32f10x_it.o(.text)
    EXTI2_IRQHandler                         0x08001771   Thumb Code     2  stm32f10x_it.o(.text)
    EXTI3_IRQHandler                         0x08001773   Thumb Code     2  stm32f10x_it.o(.text)
    EXTI4_IRQHandler                         0x08001775   Thumb Code     2  stm32f10x_it.o(.text)
    DMA1_Channel1_IRQHandler                 0x08001777   Thumb Code     2  stm32f10x_it.o(.text)
    DMA1_Channel2_IRQHandler                 0x08001779   Thumb Code     2  stm32f10x_it.o(.text)
    DMA1_Channel3_IRQHandler                 0x0800177b   Thumb Code     2  stm32f10x_it.o(.text)
    DMA1_Channel4_IRQHandler                 0x0800177d   Thumb Code     2  stm32f10x_it.o(.text)
    DMA1_Channel5_IRQHandler                 0x0800177f   Thumb Code     2  stm32f10x_it.o(.text)
    DMA1_Channel6_IRQHandler                 0x08001781   Thumb Code     2  stm32f10x_it.o(.text)
    DMA1_Channel7_IRQHandler                 0x08001783   Thumb Code     2  stm32f10x_it.o(.text)
    ADC1_2_IRQHandler                        0x08001785   Thumb Code     2  stm32f10x_it.o(.text)
    USB_HP_CAN_TX_IRQHandler                 0x08001787   Thumb Code     2  stm32f10x_it.o(.text)
    USB_LP_CAN_RX0_IRQHandler                0x08001789   Thumb Code     2  stm32f10x_it.o(.text)
    CAN_RX1_IRQHandler                       0x0800178b   Thumb Code     2  stm32f10x_it.o(.text)
    CAN_SCE_IRQHandler                       0x0800178d   Thumb Code     2  stm32f10x_it.o(.text)
    EXTI9_5_IRQHandler                       0x0800178f   Thumb Code     2  stm32f10x_it.o(.text)
    TIM1_BRK_IRQHandler                      0x08001791   Thumb Code     2  stm32f10x_it.o(.text)
    TIM1_UP_IRQHandler                       0x08001793   Thumb Code     2  stm32f10x_it.o(.text)
    TIM1_TRG_COM_IRQHandler                  0x08001795   Thumb Code     2  stm32f10x_it.o(.text)
    TIM1_CC_IRQHandler                       0x08001797   Thumb Code     2  stm32f10x_it.o(.text)
    TIM2_IRQHandler                          0x08001799   Thumb Code     2  stm32f10x_it.o(.text)
    TIM3_IRQHandler                          0x0800179b   Thumb Code     2  stm32f10x_it.o(.text)
    TIM4_IRQHandler                          0x0800179d   Thumb Code     2  stm32f10x_it.o(.text)
    I2C1_EV_IRQHandler                       0x0800179f   Thumb Code     2  stm32f10x_it.o(.text)
    I2C1_ER_IRQHandler                       0x080017a1   Thumb Code     2  stm32f10x_it.o(.text)
    I2C2_EV_IRQHandler                       0x080017a3   Thumb Code     2  stm32f10x_it.o(.text)
    I2C2_ER_IRQHandler                       0x080017a5   Thumb Code     2  stm32f10x_it.o(.text)
    SPI1_IRQHandler                          0x080017a7   Thumb Code     2  stm32f10x_it.o(.text)
    SPI2_IRQHandler                          0x080017a9   Thumb Code     2  stm32f10x_it.o(.text)
    USART1_IRQHandler                        0x080017ab   Thumb Code     2  stm32f10x_it.o(.text)
    USART2_IRQHandler                        0x080017ad   Thumb Code     2  stm32f10x_it.o(.text)
    USART3_IRQHandler                        0x080017af   Thumb Code     2  stm32f10x_it.o(.text)
    EXTI15_10_IRQHandler                     0x080017b1   Thumb Code     2  stm32f10x_it.o(.text)
    RTCAlarm_IRQHandler                      0x080017b3   Thumb Code     2  stm32f10x_it.o(.text)
    USBWakeUp_IRQHandler                     0x080017b5   Thumb Code     2  stm32f10x_it.o(.text)
    TIM8_BRK_IRQHandler                      0x080017b7   Thumb Code     2  stm32f10x_it.o(.text)
    TIM8_UP_IRQHandler                       0x080017b9   Thumb Code     2  stm32f10x_it.o(.text)
    TIM8_TRG_COM_IRQHandler                  0x080017bb   Thumb Code     2  stm32f10x_it.o(.text)
    TIM8_CC_IRQHandler                       0x080017bd   Thumb Code     2  stm32f10x_it.o(.text)
    ADC3_IRQHandler                          0x080017bf   Thumb Code     2  stm32f10x_it.o(.text)
    FSMC_IRQHandler                          0x080017c1   Thumb Code     2  stm32f10x_it.o(.text)
    SDIO_IRQHandler                          0x080017c3   Thumb Code     2  stm32f10x_it.o(.text)
    TIM5_IRQHandler                          0x080017c5   Thumb Code     2  stm32f10x_it.o(.text)
    SPI3_IRQHandler                          0x080017c7   Thumb Code     2  stm32f10x_it.o(.text)
    UART4_IRQHandler                         0x080017c9   Thumb Code     2  stm32f10x_it.o(.text)
    UART5_IRQHandler                         0x080017cb   Thumb Code     2  stm32f10x_it.o(.text)
    TIM6_IRQHandler                          0x080017cd   Thumb Code     2  stm32f10x_it.o(.text)
    TIM7_IRQHandler                          0x080017cf   Thumb Code     2  stm32f10x_it.o(.text)
    DMA2_Channel1_IRQHandler                 0x080017d1   Thumb Code     2  stm32f10x_it.o(.text)
    DMA2_Channel2_IRQHandler                 0x080017d3   Thumb Code     2  stm32f10x_it.o(.text)
    DMA2_Channel3_IRQHandler                 0x080017d5   Thumb Code     2  stm32f10x_it.o(.text)
    DMA2_Channel4_5_IRQHandler               0x080017d7   Thumb Code     2  stm32f10x_it.o(.text)
    SD_InitializeCards                       0x080018b3   Thumb Code   300  sdcard.o(.text)
    SD_PowerON                               0x08001bad   Thumb Code   418  sdcard.o(.text)
    SD_Init                                  0x08001dfd   Thumb Code    84  sdcard.o(.text)
    SD_PowerOFF                              0x08001e51   Thumb Code    14  sdcard.o(.text)
    SD_GetCardInfo                           0x08001e5f   Thumb Code   784  sdcard.o(.text)
    SD_EnableWideBusOperation                0x0800240b   Thumb Code   178  sdcard.o(.text)
    SD_SetDeviceMode                         0x080024bd   Thumb Code    24  sdcard.o(.text)
    SD_SelectDeselect                        0x080024d5   Thumb Code    48  sdcard.o(.text)
    SD_ReadBlock                             0x0800256d   Thumb Code   568  sdcard.o(.text)
    SD_ReadMultiBlocks                       0x080027a5   Thumb Code   778  sdcard.o(.text)
    SD_WriteBlock                            0x08002c91   Thumb Code   906  sdcard.o(.text)
    SD_WriteMultiBlocks                      0x0800301b   Thumb Code  1020  sdcard.o(.text)
    SD_GetTransferState                      0x08003417   Thumb Code    18  sdcard.o(.text)
    SD_StopTransfer                          0x08003429   Thumb Code    46  sdcard.o(.text)
    SD_Erase                                 0x08003457   Thumb Code   360  sdcard.o(.text)
    SD_SendStatus                            0x080035bf   Thumb Code    76  sdcard.o(.text)
    SD_SendSDStatus                          0x0800360b   Thumb Code   416  sdcard.o(.text)
    SD_ProcessIRQSrc                         0x080037ab   Thumb Code   606  sdcard.o(.text)
    EPD_PowerOn                              0x08003d77   Thumb Code    62  gde043a2.o(.text)
    EPD_PowerOff                             0x08003db5   Thumb Code    62  gde043a2.o(.text)
    epd_init                                 0x08003df3   Thumb Code   178  gde043a2.o(.text)
    epd_led                                  0x08003ea5   Thumb Code    30  gde043a2.o(.text)
    epd_set_direction                        0x08003ec3   Thumb Code    60  gde043a2.o(.text)
    epd_get_direction                        0x08003eff   Thumb Code     6  gde043a2.o(.text)
    epd_clear                                0x08003f05   Thumb Code    62  gde043a2.o(.text)
    epd_update                               0x08003f43   Thumb Code   290  gde043a2.o(.text)
    epd_draw_pixel                           0x08004065   Thumb Code   116  gde043a2.o(.text)
    epd_get_pixel                            0x080040d9   Thumb Code    82  gde043a2.o(.text)
    FSMC_SRAM_Init                           0x08004149   Thumb Code   242  fsmc_sram.o(.text)
    FSMC_NAND_Init                           0x08004251   Thumb Code   174  fsmc_nand.o(.text)
    FSMC_NAND_ReadID                         0x080042ff   Thumb Code    36  fsmc_nand.o(.text)
    FSMC_NAND_AddressIncrement               0x08004323   Thumb Code    56  fsmc_nand.o(.text)
    FSMC_NAND_ReadStatus                     0x0800435b   Thumb Code    40  fsmc_nand.o(.text)
    FSMC_NAND_GetStatus                      0x08004383   Thumb Code    42  fsmc_nand.o(.text)
    FSMC_NAND_WriteSmallPage                 0x080043ad   Thumb Code   176  fsmc_nand.o(.text)
    FSMC_NAND_ReadSmallPage                  0x0800445d   Thumb Code   166  fsmc_nand.o(.text)
    FSMC_NAND_WriteSpareArea                 0x08004503   Thumb Code   164  fsmc_nand.o(.text)
    FSMC_NAND_ReadSpareArea                  0x080045a7   Thumb Code   152  fsmc_nand.o(.text)
    FSMC_NAND_EraseBlock                     0x0800463f   Thumb Code    92  fsmc_nand.o(.text)
    FSMC_NAND_Reset                          0x0800469b   Thumb Code    10  fsmc_nand.o(.text)
    nand_init                                0x080046a5   Thumb Code    20  fsmc_nand.o(.text)
    FSMC_NAND_Test                           0x080046b9   Thumb Code   126  fsmc_nand.o(.text)
    get_cpu_id                               0x08004781   Thumb Code    20  protocol.o(.text)
    epd_hard_init                            0x08004795   Thumb Code   138  protocol.o(.text)
    cm3_systick_init                         0x08004835   Thumb Code    40  arm_cortex_m.o(.text)
    CM3_SysTickCalculate                     0x0800485d   Thumb Code    56  arm_cortex_m.o(.text)
    CM3_SysTickInit                          0x08004895   Thumb Code    28  arm_cortex_m.o(.text)
    CM3_SysTickDelayUS                       0x080048b1   Thumb Code    72  arm_cortex_m.o(.text)
    CM3_SysTickDelayMS                       0x080048f9   Thumb Code    40  arm_cortex_m.o(.text)
    fs_open                                  0x0800499f   Thumb Code   224  nand_fs.o(.text)
    fs_lseek                                 0x08004a7f   Thumb Code     8  nand_fs.o(.text)
    fs_read                                  0x08004a87   Thumb Code   368  nand_fs.o(.text)
    load_font                                0x08004bf7   Thumb Code   552  nand_fs.o(.text)
    load_bitmap                              0x08004e1f   Thumb Code   370  nand_fs.o(.text)
    TDes                                     0x0800607b   Thumb Code   268  des.o(.text)
    gui_init                                 0x08006189   Thumb Code    40  gui.o(.text)
    gui_set_drawmode                         0x080061b1   Thumb Code     6  gui.o(.text)
    gui_drawarc                              0x0800657b   Thumb Code   304  gui_base.o(.text)
    gui_clear                                0x080066ab   Thumb Code    14  gui_base.o(.text)
    gui_drawpixel                            0x080066b9   Thumb Code    20  gui_base.o(.text)
    gui_getpixel                             0x080066cd   Thumb Code    22  gui_base.o(.text)
    gui_drawline                             0x080066e3   Thumb Code    92  gui_base.o(.text)
    gui_fillrect                             0x0800673f   Thumb Code    28  gui_base.o(.text)
    gui_draw_bitmap                          0x0800675b   Thumb Code    34  gui_base.o(.text)
    gui_color2index_565                      0x08006781   Thumb Code   110  gui_color.o(.text)
    gui_index2color_565                      0x080067ef   Thumb Code   142  gui_color.o(.text)
    gui_get_text_wh                          0x08006911   Thumb Code   262  gui_font.o(.text)
    gui_disp_utf8_at                         0x08006a17   Thumb Code   148  gui_font.o(.text)
    gui_disp_utf16_at                        0x08006aab   Thumb Code   398  gui_font.o(.text)
    gui_dispstr_at                           0x08006c39   Thumb Code   192  gui_font.o(.text)
    gui_set_font                             0x08006cf9   Thumb Code     8  gui_font.o(.text)
    gui_get_font_high                        0x08006d01   Thumb Code    12  gui_font.o(.text)
    lcd_l0_setpixel                          0x08006d11   Thumb Code    20  lcd_l0.o(.text)
    lcd_l0_init                              0x08006dd3   Thumb Code     8  lcd_l0.o(.text)
    lcd_l0_getpixel                          0x08006ddb   Thumb Code    20  lcd_l0.o(.text)
    lcd_l0_draw_hline                        0x08006def   Thumb Code    74  lcd_l0.o(.text)
    lcd_l0_draw_vline                        0x08006e39   Thumb Code    74  lcd_l0.o(.text)
    lcd_l0_fillrect                          0x08006e83   Thumb Code    76  lcd_l0.o(.text)
    lcd_l0_drawbitmap                        0x08006ecf   Thumb Code    80  lcd_l0.o(.text)
    clust2sect                               0x080070df   Thumb Code    26  ff.o(.text)
    get_fat                                  0x080070f9   Thumb Code   242  ff.o(.text)
    put_fat                                  0x080071eb   Thumb Code   326  ff.o(.text)
    f_mount                                  0x08007ed1   Thumb Code    86  ff.o(.text)
    f_open                                   0x08007f27   Thumb Code   350  ff.o(.text)
    f_read                                   0x08008085   Thumb Code   436  ff.o(.text)
    f_write                                  0x08008239   Thumb Code   472  ff.o(.text)
    f_sync                                   0x08008411   Thumb Code   174  ff.o(.text)
    f_close                                  0x080084bf   Thumb Code    32  ff.o(.text)
    f_lseek                                  0x080084df   Thumb Code   382  ff.o(.text)
    f_opendir                                0x0800865d   Thumb Code   110  ff.o(.text)
    f_closedir                               0x080086cb   Thumb Code    22  ff.o(.text)
    f_readdir                                0x080086e1   Thumb Code    88  ff.o(.text)
    f_stat                                   0x08008739   Thumb Code    60  ff.o(.text)
    f_getfree                                0x08008775   Thumb Code   258  ff.o(.text)
    f_truncate                               0x08008877   Thumb Code   184  ff.o(.text)
    f_unlink                                 0x0800892f   Thumb Code   170  ff.o(.text)
    f_mkdir                                  0x080089d9   Thumb Code   352  ff.o(.text)
    f_chmod                                  0x08008b39   Thumb Code    84  ff.o(.text)
    f_rename                                 0x08008b8d   Thumb Code   258  ff.o(.text)
    f_utime                                  0x08008c8f   Thumb Code    86  ff.o(.text)
    disk_initialize                          0x08008ce5   Thumb Code   152  diskio.o(.text)
    disk_status                              0x08008d7d   Thumb Code    12  diskio.o(.text)
    disk_read                                0x08008d89   Thumb Code   128  diskio.o(.text)
    disk_write                               0x08008e09   Thumb Code   128  diskio.o(.text)
    disk_ioctl                               0x08008e89   Thumb Code   114  diskio.o(.text)
    get_fattime                              0x08008efb   Thumb Code     4  diskio.o(.text)
    __2printf                                0x08008f05   Thumb Code    20  noretval__2printf.o(.text)
    __printf                                 0x08008f1d   Thumb Code   104  __printf.o(.text)
    _printf_int_hex                          0x08008f85   Thumb Code    88  _printf_hex_int.o(.text)
    _printf_longlong_hex                     0x08008f85   Thumb Code     0  _printf_hex_int.o(.text)
    memcmp                                   0x08008fe1   Thumb Code    88  memcmp.o(.text)
    strcpy                                   0x08009039   Thumb Code    72  strcpy.o(.text)
    strrchr                                  0x08009081   Thumb Code    22  strrchr.o(.text)
    strlen                                   0x08009097   Thumb Code    62  strlen.o(.text)
    __aeabi_memcpy                           0x080090d5   Thumb Code     0  rt_memcpy_v6.o(.text)
    __rt_memcpy                              0x080090d5   Thumb Code   138  rt_memcpy_v6.o(.text)
    _memcpy_lastbytes                        0x0800913b   Thumb Code     0  rt_memcpy_v6.o(.text)
    __aeabi_memcpy4                          0x0800915f   Thumb Code     0  rt_memcpy_w.o(.text)
    __aeabi_memcpy8                          0x0800915f   Thumb Code     0  rt_memcpy_w.o(.text)
    __rt_memcpy_w                            0x0800915f   Thumb Code   100  rt_memcpy_w.o(.text)
    _memcpy_lastbytes_aligned                0x080091a7   Thumb Code     0  rt_memcpy_w.o(.text)
    strcmp                                   0x080091c5   Thumb Code   128  strcmpv7m.o(.text)
    __use_two_region_memory                  0x08009245   Thumb Code     2  heapauxi.o(.text)
    __rt_heap_escrow                         0x08009247   Thumb Code     2  heapauxi.o(.text)
    __rt_heap_expand                         0x08009249   Thumb Code     2  heapauxi.o(.text)
    __read_errno                             0x0800924b   Thumb Code    10  _rserrno.o(.text)
    __set_errno                              0x08009255   Thumb Code    12  _rserrno.o(.text)
    _printf_int_common                       0x08009261   Thumb Code   184  _printf_intcommon.o(.text)
    _printf_char_file                        0x08009319   Thumb Code    32  _printf_char_file.o(.text)
    __aeabi_memclr4                          0x0800933d   Thumb Code     0  rt_memclr_w.o(.text)
    __aeabi_memclr8                          0x0800933d   Thumb Code     0  rt_memclr_w.o(.text)
    __rt_memclr_w                            0x0800933d   Thumb Code    78  rt_memclr_w.o(.text)
    _memset_w                                0x08009341   Thumb Code     0  rt_memclr_w.o(.text)
    __aeabi_errno_addr                       0x0800938d   Thumb Code     8  rt_errno_addr_intlibspace.o(.text)
    __errno$intlibspace                      0x0800938d   Thumb Code     0  rt_errno_addr_intlibspace.o(.text)
    __rt_errno_addr$intlibspace              0x0800938d   Thumb Code     0  rt_errno_addr_intlibspace.o(.text)
    _printf_char_common                      0x0800939f   Thumb Code    32  _printf_char_common.o(.text)
    ferror                                   0x080093c5   Thumb Code     8  ferror.o(.text)
    _initio                                  0x080093cd   Thumb Code   210  initio.o(.text)
    _terminateio                             0x0800949f   Thumb Code    56  initio.o(.text)
    _sys_open                                0x08009505   Thumb Code    20  sys_io.o(.text)
    _sys_close                               0x08009519   Thumb Code    12  sys_io.o(.text)
    _sys_write                               0x08009525   Thumb Code    16  sys_io.o(.text)
    _sys_read                                0x08009535   Thumb Code    14  sys_io.o(.text)
    _sys_istty                               0x08009543   Thumb Code    12  sys_io.o(.text)
    _sys_seek                                0x0800954f   Thumb Code    14  sys_io.o(.text)
    _sys_ensure                              0x0800955d   Thumb Code     2  sys_io.o(.text)
    _sys_flen                                0x0800955f   Thumb Code    12  sys_io.o(.text)
    __user_libspace                          0x0800956d   Thumb Code     8  libspace.o(.text)
    __user_perproc_libspace                  0x0800956d   Thumb Code     0  libspace.o(.text)
    __user_perthread_libspace                0x0800956d   Thumb Code     0  libspace.o(.text)
    __user_setup_stackheap                   0x08009575   Thumb Code    74  sys_stackheap_outer.o(.text)
    free                                     0x080095bf   Thumb Code    78  h1_free.o(.text)
    __flsbuf                                 0x0800960d   Thumb Code   478  flsbuf.o(.text)
    __flsbuf_byte                            0x0800960d   Thumb Code     0  flsbuf.o(.text)
    __flsbuf_wide                            0x0800960d   Thumb Code     0  flsbuf.o(.text)
    setvbuf                                  0x080097eb   Thumb Code    70  setvbuf.o(.text)
    freopen                                  0x08009831   Thumb Code   158  fopen.o(.text)
    fopen                                    0x080098cf   Thumb Code    74  fopen.o(.text)
    _fclose_internal                         0x0800991d   Thumb Code    76  fclose.o(.text)
    fclose                                   0x0800991d   Thumb Code     0  fclose.o(.text)
    exit                                     0x08009969   Thumb Code    12  exit.o(.text)
    __rt_SIGRTRED                            0x08009975   Thumb Code    14  defsig_rtred_outer.o(.text)
    __I$use$semihosting                      0x08009983   Thumb Code     0  use_no_semi.o(.text)
    __use_no_semihosting_swi                 0x08009983   Thumb Code     2  use_no_semi.o(.text)
    __rt_heap_descriptor                     0x08009985   Thumb Code     8  rt_heap_descriptor_intlibspace.o(.text)
    __semihosting_library_function           0x08009985   Thumb Code     0  indicate_semi.o(.text)
    __use_no_heap                            0x0800998d   Thumb Code     2  hguard.o(.text)
    __heap$guard                             0x0800998f   Thumb Code     2  hguard.o(.text)
    _terminate_user_alloc                    0x08009991   Thumb Code     2  init_alloc.o(.text)
    _init_user_alloc                         0x08009993   Thumb Code     2  init_alloc.o(.text)
    __Heap_Full                              0x08009995   Thumb Code    34  init_alloc.o(.text)
    __Heap_Broken                            0x080099b7   Thumb Code     6  init_alloc.o(.text)
    _init_alloc                              0x080099bd   Thumb Code    94  init_alloc.o(.text)
    malloc                                   0x08009a1b   Thumb Code    94  h1_alloc.o(.text)
    _fseek                                   0x08009a79   Thumb Code   242  fseek.o(.text)
    fseek                                    0x08009a79   Thumb Code     0  fseek.o(.text)
    _seterr                                  0x08009b71   Thumb Code    20  stdio.o(.text)
    _writebuf                                0x08009b85   Thumb Code    84  stdio.o(.text)
    _fflush                                  0x08009bd9   Thumb Code    70  stdio.o(.text)
    _deferredlazyseek                        0x08009c1f   Thumb Code    60  stdio.o(.text)
    __sig_exit                               0x08009c61   Thumb Code    10  defsig_exit.o(.text)
    __rt_SIGRTRED_inner                      0x08009c6d   Thumb Code    14  defsig_rtred_inner.o(.text)
    _sys_exit                                0x08009ca1   Thumb Code     8  sys_exit.o(.text)
    __Heap_Initialize                        0x08009cad   Thumb Code    10  h1_init.o(.text)
    __Heap_DescSize                          0x08009cb7   Thumb Code     4  h1_init.o(.text)
    __Heap_ProvideMemory                     0x08009cbb   Thumb Code    52  h1_extend.o(.text)
    _ftell_internal                          0x08009cef   Thumb Code    70  ftell.o(.text)
    ftell                                    0x08009cef   Thumb Code     0  ftell.o(.text)
    __default_signal_display                 0x08009d35   Thumb Code    50  defsig_general.o(.text)
    __rt_SIGRTMEM                            0x08009d67   Thumb Code    14  defsig_rtmem_outer.o(.text)
    _ttywrch                                 0x08009d75   Thumb Code    14  sys_wrch.o(.text)
    __rt_SIGRTMEM_inner                      0x08009d85   Thumb Code    22  defsig_rtmem_inner.o(.text)
    __ARM_fpclassify                         0x08009dd5   Thumb Code    40  fpclassify.o(i.__ARM_fpclassify)
    __ieee754_rem_pio2                       0x08009dfd   Thumb Code   832  rred.o(i.__ieee754_rem_pio2)
    __kernel_cos                             0x0800a185   Thumb Code   230  cos_i.o(i.__kernel_cos)
    __kernel_poly                            0x0800a281   Thumb Code   170  poly.o(i.__kernel_poly)
    __kernel_sin                             0x0800a32d   Thumb Code   224  sin_i.o(i.__kernel_sin)
    __mathlib_dbl_underflow                  0x0800a419   Thumb Code    10  dunder.o(i.__mathlib_dbl_underflow)
    ceil                                     0x0800a429   Thumb Code   204  ceil.o(i.ceil)
    cos                                      0x0800a505   Thumb Code   164  cos.o(i.cos)
    floor                                    0x0800a5b1   Thumb Code   204  floor.o(i.floor)
    fputc                                    0x0800a68d   Thumb Code    26  fputc.o(i.fputc)
    sin                                      0x0800a6a9   Thumb Code   166  sin.o(i.sin)
    __aeabi_d2f                              0x0800a759   Thumb Code     0  d2f.o(x$fpl$d2f)
    _d2f                                     0x0800a759   Thumb Code    98  d2f.o(x$fpl$d2f)
    __aeabi_dadd                             0x0800a7bd   Thumb Code     0  daddsub_clz.o(x$fpl$dadd)
    _dadd                                    0x0800a7bd   Thumb Code   332  daddsub_clz.o(x$fpl$dadd)
    __fpl_dcheck_NaN1                        0x0800a90d   Thumb Code    10  dcheck1.o(x$fpl$dcheck1)
    __fpl_dcmp_Inf                           0x0800a91d   Thumb Code    24  dcmpi.o(x$fpl$dcmpinf)
    __aeabi_ddiv                             0x0800a935   Thumb Code     0  ddiv.o(x$fpl$ddiv)
    _ddiv                                    0x0800a935   Thumb Code   552  ddiv.o(x$fpl$ddiv)
    __aeabi_d2iz                             0x0800abe5   Thumb Code     0  dfix.o(x$fpl$dfix)
    _dfix                                    0x0800abe5   Thumb Code    94  dfix.o(x$fpl$dfix)
    __aeabi_d2uiz                            0x0800ac45   Thumb Code     0  dfixu.o(x$fpl$dfixu)
    _dfixu                                   0x0800ac45   Thumb Code    90  dfixu.o(x$fpl$dfixu)
    __aeabi_i2d                              0x0800ac9f   Thumb Code     0  dflt_clz.o(x$fpl$dflt)
    _dflt                                    0x0800ac9f   Thumb Code    46  dflt_clz.o(x$fpl$dflt)
    __aeabi_ui2d                             0x0800accd   Thumb Code     0  dflt_clz.o(x$fpl$dfltu)
    _dfltu                                   0x0800accd   Thumb Code    38  dflt_clz.o(x$fpl$dfltu)
    __aeabi_cdcmple                          0x0800acf5   Thumb Code     0  dleqf.o(x$fpl$dleqf)
    _dcmple                                  0x0800acf5   Thumb Code   120  dleqf.o(x$fpl$dleqf)
    __fpl_dcmple_InfNaN                      0x0800ad57   Thumb Code     0  dleqf.o(x$fpl$dleqf)
    __aeabi_dmul                             0x0800ad6d   Thumb Code     0  dmul.o(x$fpl$dmul)
    _dmul                                    0x0800ad6d   Thumb Code   332  dmul.o(x$fpl$dmul)
    __fpl_dnaninf                            0x0800aec1   Thumb Code   156  dnaninf.o(x$fpl$dnaninf)
    __fpl_dretinf                            0x0800af5d   Thumb Code    12  dretinf.o(x$fpl$dretinf)
    __aeabi_cdrcmple                         0x0800af69   Thumb Code     0  drleqf.o(x$fpl$drleqf)
    _drcmple                                 0x0800af69   Thumb Code   108  drleqf.o(x$fpl$drleqf)
    __aeabi_drsub                            0x0800afd5   Thumb Code     0  daddsub_clz.o(x$fpl$drsb)
    _drsb                                    0x0800afd5   Thumb Code    22  daddsub_clz.o(x$fpl$drsb)
    __aeabi_dsub                             0x0800afed   Thumb Code     0  daddsub_clz.o(x$fpl$dsub)
    _dsub                                    0x0800afed   Thumb Code   464  daddsub_clz.o(x$fpl$dsub)
    __aeabi_f2d                              0x0800b1c1   Thumb Code     0  f2d.o(x$fpl$f2d)
    _f2d                                     0x0800b1c1   Thumb Code    86  f2d.o(x$fpl$f2d)
    __aeabi_fadd                             0x0800b219   Thumb Code     0  faddsub_clz.o(x$fpl$fadd)
    _fadd                                    0x0800b219   Thumb Code   196  faddsub_clz.o(x$fpl$fadd)
    __fpl_fcmp_Inf                           0x0800b2dd   Thumb Code    24  fcmpi.o(x$fpl$fcmpinf)
    __aeabi_fdiv                             0x0800b2f5   Thumb Code     0  fdiv.o(x$fpl$fdiv)
    _fdiv                                    0x0800b2f5   Thumb Code   384  fdiv.o(x$fpl$fdiv)
    __aeabi_cfcmpeq                          0x0800b479   Thumb Code     0  feqf.o(x$fpl$feqf)
    _fcmpeq                                  0x0800b479   Thumb Code   104  feqf.o(x$fpl$feqf)
    __aeabi_f2iz                             0x0800b4e1   Thumb Code     0  ffix.o(x$fpl$ffix)
    _ffix                                    0x0800b4e1   Thumb Code    54  ffix.o(x$fpl$ffix)
    __aeabi_f2uiz                            0x0800b519   Thumb Code     0  ffixu.o(x$fpl$ffixu)
    _ffixu                                   0x0800b519   Thumb Code    62  ffixu.o(x$fpl$ffixu)
    __aeabi_i2f                              0x0800b559   Thumb Code     0  fflt_clz.o(x$fpl$fflt)
    _fflt                                    0x0800b559   Thumb Code    48  fflt_clz.o(x$fpl$fflt)
    __aeabi_cfcmple                          0x0800b589   Thumb Code     0  fleqf.o(x$fpl$fleqf)
    _fcmple                                  0x0800b589   Thumb Code   104  fleqf.o(x$fpl$fleqf)
    __fpl_fcmple_InfNaN                      0x0800b5db   Thumb Code     0  fleqf.o(x$fpl$fleqf)
    __aeabi_fmul                             0x0800b5f1   Thumb Code     0  fmul.o(x$fpl$fmul)
    _fmul                                    0x0800b5f1   Thumb Code   258  fmul.o(x$fpl$fmul)
    __fpl_fnaninf                            0x0800b6f3   Thumb Code   140  fnaninf.o(x$fpl$fnaninf)
    __fpl_fretinf                            0x0800b77f   Thumb Code    10  fretinf.o(x$fpl$fretinf)
    __aeabi_cfrcmple                         0x0800b789   Thumb Code     0  frleqf.o(x$fpl$frleqf)
    _frcmple                                 0x0800b789   Thumb Code    98  frleqf.o(x$fpl$frleqf)
    __aeabi_fsub                             0x0800b7ed   Thumb Code     0  faddsub_clz.o(x$fpl$fsub)
    _fsub                                    0x0800b7ed   Thumb Code   234  faddsub_clz.o(x$fpl$fsub)
    __fpl_return_NaN                         0x0800b8d7   Thumb Code   100  retnan.o(x$fpl$retnan)
    __ARM_scalbn                             0x0800b93b   Thumb Code    92  scalbn.o(x$fpl$scalbn)
    __fpl_cmpreturn                          0x0800b997   Thumb Code    48  trapv.o(x$fpl$trapveneer)
    __I$use$fp                               0x0800b9c6   Number         0  usenofp.o(x$fpl$usenofp)
    wave_begin                               0x0800b9c6   Data          32  gde043a2.o(.constdata)
    wave_end                                 0x0800b9e6   Data          16  gde043a2.o(.constdata)
    pwd                                      0x0800b9f6   Data          24  protocol.o(.constdata)
    gui_gbk32                                0x0800ba10   Data          32  flash_font.o(.constdata)
    gui_gbk48                                0x0800ba30   Data          32  flash_font.o(.constdata)
    gui_gbk64                                0x0800ba50   Data          32  flash_font.o(.constdata)
    acFont32_ASCII_0020                      0x0800ba70   Data          32  f32.o(.constdata)
    acFont32_ASCII_0021                      0x0800ba90   Data          32  f32.o(.constdata)
    acFont32_ASCII_0022                      0x0800bab0   Data          64  f32.o(.constdata)
    acFont32_ASCII_0023                      0x0800baf0   Data          64  f32.o(.constdata)
    acFont32_ASCII_0024                      0x0800bb30   Data          64  f32.o(.constdata)
    acFont32_ASCII_0025                      0x0800bb70   Data          96  f32.o(.constdata)
    acFont32_ASCII_0026                      0x0800bbd0   Data          96  f32.o(.constdata)
    acFont32_ASCII_0027                      0x0800bc30   Data          32  f32.o(.constdata)
    acFont32_ASCII_0028                      0x0800bc50   Data          64  f32.o(.constdata)
    acFont32_ASCII_0029                      0x0800bc90   Data          64  f32.o(.constdata)
    acFont32_ASCII_002A                      0x0800bcd0   Data          64  f32.o(.constdata)
    acFont32_ASCII_002B                      0x0800bd10   Data          64  f32.o(.constdata)
    acFont32_ASCII_002C                      0x0800bd50   Data          32  f32.o(.constdata)
    acFont32_ASCII_002D                      0x0800bd70   Data          64  f32.o(.constdata)
    acFont32_ASCII_002E                      0x0800bdb0   Data          32  f32.o(.constdata)
    acFont32_ASCII_002F                      0x0800bdd0   Data          32  f32.o(.constdata)
    acFont32_ASCII_0030                      0x0800bdf0   Data          64  f32.o(.constdata)
    acFont32_ASCII_0031                      0x0800be30   Data          64  f32.o(.constdata)
    acFont32_ASCII_0032                      0x0800be70   Data          64  f32.o(.constdata)
    acFont32_ASCII_0033                      0x0800beb0   Data          64  f32.o(.constdata)
    acFont32_ASCII_0034                      0x0800bef0   Data          64  f32.o(.constdata)
    acFont32_ASCII_0035                      0x0800bf30   Data          64  f32.o(.constdata)
    acFont32_ASCII_0036                      0x0800bf70   Data          64  f32.o(.constdata)
    acFont32_ASCII_0037                      0x0800bfb0   Data          64  f32.o(.constdata)
    acFont32_ASCII_0038                      0x0800bff0   Data          64  f32.o(.constdata)
    acFont32_ASCII_0039                      0x0800c030   Data          64  f32.o(.constdata)
    acFont32_ASCII_003A                      0x0800c070   Data          32  f32.o(.constdata)
    acFont32_ASCII_003B                      0x0800c090   Data          32  f32.o(.constdata)
    acFont32_ASCII_003C                      0x0800c0b0   Data          64  f32.o(.constdata)
    acFont32_ASCII_003D                      0x0800c0f0   Data          64  f32.o(.constdata)
    acFont32_ASCII_003E                      0x0800c130   Data          64  f32.o(.constdata)
    acFont32_ASCII_003F                      0x0800c170   Data          64  f32.o(.constdata)
    acFont32_ASCII_0040                      0x0800c1b0   Data         128  f32.o(.constdata)
    acFont32_ASCII_0041                      0x0800c230   Data          96  f32.o(.constdata)
    acFont32_ASCII_0042                      0x0800c290   Data          96  f32.o(.constdata)
    acFont32_ASCII_0043                      0x0800c2f0   Data          96  f32.o(.constdata)
    acFont32_ASCII_0044                      0x0800c350   Data          96  f32.o(.constdata)
    acFont32_ASCII_0045                      0x0800c3b0   Data          96  f32.o(.constdata)
    acFont32_ASCII_0046                      0x0800c410   Data          96  f32.o(.constdata)
    acFont32_ASCII_0047                      0x0800c470   Data          96  f32.o(.constdata)
    acFont32_ASCII_0048                      0x0800c4d0   Data          96  f32.o(.constdata)
    acFont32_ASCII_0049                      0x0800c530   Data          32  f32.o(.constdata)
    acFont32_ASCII_004A                      0x0800c550   Data          64  f32.o(.constdata)
    acFont32_ASCII_004B                      0x0800c590   Data          96  f32.o(.constdata)
    acFont32_ASCII_004C                      0x0800c5f0   Data          64  f32.o(.constdata)
    acFont32_ASCII_004D                      0x0800c630   Data          96  f32.o(.constdata)
    acFont32_ASCII_004E                      0x0800c690   Data          96  f32.o(.constdata)
    acFont32_ASCII_004F                      0x0800c6f0   Data          96  f32.o(.constdata)
    acFont32_ASCII_0050                      0x0800c750   Data          96  f32.o(.constdata)
    acFont32_ASCII_0051                      0x0800c7b0   Data          96  f32.o(.constdata)
    acFont32_ASCII_0052                      0x0800c810   Data          96  f32.o(.constdata)
    acFont32_ASCII_0053                      0x0800c870   Data          96  f32.o(.constdata)
    acFont32_ASCII_0054                      0x0800c8d0   Data          64  f32.o(.constdata)
    acFont32_ASCII_0055                      0x0800c910   Data          96  f32.o(.constdata)
    acFont32_ASCII_0056                      0x0800c970   Data          96  f32.o(.constdata)
    acFont32_ASCII_0057                      0x0800c9d0   Data         128  f32.o(.constdata)
    acFont32_ASCII_0058                      0x0800ca50   Data          96  f32.o(.constdata)
    acFont32_ASCII_0059                      0x0800cab0   Data          96  f32.o(.constdata)
    acFont32_ASCII_005A                      0x0800cb10   Data          96  f32.o(.constdata)
    acFont32_ASCII_005B                      0x0800cb70   Data          32  f32.o(.constdata)
    acFont32_ASCII_005C                      0x0800cb90   Data          32  f32.o(.constdata)
    acFont32_ASCII_005D                      0x0800cbb0   Data          32  f32.o(.constdata)
    acFont32_ASCII_005E                      0x0800cbd0   Data          64  f32.o(.constdata)
    acFont32_ASCII_005F                      0x0800cc10   Data          64  f32.o(.constdata)
    acFont32_ASCII_0060                      0x0800cc50   Data          64  f32.o(.constdata)
    acFont32_ASCII_0061                      0x0800cc90   Data          64  f32.o(.constdata)
    acFont32_ASCII_0062                      0x0800ccd0   Data          64  f32.o(.constdata)
    acFont32_ASCII_0063                      0x0800cd10   Data          64  f32.o(.constdata)
    acFont32_ASCII_0064                      0x0800cd50   Data          64  f32.o(.constdata)
    acFont32_ASCII_0065                      0x0800cd90   Data          64  f32.o(.constdata)
    acFont32_ASCII_0066                      0x0800cdd0   Data          32  f32.o(.constdata)
    acFont32_ASCII_0067                      0x0800cdf0   Data          64  f32.o(.constdata)
    acFont32_ASCII_0068                      0x0800ce30   Data          64  f32.o(.constdata)
    acFont32_ASCII_0069                      0x0800ce70   Data          32  f32.o(.constdata)
    acFont32_ASCII_006A                      0x0800ce90   Data          32  f32.o(.constdata)
    acFont32_ASCII_006B                      0x0800ceb0   Data          64  f32.o(.constdata)
    acFont32_ASCII_006C                      0x0800cef0   Data          32  f32.o(.constdata)
    acFont32_ASCII_006D                      0x0800cf10   Data          96  f32.o(.constdata)
    acFont32_ASCII_006E                      0x0800cf70   Data          64  f32.o(.constdata)
    acFont32_ASCII_006F                      0x0800cfb0   Data          64  f32.o(.constdata)
    acFont32_ASCII_0070                      0x0800cff0   Data          64  f32.o(.constdata)
    acFont32_ASCII_0071                      0x0800d030   Data          64  f32.o(.constdata)
    acFont32_ASCII_0072                      0x0800d070   Data          64  f32.o(.constdata)
    acFont32_ASCII_0073                      0x0800d0b0   Data          64  f32.o(.constdata)
    acFont32_ASCII_0074                      0x0800d0f0   Data          32  f32.o(.constdata)
    acFont32_ASCII_0075                      0x0800d110   Data          64  f32.o(.constdata)
    acFont32_ASCII_0076                      0x0800d150   Data          64  f32.o(.constdata)
    acFont32_ASCII_0077                      0x0800d190   Data          96  f32.o(.constdata)
    acFont32_ASCII_0078                      0x0800d1f0   Data          64  f32.o(.constdata)
    acFont32_ASCII_0079                      0x0800d230   Data          64  f32.o(.constdata)
    acFont32_ASCII_007A                      0x0800d270   Data          64  f32.o(.constdata)
    acFont32_ASCII_007B                      0x0800d2b0   Data          64  f32.o(.constdata)
    acFont32_ASCII_007C                      0x0800d2f0   Data          32  f32.o(.constdata)
    acFont32_ASCII_007D                      0x0800d310   Data          64  f32.o(.constdata)
    acFont32_ASCII_007E                      0x0800d350   Data          64  f32.o(.constdata)
    GUI_Font32_ASCII_CharInfo                0x0800d390   Data        1520  f32.o(.constdata)
    gui_font32                               0x0800d980   Data          32  f32.o(.constdata)
    __stdin_name                             0x0800dae8   Data           4  sys_io.o(.constdata)
    __stdout_name                            0x0800daec   Data           4  sys_io.o(.constdata)
    __stderr_name                            0x0800daf0   Data           4  sys_io.o(.constdata)
    Region$$Table$$Base                      0x0800db14   Number         0  anon$$obj.o(Region$$Table)
    Region$$Table$$Limit                     0x0800db34   Number         0  anon$$obj.o(Region$$Table)
    TransferError                            0x20000028   Data           1  sdcard.o(.data)
    TransferEnd                              0x2000002c   Data           4  sdcard.o(.data)
    NumberOfBytes                            0x20000030   Data           4  sdcard.o(.data)
    SrcBuffer                                0x20000034   Data           4  sdcard.o(.data)
    DestBuffer                               0x20000038   Data           4  sdcard.o(.data)
    memory_mode                              0x20000044   Data           1  protocol.o(.data)
    gui_drawmode                             0x20000050   Data           4  gui.o(.data)
    gui_color                                0x20000054   Data           8  gui.o(.data)
    ptr_gui_font                             0x2000006c   Data           8  gui_font.o(.data)
    __aeabi_stdin                            0x2000007c   Data           4  stdio_streams.o(.data)
    __aeabi_stdout                           0x20000080   Data           4  stdio_streams.o(.data)
    __aeabi_stderr                           0x20000084   Data           4  stdio_streams.o(.data)
    fs                                       0x20000088   Data         560  main.o(.bss)
    SDIO_InitStructure                       0x200002d8   Data          24  sdcard.o(.bss)
    SDIO_CmdInitStructure                    0x200002f0   Data          20  sdcard.o(.bss)
    SDIO_DataInitStructure                   0x20000304   Data          24  sdcard.o(.bss)
    cpu_id                                   0x2000201c   Data          12  protocol.o(.bss)
    write_buff                               0x20002028   Data          64  protocol.o(.bss)
    __stdin                                  0x20003718   Data          84  stdio_streams.o(.bss)
    __stdout                                 0x2000376c   Data          84  stdio_streams.o(.bss)
    __stderr                                 0x200037c0   Data          84  stdio_streams.o(.bss)
    __libspace_start                         0x20003814   Data          96  libspace.o(.bss)
    __temporary_stack_top$libspace           0x20003874   Data           0  libspace.o(.bss)



==============================================================================

Memory Map of the image

  Image Entry point : 0x08000131

  Load Region LR_IROM1 (Base: 0x08000000, Size: 0x0000dbbc, Max: 0x00080000, ABSOLUTE)

    Execution Region ER_IROM1 (Base: 0x08000000, Size: 0x0000db34, Max: 0x00080000, ABSOLUTE)

    Base Addr    Size         Type   Attr      Idx    E Section Name        Object

    0x08000000   0x00000130   Data   RO            3    RESET               startup_stm32f10x_hd.o
    0x08000130   0x00000008   Code   RO         1086  * !!!main             c_w.l(__main.o)
    0x08000138   0x00000034   Code   RO         1561    !!!scatter          c_w.l(__scatter.o)
    0x0800016c   0x0000001a   Code   RO         1563    !!handler_copy      c_w.l(__scatter_copy.o)
    0x08000186   0x00000002   PAD
    0x08000188   0x0000001c   Code   RO         1565    !!handler_zi        c_w.l(__scatter_zi.o)
    0x080001a4   0x00000000   Code   RO         1067    .ARM.Collect$$_printf_percent$$00000000  c_w.l(_printf_percent.o)
    0x080001a4   0x00000006   Code   RO         1066    .ARM.Collect$$_printf_percent$$0000000C  c_w.l(_printf_x.o)
    0x080001aa   0x00000004   Code   RO         1181    .ARM.Collect$$_printf_percent$$00000017  c_w.l(_printf_percent_end.o)
    0x080001ae   0x00000002   Code   RO         1359    .ARM.Collect$$libinit$$00000000  c_w.l(libinit.o)
    0x080001b0   0x00000000   Code   RO         1361    .ARM.Collect$$libinit$$00000002  c_w.l(libinit2.o)
    0x080001b0   0x00000008   Code   RO         1362    .ARM.Collect$$libinit$$00000003  c_w.l(libinit2.o)
    0x080001b8   0x00000000   Code   RO         1364    .ARM.Collect$$libinit$$00000008  c_w.l(libinit2.o)
    0x080001b8   0x00000000   Code   RO         1366    .ARM.Collect$$libinit$$0000000A  c_w.l(libinit2.o)
    0x080001b8   0x00000000   Code   RO         1368    .ARM.Collect$$libinit$$0000000C  c_w.l(libinit2.o)
    0x080001b8   0x00000000   Code   RO         1371    .ARM.Collect$$libinit$$0000000F  c_w.l(libinit2.o)
    0x080001b8   0x00000000   Code   RO         1373    .ARM.Collect$$libinit$$00000011  c_w.l(libinit2.o)
    0x080001b8   0x00000000   Code   RO         1375    .ARM.Collect$$libinit$$00000013  c_w.l(libinit2.o)
    0x080001b8   0x00000000   Code   RO         1377    .ARM.Collect$$libinit$$00000015  c_w.l(libinit2.o)
    0x080001b8   0x00000000   Code   RO         1379    .ARM.Collect$$libinit$$00000017  c_w.l(libinit2.o)
    0x080001b8   0x00000000   Code   RO         1381    .ARM.Collect$$libinit$$00000019  c_w.l(libinit2.o)
    0x080001b8   0x00000000   Code   RO         1383    .ARM.Collect$$libinit$$0000001B  c_w.l(libinit2.o)
    0x080001b8   0x00000000   Code   RO         1385    .ARM.Collect$$libinit$$0000001D  c_w.l(libinit2.o)
    0x080001b8   0x00000000   Code   RO         1387    .ARM.Collect$$libinit$$0000001F  c_w.l(libinit2.o)
    0x080001b8   0x00000000   Code   RO         1389    .ARM.Collect$$libinit$$00000021  c_w.l(libinit2.o)
    0x080001b8   0x00000004   Code   RO         1390    .ARM.Collect$$libinit$$00000022  c_w.l(libinit2.o)
    0x080001bc   0x00000000   Code   RO         1391    .ARM.Collect$$libinit$$00000023  c_w.l(libinit2.o)
    0x080001bc   0x00000000   Code   RO         1395    .ARM.Collect$$libinit$$0000002A  c_w.l(libinit2.o)
    0x080001bc   0x00000000   Code   RO         1397    .ARM.Collect$$libinit$$0000002C  c_w.l(libinit2.o)
    0x080001bc   0x00000000   Code   RO         1399    .ARM.Collect$$libinit$$0000002E  c_w.l(libinit2.o)
    0x080001bc   0x00000000   Code   RO         1401    .ARM.Collect$$libinit$$00000030  c_w.l(libinit2.o)
    0x080001bc   0x00000002   Code   RO         1402    .ARM.Collect$$libinit$$00000031  c_w.l(libinit2.o)
    0x080001be   0x00000002   Code   RO         1540    .ARM.Collect$$libshutdown$$00000000  c_w.l(libshutdown.o)
    0x080001c0   0x00000004   Code   RO         1404    .ARM.Collect$$libshutdown$$00000002  c_w.l(libshutdown2.o)
    0x080001c4   0x00000000   Code   RO         1405    .ARM.Collect$$libshutdown$$00000003  c_w.l(libshutdown2.o)
    0x080001c4   0x00000000   Code   RO         1408    .ARM.Collect$$libshutdown$$00000006  c_w.l(libshutdown2.o)
    0x080001c4   0x00000000   Code   RO         1411    .ARM.Collect$$libshutdown$$00000009  c_w.l(libshutdown2.o)
    0x080001c4   0x00000000   Code   RO         1413    .ARM.Collect$$libshutdown$$0000000B  c_w.l(libshutdown2.o)
    0x080001c4   0x00000000   Code   RO         1416    .ARM.Collect$$libshutdown$$0000000E  c_w.l(libshutdown2.o)
    0x080001c4   0x00000002   Code   RO         1417    .ARM.Collect$$libshutdown$$0000000F  c_w.l(libshutdown2.o)
    0x080001c6   0x00000000   Code   RO         1174    .ARM.Collect$$rtentry$$00000000  c_w.l(rtentry.o)
    0x080001c6   0x00000000   Code   RO         1220    .ARM.Collect$$rtentry$$00000002  c_w.l(rtentry2.o)
    0x080001c6   0x00000006   Code   RO         1232    .ARM.Collect$$rtentry$$00000004  c_w.l(rtentry4.o)
    0x080001cc   0x00000000   Code   RO         1222    .ARM.Collect$$rtentry$$00000009  c_w.l(rtentry2.o)
    0x080001cc   0x00000004   Code   RO         1223    .ARM.Collect$$rtentry$$0000000A  c_w.l(rtentry2.o)
    0x080001d0   0x00000000   Code   RO         1225    .ARM.Collect$$rtentry$$0000000C  c_w.l(rtentry2.o)
    0x080001d0   0x00000008   Code   RO         1226    .ARM.Collect$$rtentry$$0000000D  c_w.l(rtentry2.o)
    0x080001d8   0x00000002   Code   RO         1427    .ARM.Collect$$rtexit$$00000000  c_w.l(rtexit.o)
    0x080001da   0x00000000   Code   RO         1483    .ARM.Collect$$rtexit$$00000002  c_w.l(rtexit2.o)
    0x080001da   0x00000004   Code   RO         1484    .ARM.Collect$$rtexit$$00000003  c_w.l(rtexit2.o)
    0x080001de   0x00000006   Code   RO         1485    .ARM.Collect$$rtexit$$00000004  c_w.l(rtexit2.o)
    0x080001e4   0x00000000   Code   RO         1489    .emb_text           c_w.l(maybetermalloc1.o)
    0x080001e4   0x00000048   Code   RO            4    .text               startup_stm32f10x_hd.o
    0x0800022c   0x000000dc   Code   RO           10    .text               misc.o
    0x08000308   0x0000023c   Code   RO          153    .text               stm32f10x_dma.o
    0x08000544   0x00000124   Code   RO          168    .text               stm32f10x_exti.o
    0x08000668   0x00000610   Code   RO          198    .text               stm32f10x_fsmc.o
    0x08000c78   0x0000032c   Code   RO          213    .text               stm32f10x_gpio.o
    0x08000fa4   0x000003a0   Code   RO          273    .text               stm32f10x_rcc.o
    0x08001344   0x000001cc   Code   RO          305    .text               stm32f10x_sdio.o
    0x08001510   0x00000138   Code   RO          380    .text               system_stm32f10x.o
    0x08001648   0x000000ec   Code   RO          419    .text               main.o
    0x08001734   0x000000a4   Code   RO          539    .text               stm32f10x_it.o
    0x080017d8   0x00002238   Code   RO          554    .text               sdcard.o
    0x08003a10   0x00000738   Code   RO          570    .text               gde043a2.o
    0x08004148   0x00000108   Code   RO          587    .text               fsmc_sram.o
    0x08004250   0x00000530   Code   RO          608    .text               fsmc_nand.o
    0x08004780   0x000000b4   Code   RO          622    .text               protocol.o
    0x08004834   0x000000fc   Code   RO          643    .text               arm_cortex_m.o
    0x08004930   0x00000684   Code   RO          690    .text               nand_fs.o
    0x08004fb4   0x000011d2   Code   RO          704    .text               des.o
    0x08006186   0x00000002   PAD
    0x08006188   0x00000040   Code   RO          716    .text               gui.o
    0x080061c8   0x000005b8   Code   RO          766    .text               gui_base.o
    0x08006780   0x0000010c   Code   RO          823    .text               gui_color.o
    0x0800688c   0x00000484   Code   RO          835    .text               gui_font.o
    0x08006d10   0x00000218   Code   RO          912    .text               lcd_l0.o
    0x08006f28   0x00001dbc   Code   RO          983    .text               ff.o
    0x08008ce4   0x00000220   Code   RO         1000    .text               diskio.o
    0x08008f04   0x00000018   Code   RO         1021    .text               c_w.l(noretval__2printf.o)
    0x08008f1c   0x00000068   Code   RO         1023    .text               c_w.l(__printf.o)
    0x08008f84   0x0000005c   Code   RO         1028    .text               c_w.l(_printf_hex_int.o)
    0x08008fe0   0x00000058   Code   RO         1068    .text               c_w.l(memcmp.o)
    0x08009038   0x00000048   Code   RO         1070    .text               c_w.l(strcpy.o)
    0x08009080   0x00000016   Code   RO         1072    .text               c_w.l(strrchr.o)
    0x08009096   0x0000003e   Code   RO         1074    .text               c_w.l(strlen.o)
    0x080090d4   0x0000008a   Code   RO         1076    .text               c_w.l(rt_memcpy_v6.o)
    0x0800915e   0x00000064   Code   RO         1078    .text               c_w.l(rt_memcpy_w.o)
    0x080091c2   0x00000002   PAD
    0x080091c4   0x00000080   Code   RO         1082    .text               c_w.l(strcmpv7m.o)
    0x08009244   0x00000006   Code   RO         1084    .text               c_w.l(heapauxi.o)
    0x0800924a   0x00000016   Code   RO         1175    .text               c_w.l(_rserrno.o)
    0x08009260   0x000000b8   Code   RO         1177    .text               c_w.l(_printf_intcommon.o)
    0x08009318   0x00000024   Code   RO         1179    .text               c_w.l(_printf_char_file.o)
    0x0800933c   0x0000004e   Code   RO         1188    .text               c_w.l(rt_memclr_w.o)
    0x0800938a   0x00000002   PAD
    0x0800938c   0x00000008   Code   RO         1237    .text               c_w.l(rt_errno_addr_intlibspace.o)
    0x08009394   0x00000030   Code   RO         1239    .text               c_w.l(_printf_char_common.o)
    0x080093c4   0x00000008   Code   RO         1241    .text               c_w.l(ferror.o)
    0x080093cc   0x00000138   Code   RO         1247    .text               c_w.l(initio.o)
    0x08009504   0x00000066   Code   RO         1265    .text               c_w.l(sys_io.o)
    0x0800956a   0x00000002   PAD
    0x0800956c   0x00000008   Code   RO         1270    .text               c_w.l(libspace.o)
    0x08009574   0x0000004a   Code   RO         1275    .text               c_w.l(sys_stackheap_outer.o)
    0x080095be   0x0000004e   Code   RO         1279    .text               c_w.l(h1_free.o)
    0x0800960c   0x000001de   Code   RO         1335    .text               c_w.l(flsbuf.o)
    0x080097ea   0x00000046   Code   RO         1337    .text               c_w.l(setvbuf.o)
    0x08009830   0x000000ec   Code   RO         1340    .text               c_w.l(fopen.o)
    0x0800991c   0x0000004c   Code   RO         1342    .text               c_w.l(fclose.o)
    0x08009968   0x0000000c   Code   RO         1348    .text               c_w.l(exit.o)
    0x08009974   0x0000000e   Code   RO         1350    .text               c_w.l(defsig_rtred_outer.o)
    0x08009982   0x00000002   Code   RO         1424    .text               c_w.l(use_no_semi.o)
    0x08009984   0x00000000   Code   RO         1426    .text               c_w.l(indicate_semi.o)
    0x08009984   0x00000008   Code   RO         1434    .text               c_w.l(rt_heap_descriptor_intlibspace.o)
    0x0800998c   0x00000004   Code   RO         1436    .text               c_w.l(hguard.o)
    0x08009990   0x0000008a   Code   RO         1438    .text               c_w.l(init_alloc.o)
    0x08009a1a   0x0000005e   Code   RO         1444    .text               c_w.l(h1_alloc.o)
    0x08009a78   0x000000f8   Code   RO         1460    .text               c_w.l(fseek.o)
    0x08009b70   0x000000f0   Code   RO         1462    .text               c_w.l(stdio.o)
    0x08009c60   0x0000000a   Code   RO         1468    .text               c_w.l(defsig_exit.o)
    0x08009c6a   0x00000002   PAD
    0x08009c6c   0x00000034   Code   RO         1470    .text               c_w.l(defsig_rtred_inner.o)
    0x08009ca0   0x0000000c   Code   RO         1480    .text               c_w.l(sys_exit.o)
    0x08009cac   0x0000000e   Code   RO         1491    .text               c_w.l(h1_init.o)
    0x08009cba   0x00000034   Code   RO         1493    .text               c_w.l(h1_extend.o)
    0x08009cee   0x00000046   Code   RO         1503    .text               c_w.l(ftell.o)
    0x08009d34   0x00000032   Code   RO         1511    .text               c_w.l(defsig_general.o)
    0x08009d66   0x0000000e   Code   RO         1513    .text               c_w.l(defsig_rtmem_outer.o)
    0x08009d74   0x0000000e   Code   RO         1526    .text               c_w.l(sys_wrch.o)
    0x08009d82   0x00000002   PAD
    0x08009d84   0x00000050   Code   RO         1534    .text               c_w.l(defsig_rtmem_inner.o)
    0x08009dd4   0x00000028   Code   RO         1261    i.__ARM_fpclassify  m_ws.l(fpclassify.o)
    0x08009dfc   0x00000388   Code   RO         1208    i.__ieee754_rem_pio2  m_ws.l(rred.o)
    0x0800a184   0x000000fc   Code   RO         1205    i.__kernel_cos      m_ws.l(cos_i.o)
    0x0800a280   0x000000aa   Code   RO         1263    i.__kernel_poly     m_ws.l(poly.o)
    0x0800a32a   0x00000002   PAD
    0x0800a32c   0x000000ec   Code   RO         1213    i.__kernel_sin      m_ws.l(sin_i.o)
    0x0800a418   0x00000010   Code   RO         1259    i.__mathlib_dbl_underflow  m_ws.l(dunder.o)
    0x0800a428   0x000000dc   Code   RO         1151    i.ceil              m_ws.l(ceil.o)
    0x0800a504   0x000000ac   Code   RO         1155    i.cos               m_ws.l(cos.o)
    0x0800a5b0   0x000000dc   Code   RO         1163    i.floor             m_ws.l(floor.o)
    0x0800a68c   0x0000001a   Code   RO         1244    i.fputc             c_w.l(fputc.o)
    0x0800a6a6   0x00000002   PAD
    0x0800a6a8   0x000000b0   Code   RO         1167    i.sin               m_ws.l(sin.o)
    0x0800a758   0x00000062   Code   RO         1088    x$fpl$d2f           fz_ws.l(d2f.o)
    0x0800a7ba   0x00000002   PAD
    0x0800a7bc   0x00000150   Code   RO         1090    x$fpl$dadd          fz_ws.l(daddsub_clz.o)
    0x0800a90c   0x00000010   Code   RO         1255    x$fpl$dcheck1       fz_ws.l(dcheck1.o)
    0x0800a91c   0x00000018   Code   RO         1420    x$fpl$dcmpinf       fz_ws.l(dcmpi.o)
    0x0800a934   0x000002b0   Code   RO         1097    x$fpl$ddiv          fz_ws.l(ddiv.o)
    0x0800abe4   0x0000005e   Code   RO         1100    x$fpl$dfix          fz_ws.l(dfix.o)
    0x0800ac42   0x00000002   PAD
    0x0800ac44   0x0000005a   Code   RO         1104    x$fpl$dfixu         fz_ws.l(dfixu.o)
    0x0800ac9e   0x0000002e   Code   RO         1109    x$fpl$dflt          fz_ws.l(dflt_clz.o)
    0x0800accc   0x00000026   Code   RO         1108    x$fpl$dfltu         fz_ws.l(dflt_clz.o)
    0x0800acf2   0x00000002   PAD
    0x0800acf4   0x00000078   Code   RO         1257    x$fpl$dleqf         fz_ws.l(dleqf.o)
    0x0800ad6c   0x00000154   Code   RO         1114    x$fpl$dmul          fz_ws.l(dmul.o)
    0x0800aec0   0x0000009c   Code   RO         1190    x$fpl$dnaninf       fz_ws.l(dnaninf.o)
    0x0800af5c   0x0000000c   Code   RO         1192    x$fpl$dretinf       fz_ws.l(dretinf.o)
    0x0800af68   0x0000006c   Code   RO         1194    x$fpl$drleqf        fz_ws.l(drleqf.o)
    0x0800afd4   0x00000016   Code   RO         1091    x$fpl$drsb          fz_ws.l(daddsub_clz.o)
    0x0800afea   0x00000002   PAD
    0x0800afec   0x000001d4   Code   RO         1092    x$fpl$dsub          fz_ws.l(daddsub_clz.o)
    0x0800b1c0   0x00000056   Code   RO         1116    x$fpl$f2d           fz_ws.l(f2d.o)
    0x0800b216   0x00000002   PAD
    0x0800b218   0x000000c4   Code   RO         1118    x$fpl$fadd          fz_ws.l(faddsub_clz.o)
    0x0800b2dc   0x00000018   Code   RO         1196    x$fpl$fcmpinf       fz_ws.l(fcmpi.o)
    0x0800b2f4   0x00000184   Code   RO         1125    x$fpl$fdiv          fz_ws.l(fdiv.o)
    0x0800b478   0x00000068   Code   RO         1128    x$fpl$feqf          fz_ws.l(feqf.o)
    0x0800b4e0   0x00000036   Code   RO         1130    x$fpl$ffix          fz_ws.l(ffix.o)
    0x0800b516   0x00000002   PAD
    0x0800b518   0x0000003e   Code   RO         1134    x$fpl$ffixu         fz_ws.l(ffixu.o)
    0x0800b556   0x00000002   PAD
    0x0800b558   0x00000030   Code   RO         1139    x$fpl$fflt          fz_ws.l(fflt_clz.o)
    0x0800b588   0x00000068   Code   RO         1144    x$fpl$fleqf         fz_ws.l(fleqf.o)
    0x0800b5f0   0x00000102   Code   RO         1146    x$fpl$fmul          fz_ws.l(fmul.o)
    0x0800b6f2   0x0000008c   Code   RO         1198    x$fpl$fnaninf       fz_ws.l(fnaninf.o)
    0x0800b77e   0x0000000a   Code   RO         1200    x$fpl$fretinf       fz_ws.l(fretinf.o)
    0x0800b788   0x00000062   Code   RO         1148    x$fpl$frleqf        fz_ws.l(frleqf.o)
    0x0800b7ea   0x00000002   PAD
    0x0800b7ec   0x000000ea   Code   RO         1120    x$fpl$fsub          fz_ws.l(faddsub_clz.o)
    0x0800b8d6   0x00000064   Code   RO         1422    x$fpl$retnan        fz_ws.l(retnan.o)
    0x0800b93a   0x0000005c   Code   RO         1202    x$fpl$scalbn        fz_ws.l(scalbn.o)
    0x0800b996   0x00000030   Code   RO         1478    x$fpl$trapveneer    fz_ws.l(trapv.o)
    0x0800b9c6   0x00000000   Code   RO         1204    x$fpl$usenofp       fz_ws.l(usenofp.o)
    0x0800b9c6   0x00000030   Data   RO          572    .constdata          gde043a2.o
    0x0800b9f6   0x00000018   Data   RO          624    .constdata          protocol.o
    0x0800ba0e   0x00000002   PAD
    0x0800ba10   0x00000060   Data   RO          930    .constdata          flash_font.o
    0x0800ba70   0x00001f30   Data   RO          957    .constdata          f32.o
    0x0800d9a0   0x00000028   Data   RO         1029    .constdata          c_w.l(_printf_hex_int.o)
    0x0800d9c8   0x00000030   Data   RO         1206    .constdata          m_ws.l(cos_i.o)
    0x0800d9f8   0x000000c8   Data   RO         1210    .constdata          m_ws.l(rred.o)
    0x0800dac0   0x00000028   Data   RO         1214    .constdata          m_ws.l(sin_i.o)
    0x0800dae8   0x00000004   Data   RO         1266    .constdata          c_w.l(sys_io.o)
    0x0800daec   0x00000004   Data   RO         1267    .constdata          c_w.l(sys_io.o)
    0x0800daf0   0x00000004   Data   RO         1268    .constdata          c_w.l(sys_io.o)
    0x0800daf4   0x0000001e   Data   RO          931    .conststring        flash_font.o
    0x0800db12   0x00000002   PAD
    0x0800db14   0x00000020   Data   RO         1559    Region$$Table       anon$$obj.o


    Execution Region RW_IRAM1 (Base: 0x20000000, Size: 0x00004178, Max: 0x00010000, ABSOLUTE)

    Base Addr    Size         Type   Attr      Idx    E Section Name        Object

    0x20000000   0x00000014   Data   RW          274    .data               stm32f10x_rcc.o
    0x20000014   0x00000028   Data   RW          556    .data               sdcard.o
    0x2000003c   0x00000008   Data   RW          573    .data               gde043a2.o
    0x20000044   0x00000001   Data   RW          625    .data               protocol.o
    0x20000045   0x00000003   PAD
    0x20000048   0x00000008   Data   RW          644    .data               arm_cortex_m.o
    0x20000050   0x0000000c   Data   RW          717    .data               gui.o
    0x2000005c   0x00000018   Data   RW          837    .data               gui_font.o
    0x20000074   0x00000006   Data   RW          984    .data               ff.o
    0x2000007a   0x00000002   PAD
    0x2000007c   0x00000004   Data   RW         1185    .data               c_w.l(stdio_streams.o)
    0x20000080   0x00000004   Data   RW         1186    .data               c_w.l(stdio_streams.o)
    0x20000084   0x00000004   Data   RW         1187    .data               c_w.l(stdio_streams.o)
    0x20000088   0x00000230   Zero   RW          420    .bss                main.o
    0x200002b8   0x00000064   Zero   RW          555    .bss                sdcard.o
    0x2000031c   0x00000cc8   Zero   RW          571    .bss                gde043a2.o
    0x20000fe4   0x00000038   Zero   RW          588    .bss                fsmc_sram.o
    0x2000101c   0x00001000   Zero   RW          609    .bss                fsmc_nand.o
    0x2000201c   0x0000004c   Zero   RW          623    .bss                protocol.o
    0x20002068   0x00001240   Zero   RW          691    .bss                nand_fs.o
    0x200032a8   0x00000420   Zero   RW          836    .bss                gui_font.o
    0x200036c8   0x00000050   Zero   RW         1001    .bss                diskio.o
    0x20003718   0x00000054   Zero   RW         1182    .bss                c_w.l(stdio_streams.o)
    0x2000376c   0x00000054   Zero   RW         1183    .bss                c_w.l(stdio_streams.o)
    0x200037c0   0x00000054   Zero   RW         1184    .bss                c_w.l(stdio_streams.o)
    0x20003814   0x00000060   Zero   RW         1271    .bss                c_w.l(libspace.o)
    0x20003874   0x00000004   PAD
    0x20003878   0x00000000   Zero   RW            2    HEAP                startup_stm32f10x_hd.o
    0x20003878   0x00000900   Zero   RW            1    STACK               startup_stm32f10x_hd.o


==============================================================================

Image component sizes


      Code (inc. data)   RO Data    RW Data    ZI Data      Debug   Object Name

       252         16          0          8          0       1550   arm_cortex_m.o
         0          0          0          0          0       3036   bitmap.o
      4562        528          0          0          0       4223   des.o
       544          6          0          0         80       3974   diskio.o
         0          0       7984          0          0      12106   f32.o
      7612         42          0          6          0      22851   ff.o
         0          0        126          0          0       5448   flash_font.o
      1328         94          0          0       4096       6854   fsmc_nand.o
       264         22          0          0         56       8785   fsmc_sram.o
      1848         78         48          8       3272       6984   gde043a2.o
        64         18          0         12          0       2685   gui.o
      1464         20          0          0          0       5105   gui_base.o
       268         16          0          0          0        902   gui_color.o
      1156         24          0         24       1056       9355   gui_font.o
       536         10          0          0          0       2952   lcd_l0.o
       236         26          0          0        560     236785   main.o
       220         20          0          0          0     205889   misc.o
      1668         84          0          0       4672       4661   nand_fs.o
       180         22         24          1         76       1711   protocol.o
      8760        404          0         40        100      19469   sdcard.o
        72         26        304          0       2304        876   startup_stm32f10x_hd.o
       572         16          0          0          0      13579   stm32f10x_dma.o
       292         10          0          0          0       4291   stm32f10x_exti.o
      1552         52          0          0          0      13207   stm32f10x_fsmc.o
       812         18          0          0          0      11935   stm32f10x_gpio.o
       164          0          0          0          0       7492   stm32f10x_it.o
       928         44          0         20          0      17136   stm32f10x_rcc.o
       460         36          0          0          0      16220   stm32f10x_sdio.o
       312         18          0          0          0       1209   system_stm32f10x.o

    ----------------------------------------------------------------------
     36128       1650       8522        124      16272     651270   Object Totals
         0          0         32          0          0          0   (incl. Generated)
         2          0          4          5          0          0   (incl. Padding)

    ----------------------------------------------------------------------

      Code (inc. data)   RO Data    RW Data    ZI Data      Debug   Library Member Name

         8          0          0          0          0         68   __main.o
       104          0          0          0          0         84   __printf.o
        52          8          0          0          0          0   __scatter.o
        26          0          0          0          0          0   __scatter_copy.o
        28          0          0          0          0          0   __scatter_zi.o
        48          6          0          0          0         96   _printf_char_common.o
        36          4          0          0          0         80   _printf_char_file.o
        92          4         40          0          0         88   _printf_hex_int.o
       184          0          0          0          0         88   _printf_intcommon.o
         0          0          0          0          0          0   _printf_percent.o
         4          0          0          0          0          0   _printf_percent_end.o
         6          0          0          0          0          0   _printf_x.o
        22          0          0          0          0        100   _rserrno.o
        10          0          0          0          0         68   defsig_exit.o
        50          0          0          0          0         88   defsig_general.o
        80         58          0          0          0         76   defsig_rtmem_inner.o
        14          0          0          0          0         80   defsig_rtmem_outer.o
        52         38          0          0          0         76   defsig_rtred_inner.o
        14          0          0          0          0         80   defsig_rtred_outer.o
        12          0          0          0          0         72   exit.o
        76          0          0          0          0         88   fclose.o
         8          0          0          0          0         68   ferror.o
       478          0          0          0          0         88   flsbuf.o
       236          4          0          0          0        128   fopen.o
        26          0          0          0          0         68   fputc.o
       248          6          0          0          0         84   fseek.o
        70          0          0          0          0         76   ftell.o
        94          0          0          0          0         80   h1_alloc.o
        52          0          0          0          0         68   h1_extend.o
        78          0          0          0          0         80   h1_free.o
        14          0          0          0          0         84   h1_init.o
         6          0          0          0          0        152   heapauxi.o
         4          0          0          0          0        136   hguard.o
         0          0          0          0          0          0   indicate_semi.o
       138          0          0          0          0        168   init_alloc.o
       312         46          0          0          0        112   initio.o
         2          0          0          0          0          0   libinit.o
        14          0          0          0          0          0   libinit2.o
         2          0          0          0          0          0   libshutdown.o
         6          0          0          0          0          0   libshutdown2.o
         8          4          0          0         96         68   libspace.o
         0          0          0          0          0          0   maybetermalloc1.o
        88          0          0          0          0         76   memcmp.o
        24          4          0          0          0         84   noretval__2printf.o
         8          4          0          0          0         68   rt_errno_addr_intlibspace.o
         8          4          0          0          0         68   rt_heap_descriptor_intlibspace.o
        78          0          0          0          0         80   rt_memclr_w.o
       138          0          0          0          0         68   rt_memcpy_v6.o
       100          0          0          0          0         80   rt_memcpy_w.o
         0          0          0          0          0          0   rtentry.o
        12          0          0          0          0          0   rtentry2.o
         6          0          0          0          0          0   rtentry4.o
         2          0          0          0          0          0   rtexit.o
        10          0          0          0          0          0   rtexit2.o
        70          0          0          0          0         80   setvbuf.o
       240          6          0          0          0        156   stdio.o
         0          0          0         12        252          0   stdio_streams.o
       128          0          0          0          0         68   strcmpv7m.o
        72          0          0          0          0         80   strcpy.o
        62          0          0          0          0         76   strlen.o
        22          0          0          0          0         68   strrchr.o
        12          4          0          0          0         68   sys_exit.o
       102          0         12          0          0        240   sys_io.o
        74          0          0          0          0         80   sys_stackheap_outer.o
        14          0          0          0          0         76   sys_wrch.o
         2          0          0          0          0         68   use_no_semi.o
        98          4          0          0          0         92   d2f.o
       826         16          0          0          0        348   daddsub_clz.o
        16          4          0          0          0         68   dcheck1.o
        24          0          0          0          0         68   dcmpi.o
       688        140          0          0          0        208   ddiv.o
        94          4          0          0          0         92   dfix.o
        90          4          0          0          0         92   dfixu.o
        84          0          0          0          0        136   dflt_clz.o
       120          4          0          0          0         92   dleqf.o
       340         12          0          0          0        104   dmul.o
       156          4          0          0          0         92   dnaninf.o
        12          0          0          0          0         68   dretinf.o
       108          0          0          0          0         80   drleqf.o
        86          4          0          0          0         84   f2d.o
       430          8          0          0          0        168   faddsub_clz.o
        24          0          0          0          0         68   fcmpi.o
       388         76          0          0          0         96   fdiv.o
       104          4          0          0          0         84   feqf.o
        54          4          0          0          0         84   ffix.o
        62          4          0          0          0         84   ffixu.o
        48          0          0          0          0         68   fflt_clz.o
       104          4          0          0          0         84   fleqf.o
       258          4          0          0          0         84   fmul.o
       140          4          0          0          0         84   fnaninf.o
        10          0          0          0          0         68   fretinf.o
        98          0          0          0          0         68   frleqf.o
       100          0          0          0          0         68   retnan.o
        92          0          0          0          0         68   scalbn.o
        48          0          0          0          0         68   trapv.o
         0          0          0          0          0          0   usenofp.o
       220         16          0          0          0         84   ceil.o
       172          8          0          0          0        112   cos.o
       252         22         48          0          0        124   cos_i.o
        16          6          0          0          0         68   dunder.o
       220         16          0          0          0         84   floor.o
        40          0          0          0          0         68   fpclassify.o
       170          0          0          0          0         96   poly.o
       904         72        200          0          0        140   rred.o
       176         10          0          0          0        116   sin.o
       236         12         40          0          0        128   sin_i.o

    ----------------------------------------------------------------------
     11126        666        340         12        352       8164   Library Totals
        32          0          0          0          4          0   (incl. Padding)

    ----------------------------------------------------------------------

      Code (inc. data)   RO Data    RW Data    ZI Data      Debug   Library Name

      3986        200         52         12        348       4276   c_w.l
      4702        304          0          0          0       2868   fz_ws.l
      2406        162        288          0          0       1020   m_ws.l

    ----------------------------------------------------------------------
     11126        666        340         12        352       8164   Library Totals

    ----------------------------------------------------------------------

==============================================================================


      Code (inc. data)   RO Data    RW Data    ZI Data      Debug   

     47254       2316       8862        136      16624     652258   Grand Totals
     47254       2316       8862        136      16624     652258   ELF Image Totals
     47254       2316       8862        136          0          0   ROM Totals

==============================================================================

    Total RO  Size (Code + RO Data)                56116 (  54.80kB)
    Total RW  Size (RW Data + ZI Data)             16760 (  16.37kB)
    Total ROM Size (Code + RO Data + RW Data)      56252 (  54.93kB)

==============================================================================

