Component: ARM Compiler 5.05 update 1 (build 106) Tool: armlink [4d0efa]

==============================================================================

Section Cross References

    startup_stm32f10x_hd.o(STACK) refers (Special) to heapauxi.o(.text) for __use_two_region_memory
    startup_stm32f10x_hd.o(HEAP) refers (Special) to heapauxi.o(.text) for __use_two_region_memory
    startup_stm32f10x_hd.o(RESET) refers (Special) to heapauxi.o(.text) for __use_two_region_memory
    startup_stm32f10x_hd.o(RESET) refers to startup_stm32f10x_hd.o(.text) for Reset_Handler
    startup_stm32f10x_hd.o(RESET) refers to stm32f10x_it.o(.text) for WWDG_IRQHandler
    startup_stm32f10x_hd.o(.text) refers (Special) to heapauxi.o(.text) for __use_two_region_memory
    startup_stm32f10x_hd.o(.text) refers to startup_stm32f10x_hd.o(STACK) for __initial_sp
    startup_stm32f10x_hd.o(.text) refers to __main.o(!!!main) for __main
    startup_stm32f10x_hd.o(.text) refers to startup_stm32f10x_hd.o(HEAP) for Heap_Mem
    stm32f10x_adc.o(.text) refers to stm32f10x_rcc.o(.text) for RCC_APB2PeriphResetCmd
    stm32f10x_bkp.o(.text) refers to stm32f10x_rcc.o(.text) for RCC_BackupResetCmd
    stm32f10x_can.o(.text) refers to stm32f10x_rcc.o(.text) for RCC_APB1PeriphResetCmd
    stm32f10x_dac.o(.text) refers to stm32f10x_rcc.o(.text) for RCC_APB1PeriphResetCmd
    stm32f10x_gpio.o(.text) refers to stm32f10x_rcc.o(.text) for RCC_APB2PeriphResetCmd
    stm32f10x_i2c.o(.text) refers to stm32f10x_rcc.o(.text) for RCC_APB1PeriphResetCmd
    stm32f10x_pwr.o(.text) refers to stm32f10x_rcc.o(.text) for RCC_APB1PeriphResetCmd
    stm32f10x_rcc.o(.text) refers to stm32f10x_rcc.o(.data) for .data
    stm32f10x_spi.o(.text) refers to stm32f10x_rcc.o(.text) for RCC_APB2PeriphResetCmd
    stm32f10x_tim.o(.text) refers to stm32f10x_rcc.o(.text) for RCC_APB1PeriphResetCmd
    stm32f10x_usart.o(.text) refers to stm32f10x_rcc.o(.text) for RCC_APB2PeriphResetCmd
    stm32f10x_wwdg.o(.text) refers to stm32f10x_rcc.o(.text) for RCC_APB1PeriphResetCmd
    main.o(.text) refers to misc.o(.text) for NVIC_PriorityGroupConfig
    main.o(.text) refers to system_stm32f10x.o(.text) for SystemInit
    main.o(.text) refers to arm_cortex_m.o(.text) for CM3_SysTickInit
    main.o(.text) refers to protocol.o(.text) for epd_hard_init
    main.o(.text) refers to gui.o(.text) for gui_init
    main.o(.text) refers to ff.o(.text) for f_mount
    main.o(.text) refers to gde043a2.o(.text) for epd_led
    main.o(.text) refers to gui_base.o(.text) for gui_clear
    main.o(.text) refers to gui.o(.data) for gui_color
    main.o(.text) refers to main.o(.bss) for .bss
    stm32f10x_it.o(.text) refers to stm32f10x_exti.o(.text) for EXTI_GetITStatus
    stm32f10x_it.o(.text) refers to system_stm32f10x.o(.text) for SystemInit
    sdcard.o(.text) refers to stm32f10x_sdio.o(.text) for SDIO_ClearFlag
    sdcard.o(.text) refers to stm32f10x_rcc.o(.text) for RCC_AHBPeriphClockCmd
    sdcard.o(.text) refers to sdcard.o(.data) for .data
    sdcard.o(.text) refers to sdcard.o(.bss) for .bss
    sdcard.o(.text) refers to stm32f10x_dma.o(.text) for DMA_ClearFlag
    sdcard.o(.text) refers to stm32f10x_gpio.o(.text) for GPIO_Init
    arm_cortex_m.o(.text) refers to dflt_clz.o(x$fpl$dfltu) for __aeabi_ui2d
    arm_cortex_m.o(.text) refers to ddiv.o(x$fpl$ddiv) for __aeabi_ddiv
    arm_cortex_m.o(.text) refers to dfixu.o(x$fpl$dfixu) for __aeabi_d2uiz
    arm_cortex_m.o(.text) refers to arm_cortex_m.o(.data) for .data
    flash_font.o(.constdata) refers to flash_font.o(.conststring) for .conststring
    flash_font.o(.constdata) refers to flash_font.o(.conststring) for .conststring
    flash_font.o(.constdata) refers to flash_font.o(.conststring) for .conststring
    f64.o(.constdata) refers to f64.o(.constdata) for acFont64_ASCII_0020
    f64.o(.constdata) refers to f64.o(.constdata) for acFont64_ASCII_0021
    f64.o(.constdata) refers to f64.o(.constdata) for acFont64_ASCII_0022
    f64.o(.constdata) refers to f64.o(.constdata) for acFont64_ASCII_0023
    f64.o(.constdata) refers to f64.o(.constdata) for acFont64_ASCII_0024
    f64.o(.constdata) refers to f64.o(.constdata) for acFont64_ASCII_0025
    f64.o(.constdata) refers to f64.o(.constdata) for acFont64_ASCII_0026
    f64.o(.constdata) refers to f64.o(.constdata) for acFont64_ASCII_0027
    f64.o(.constdata) refers to f64.o(.constdata) for acFont64_ASCII_0028
    f64.o(.constdata) refers to f64.o(.constdata) for acFont64_ASCII_0029
    f64.o(.constdata) refers to f64.o(.constdata) for acFont64_ASCII_002A
    f64.o(.constdata) refers to f64.o(.constdata) for acFont64_ASCII_002B
    f64.o(.constdata) refers to f64.o(.constdata) for acFont64_ASCII_002C
    f64.o(.constdata) refers to f64.o(.constdata) for acFont64_ASCII_002D
    f64.o(.constdata) refers to f64.o(.constdata) for acFont64_ASCII_002E
    f64.o(.constdata) refers to f64.o(.constdata) for acFont64_ASCII_002F
    f64.o(.constdata) refers to f64.o(.constdata) for acFont64_ASCII_0030
[...]
    GPIO_ReadInputDataBit                    0x08000b67   Thumb Code    14  stm32f10x_gpio.o(.text)
    GPIO_ReadInputData                       0x08000b75   Thumb Code     6  stm32f10x_gpio.o(.text)
    GPIO_ReadOutputDataBit                   0x08000b7b   Thumb Code    14  stm32f10x_gpio.o(.text)
    GPIO_ReadOutputData                      0x08000b89   Thumb Code     6  stm32f10x_gpio.o(.text)
    GPIO_SetBits                             0x08000b8f   Thumb Code     4  stm32f10x_gpio.o(.text)
    GPIO_ResetBits                           0x08000b93   Thumb Code     4  stm32f10x_gpio.o(.text)
    GPIO_WriteBit                            0x08000b97   Thumb Code    10  stm32f10x_gpio.o(.text)
    GPIO_Write                               0x08000ba1   Thumb Code     4  stm32f10x_gpio.o(.text)
    GPIO_PinLockConfig                       0x08000ba5   Thumb Code    16  stm32f10x_gpio.o(.text)
    GPIO_EventOutputConfig                   0x08000bb5   Thumb Code    22  stm32f10x_gpio.o(.text)
    GPIO_EventOutputCmd                      0x08000bcb   Thumb Code     6  stm32f10x_gpio.o(.text)
    GPIO_PinRemapConfig                      0x08000bd1   Thumb Code    66  stm32f10x_gpio.o(.text)
    GPIO_EXTILineConfig                      0x08000c13   Thumb Code    34  stm32f10x_gpio.o(.text)
    RCC_DeInit                               0x08000c45   Thumb Code    48  stm32f10x_rcc.o(.text)
    RCC_HSEConfig                            0x08000c75   Thumb Code    48  stm32f10x_rcc.o(.text)
    RCC_GetFlagStatus                        0x08000ca5   Thumb Code    44  stm32f10x_rcc.o(.text)
    RCC_WaitForHSEStartUp                    0x08000cd1   Thumb Code    42  stm32f10x_rcc.o(.text)
    RCC_AdjustHSICalibrationValue            0x08000cfb   Thumb Code    16  stm32f10x_rcc.o(.text)
    RCC_HSICmd                               0x08000d0b   Thumb Code     6  stm32f10x_rcc.o(.text)
    RCC_PLLConfig                            0x08000d11   Thumb Code    16  stm32f10x_rcc.o(.text)
    RCC_PLLCmd                               0x08000d21   Thumb Code     6  stm32f10x_rcc.o(.text)
    RCC_SYSCLKConfig                         0x08000d27   Thumb Code    14  stm32f10x_rcc.o(.text)
    RCC_GetSYSCLKSource                      0x08000d35   Thumb Code    10  stm32f10x_rcc.o(.text)
    RCC_HCLKConfig                           0x08000d3f   Thumb Code    14  stm32f10x_rcc.o(.text)
    RCC_PCLK1Config                          0x08000d4d   Thumb Code    14  stm32f10x_rcc.o(.text)
    RCC_PCLK2Config                          0x08000d5b   Thumb Code    16  stm32f10x_rcc.o(.text)
    RCC_ITConfig                             0x08000d6b   Thumb Code    18  stm32f10x_rcc.o(.text)
    RCC_USBCLKConfig                         0x08000d7d   Thumb Code     8  stm32f10x_rcc.o(.text)
    RCC_ADCCLKConfig                         0x08000d85   Thumb Code    14  stm32f10x_rcc.o(.text)
    RCC_LSEConfig                            0x08000d93   Thumb Code    28  stm32f10x_rcc.o(.text)
    RCC_LSICmd                               0x08000daf   Thumb Code     6  stm32f10x_rcc.o(.text)
    RCC_RTCCLKConfig                         0x08000db5   Thumb Code    10  stm32f10x_rcc.o(.text)
    RCC_RTCCLKCmd                            0x08000dbf   Thumb Code     8  stm32f10x_rcc.o(.text)
    RCC_GetClocksFreq                        0x08000dc7   Thumb Code   126  stm32f10x_rcc.o(.text)
    RCC_AHBPeriphClockCmd                    0x08000e45   Thumb Code    18  stm32f10x_rcc.o(.text)
    RCC_APB2PeriphClockCmd                   0x08000e57   Thumb Code    18  stm32f10x_rcc.o(.text)
    RCC_APB1PeriphClockCmd                   0x08000e69   Thumb Code    18  stm32f10x_rcc.o(.text)
    RCC_APB2PeriphResetCmd                   0x08000e7b   Thumb Code    18  stm32f10x_rcc.o(.text)
    RCC_APB1PeriphResetCmd                   0x08000e8d   Thumb Code    18  stm32f10x_rcc.o(.text)
    RCC_BackupResetCmd                       0x08000e9f   Thumb Code     8  stm32f10x_rcc.o(.text)
    RCC_ClockSecuritySystemCmd               0x08000ea7   Thumb Code     6  stm32f10x_rcc.o(.text)
    RCC_MCOConfig                            0x08000ead   Thumb Code     6  stm32f10x_rcc.o(.text)
    RCC_ClearFlag                            0x08000eb3   Thumb Code    12  stm32f10x_rcc.o(.text)
    RCC_GetITStatus                          0x08000ebf   Thumb Code    16  stm32f10x_rcc.o(.text)
    RCC_ClearITPendingBit                    0x08000ecf   Thumb Code     6  stm32f10x_rcc.o(.text)
    SDIO_DeInit                              0x08000ef5   Thumb Code    26  stm32f10x_sdio.o(.text)
    SDIO_Init                                0x08000f0f   Thumb Code    40  stm32f10x_sdio.o(.text)
    SDIO_StructInit                          0x08000f37   Thumb Code    16  stm32f10x_sdio.o(.text)
    SDIO_ClockCmd                            0x08000f47   Thumb Code     8  stm32f10x_sdio.o(.text)
    SDIO_SetPowerState                       0x08000f4f   Thumb Code    18  stm32f10x_sdio.o(.text)
    SDIO_GetPowerState                       0x08000f61   Thumb Code    10  stm32f10x_sdio.o(.text)
    SDIO_ITConfig                            0x08000f6b   Thumb Code    18  stm32f10x_sdio.o(.text)
    SDIO_DMACmd                              0x08000f7d   Thumb Code     6  stm32f10x_sdio.o(.text)
    SDIO_SendCommand                         0x08000f83   Thumb Code    34  stm32f10x_sdio.o(.text)
    SDIO_CmdStructInit                       0x08000fa5   Thumb Code    14  stm32f10x_sdio.o(.text)
    SDIO_GetCommandResponse                  0x08000fb3   Thumb Code     8  stm32f10x_sdio.o(.text)
    SDIO_GetResponse                         0x08000fbb   Thumb Code     8  stm32f10x_sdio.o(.text)
    SDIO_DataConfig                          0x08000fc3   Thumb Code    38  stm32f10x_sdio.o(.text)
    SDIO_DataStructInit                      0x08000fe9   Thumb Code    20  stm32f10x_sdio.o(.text)
    SDIO_GetDataCounter                      0x08000ffd   Thumb Code     6  stm32f10x_sdio.o(.text)
    SDIO_ReadData                            0x08001003   Thumb Code     8  stm32f10x_sdio.o(.text)
    SDIO_WriteData                           0x0800100b   Thumb Code     8  stm32f10x_sdio.o(.text)
    SDIO_GetFIFOCount                        0x08001013   Thumb Code     6  stm32f10x_sdio.o(.text)
    SDIO_StartSDIOReadWait                   0x08001019   Thumb Code     8  stm32f10x_sdio.o(.text)
    SDIO_StopSDIOReadWait                    0x08001021   Thumb Code     8  stm32f10x_sdio.o(.text)
    SDIO_SetSDIOReadWaitMode                 0x08001029   Thumb Code     8  stm32f10x_sdio.o(.text)
    SDIO_SetSDIOOperation                    0x08001031   Thumb Code     8  stm32f10x_sdio.o(.text)
    SDIO_SendSDIOSuspendCmd                  0x08001039   Thumb Code     8  stm32f10x_sdio.o(.text)
    SDIO_CommandCompletionCmd                0x08001041   Thumb Code     8  stm32f10x_sdio.o(.text)
    SDIO_CEATAITCmd                          0x08001049   Thumb Code    12  stm32f10x_sdio.o(.text)
    SDIO_SendCEATACmd                        0x08001055   Thumb Code     8  stm32f10x_sdio.o(.text)
    SDIO_GetFlagStatus                       0x0800105d   Thumb Code    16  stm32f10x_sdio.o(.text)
    SDIO_ClearFlag                           0x0800106d   Thumb Code     6  stm32f10x_sdio.o(.text)
    SDIO_GetITStatus                         0x08001073   Thumb Code    16  stm32f10x_sdio.o(.text)
    SDIO_ClearITPendingBit                   0x08001083   Thumb Code     6  stm32f10x_sdio.o(.text)
    SystemInit                               0x08001139   Thumb Code    48  system_stm32f10x.o(.text)
    NVIC_Configuration                       0x08001179   Thumb Code    38  main.o(.text)
    main                                     0x0800119f   Thumb Code   162  main.o(.text)
    NMIException                             0x08001259   Thumb Code     2  stm32f10x_it.o(.text)
    HardFaultException                       0x0800125b   Thumb Code     2  stm32f10x_it.o(.text)
    MemManageException                       0x0800125d   Thumb Code     2  stm32f10x_it.o(.text)
    BusFaultException                        0x0800125f   Thumb Code     2  stm32f10x_it.o(.text)
    UsageFaultException                      0x08001261   Thumb Code     2  stm32f10x_it.o(.text)
    DebugMonitor                             0x08001263   Thumb Code     2  stm32f10x_it.o(.text)
    SVCHandler                               0x08001265   Thumb Code     2  stm32f10x_it.o(.text)
    PendSVC                                  0x08001267   Thumb Code     2  stm32f10x_it.o(.text)
    SysTickHandler                           0x08001269   Thumb Code     2  stm32f10x_it.o(.text)
    WWDG_IRQHandler                          0x0800126b   Thumb Code     2  stm32f10x_it.o(.text)
    PVD_IRQHandler                           0x0800126d   Thumb Code     2  stm32f10x_it.o(.text)
    TAMPER_IRQHandler                        0x0800126f   Thumb Code     2  stm32f10x_it.o(.text)
    RTC_IRQHandler                           0x08001271   Thumb Code     2  stm32f10x_it.o(.text)
    FLASH_IRQHandler                         0x08001273   Thumb Code     2  stm32f10x_it.o(.text)
    RCC_IRQHandler                           0x08001275   Thumb Code     2  stm32f10x_it.o(.text)
    EXTI0_IRQHandler                         0x08001277   Thumb Code    28  stm32f10x_it.o(.text)
    EXTI1_IRQHandler                         0x08001293   Thumb Code     2  stm32f10x_it.o(.text)
    EXTI2_IRQHandler                         0x08001295   Thumb Code     2  stm32f10x_it.o(.text)
    EXTI3_IRQHandler                         0x08001297   Thumb Code     2  stm32f10x_it.o(.text)
    EXTI4_IRQHandler                         0x08001299   Thumb Code     2  stm32f10x_it.o(.text)
    DMA1_Channel1_IRQHandler                 0x0800129b   Thumb Code     2  stm32f10x_it.o(.text)
    DMA1_Channel2_IRQHandler                 0x0800129d   Thumb Code     2  stm32f10x_it.o(.text)
    DMA1_Channel3_IRQHandler                 0x0800129f   Thumb Code     2  stm32f10x_it.o(.text)
    DMA1_Channel4_IRQHandler                 0x080012a1   Thumb Code     2  stm32f10x_it.o(.text)
    DMA1_Channel5_IRQHandler                 0x080012a3   Thumb Code     2  stm32f10x_it.o(.text)
    DMA1_Channel6_IRQHandler                 0x080012a5   Thumb Code     2  stm32f10x_it.o(.text)
    DMA1_Channel7_IRQHandler                 0x080012a7   Thumb Code     2  stm32f10x_it.o(.text)
    ADC1_2_IRQHandler                        0x080012a9   Thumb Code     2  stm32f10x_it.o(.text)
    USB_HP_CAN_TX_IRQHandler                 0x080012ab   Thumb Code     2  stm32f10x_it.o(.text)
    USB_LP_CAN_RX0_IRQHandler                0x080012ad   Thumb Code     2  stm32f10x_it.o(.text)
    CAN_RX1_IRQHandler                       0x080012af   Thumb Code     2  stm32f10x_it.o(.text)
    CAN_SCE_IRQHandler                       0x080012b1   Thumb Code     2  stm32f10x_it.o(.text)
    EXTI9_5_IRQHandler                       0x080012b3   Thumb Code     2  stm32f10x_it.o(.text)
    TIM1_BRK_IRQHandler                      0x080012b5   Thumb Code     2  stm32f10x_it.o(.text)
    TIM1_UP_IRQHandler                       0x080012b7   Thumb Code     2  stm32f10x_it.o(.text)
    TIM1_TRG_COM_IRQHandler                  0x080012b9   Thumb Code     2  stm32f10x_it.o(.text)
    TIM1_CC_IRQHandler                       0x080012bb   Thumb Code     2  stm32f10x_it.o(.text)
    TIM2_IRQHandler                          0x080012bd   Thumb Code     2  stm32f10x_it.o(.text)
    TIM3_IRQHandler                          0x080012bf   Thumb Code     2  stm32f10x_it.o(.text)
    TIM4_IRQHandler                          0x080012c1   Thumb Code     2  stm32f10x_it.o(.text)
    I2C1_EV_IRQHandler                       0x080012c3   Thumb Code     2  stm32f10x_it.o(.text)
    I2C1_ER_IRQHandler                       0x080012c5   Thumb Code     2  stm32f10x_it.o(.text)
    I2C2_EV_IRQHandler                       0x080012c7   Thumb Code     2  stm32f10x_it.o(.text)
    I2C2_ER_IRQHandler                       0x080012c9   Thumb Code     2  stm32f10x_it.o(.text)
    SPI1_IRQHandler                          0x080012cb   Thumb Code     2  stm32f10x_it.o(.text)
    SPI2_IRQHandler                          0x080012cd   Thumb Code     2  stm32f10x_it.o(.text)
    USART1_IRQHandler                        0x080012cf   Thumb Code     2  stm32f10x_it.o(.text)
    USART2_IRQHandler                        0x080012d1   Thumb Code     2  stm32f10x_it.o(.text)
    USART3_IRQHandler                        0x080012d3   Thumb Code     2  stm32f10x_it.o(.text)
    EXTI15_10_IRQHandler                     0x080012d5   Thumb Code     2  stm32f10x_it.o(.text)
    RTCAlarm_IRQHandler                      0x080012d7   Thumb Code     2  stm32f10x_it.o(.text)
    USBWakeUp_IRQHandler                     0x080012d9   Thumb Code     2  stm32f10x_it.o(.text)
    TIM8_BRK_IRQHandler                      0x080012db   Thumb Code     2  stm32f10x_it.o(.text)
    TIM8_UP_IRQHandler                       0x080012dd   Thumb Code     2  stm32f10x_it.o(.text)
    TIM8_TRG_COM_IRQHandler                  0x080012df   Thumb Code     2  stm32f10x_it.o(.text)
    TIM8_CC_IRQHandler                       0x080012e1   Thumb Code     2  stm32f10x_it.o(.text)
    ADC3_IRQHandler                          0x080012e3   Thumb Code     2  stm32f10x_it.o(.text)
    FSMC_IRQHandler                          0x080012e5   Thumb Code     2  stm32f10x_it.o(.text)
    SDIO_IRQHandler                          0x080012e7   Thumb Code     2  stm32f10x_it.o(.text)
    TIM5_IRQHandler                          0x080012e9   Thumb Code     2  stm32f10x_it.o(.text)
    SPI3_IRQHandler                          0x080012eb   Thumb Code     2  stm32f10x_it.o(.text)
    UART4_IRQHandler                         0x080012ed   Thumb Code     2  stm32f10x_it.o(.text)
    UART5_IRQHandler                         0x080012ef   Thumb Code     2  stm32f10x_it.o(.text)
    TIM6_IRQHandler                          0x080012f1   Thumb Code     2  stm32f10x_it.o(.text)
    TIM7_IRQHandler                          0x080012f3   Thumb Code     2  stm32f10x_it.o(.text)
    DMA2_Channel1_IRQHandler                 0x080012f5   Thumb Code     2  stm32f10x_it.o(.text)
    DMA2_Channel2_IRQHandler                 0x080012f7   Thumb Code     2  stm32f10x_it.o(.text)
    DMA2_Channel3_IRQHandler                 0x080012f9   Thumb Code     2  stm32f10x_it.o(.text)
    DMA2_Channel4_5_IRQHandler               0x080012fb   Thumb Code     2  stm32f10x_it.o(.text)
    SD_InitializeCards                       0x0800132b   Thumb Code   254  sdcard.o(.text)
    SD_PowerON                               0x08001509   Thumb Code   392  sdcard.o(.text)
    SD_Init                                  0x08001691   Thumb Code    74  sdcard.o(.text)
    SD_PowerOFF                              0x080016db   Thumb Code    34  sdcard.o(.text)
    SD_GetCardInfo                           0x080016fd   Thumb Code   574  sdcard.o(.text)
    SD_EnableWideBusOperation                0x08001b31   Thumb Code   116  sdcard.o(.text)
    SD_SetDeviceMode                         0x08001ba5   Thumb Code    24  sdcard.o(.text)
    SD_SelectDeselect                        0x08001bbd   Thumb Code    38  sdcard.o(.text)
    SD_ReadBlock                             0x08001c33   Thumb Code   504  sdcard.o(.text)
    SD_ReadMultiBlocks                       0x08001e2b   Thumb Code   612  sdcard.o(.text)
    SD_WriteBlock                            0x0800221d   Thumb Code   728  sdcard.o(.text)
    SD_WriteMultiBlocks                      0x080024f5   Thumb Code   786  sdcard.o(.text)
    SD_GetTransferState                      0x08002807   Thumb Code    14  sdcard.o(.text)
    SD_StopTransfer                          0x08002815   Thumb Code    36  sdcard.o(.text)
    SD_Erase                                 0x08002839   Thumb Code   230  sdcard.o(.text)
    SD_SendStatus                            0x0800291f   Thumb Code    68  sdcard.o(.text)
    SD_SendSDStatus                          0x08002963   Thumb Code   330  sdcard.o(.text)
    SD_ProcessIRQSrc                         0x08002aad   Thumb Code   432  sdcard.o(.text)
    cm3_systick_init                         0x08002d9d   Thumb Code    30  arm_cortex_m.o(.text)
    CM3_SysTickCalculate                     0x08002dbb   Thumb Code    48  arm_cortex_m.o(.text)
    CM3_SysTickInit                          0x08002deb   Thumb Code    24  arm_cortex_m.o(.text)
    CM3_SysTickDelayUS                       0x08002e03   Thumb Code    52  arm_cortex_m.o(.text)
    CM3_SysTickDelayMS                       0x08002e37   Thumb Code    40  arm_cortex_m.o(.text)
    clust2sect                               0x08002fa1   Thumb Code    24  ff.o(.text)
    get_fat                                  0x08002fb9   Thumb Code   188  ff.o(.text)
    put_fat                                  0x08003075   Thumb Code   244  ff.o(.text)
    f_mount                                  0x080039c7   Thumb Code    72  ff.o(.text)
    f_open                                   0x08003a0f   Thumb Code   310  ff.o(.text)
    f_read                                   0x08003b45   Thumb Code   332  ff.o(.text)
    f_write                                  0x08003c91   Thumb Code   386  ff.o(.text)
    f_sync                                   0x08003e13   Thumb Code   152  ff.o(.text)
    f_close                                  0x08003eab   Thumb Code    28  ff.o(.text)
    f_lseek                                  0x08003ec7   Thumb Code   302  ff.o(.text)
    f_opendir                                0x08003ff5   Thumb Code    96  ff.o(.text)
    f_closedir                               0x08004055   Thumb Code    18  ff.o(.text)
    f_readdir                                0x08004067   Thumb Code    78  ff.o(.text)
    f_stat                                   0x080040b5   Thumb Code    60  ff.o(.text)
    f_getfree                                0x080040f1   Thumb Code   192  ff.o(.text)
    f_truncate                               0x080041b1   Thumb Code   176  ff.o(.text)
    f_unlink                                 0x08004261   Thumb Code   146  ff.o(.text)
    f_mkdir                                  0x080042f3   Thumb Code   344  ff.o(.text)
    f_chmod                                  0x0800444b   Thumb Code    74  ff.o(.text)
    f_rename                                 0x08004495   Thumb Code   240  ff.o(.text)
    f_utime                                  0x08004585   Thumb Code    80  ff.o(.text)
    disk_initialize                          0x08004619   Thumb Code    70  diskio.o(.text)
    disk_status                              0x0800465f   Thumb Code     8  diskio.o(.text)
    disk_read                                0x08004667   Thumb Code    44  diskio.o(.text)
    disk_write                               0x08004693   Thumb Code    44  diskio.o(.text)
    disk_ioctl                               0x080046bf   Thumb Code    72  diskio.o(.text)
    get_fattime                              0x08004707   Thumb Code     4  diskio.o(.text)
    gui_init                                 0x08004711   Thumb Code    40  gui.o(.text)
    gui_set_drawmode                         0x08004739   Thumb Code     6  gui.o(.text)
    gui_drawarc                              0x08004b03   Thumb Code   304  gui_base.o(.text)
    gui_clear                                0x08004c33   Thumb Code    14  gui_base.o(.text)
    gui_drawpixel                            0x08004c41   Thumb Code    20  gui_base.o(.text)
    gui_getpixel                             0x08004c55   Thumb Code    22  gui_base.o(.text)
    gui_drawline                             0x08004c6b   Thumb Code    92  gui_base.o(.text)
    gui_fillrect                             0x08004cc7   Thumb Code    28  gui_base.o(.text)
    gui_draw_bitmap                          0x08004ce3   Thumb Code    34  gui_base.o(.text)
    EPD_PowerOn                              0x0800506f   Thumb Code    62  gde043a2.o(.text)
    EPD_PowerOff                             0x080050ad   Thumb Code    62  gde043a2.o(.text)
    epd_init                                 0x080050eb   Thumb Code   178  gde043a2.o(.text)
    epd_led                                  0x0800519d   Thumb Code    30  gde043a2.o(.text)
    epd_set_direction                        0x080051bb   Thumb Code    60  gde043a2.o(.text)
    epd_get_direction                        0x080051f7   Thumb Code     6  gde043a2.o(.text)
    epd_clear                                0x080051fd   Thumb Code    62  gde043a2.o(.text)
    epd_update                               0x0800523b   Thumb Code   290  gde043a2.o(.text)
    epd_draw_pixel                           0x0800535d   Thumb Code   116  gde043a2.o(.text)
    epd_get_pixel                            0x080053d1   Thumb Code    82  gde043a2.o(.text)
    get_cpu_id                               0x08005441   Thumb Code    20  protocol.o(.text)
    epd_hard_init                            0x08005455   Thumb Code   138  protocol.o(.text)
    gui_color2index_565                      0x080054f5   Thumb Code   110  gui_color.o(.text)
    gui_index2color_565                      0x08005563   Thumb Code   142  gui_color.o(.text)
    gui_get_text_wh                          0x08005685   Thumb Code   262  gui_font.o(.text)
    gui_disp_utf8_at                         0x0800578b   Thumb Code   148  gui_font.o(.text)
    gui_disp_utf16_at                        0x0800581f   Thumb Code   398  gui_font.o(.text)
    gui_dispstr_at                           0x080059ad   Thumb Code   192  gui_font.o(.text)
    gui_set_font                             0x08005a6d   Thumb Code     8  gui_font.o(.text)
    gui_get_font_high                        0x08005a75   Thumb Code    12  gui_font.o(.text)
    lcd_l0_setpixel                          0x08005a85   Thumb Code    20  lcd_l0.o(.text)
    lcd_l0_init                              0x08005b47   Thumb Code     8  lcd_l0.o(.text)
    lcd_l0_getpixel                          0x08005b4f   Thumb Code    20  lcd_l0.o(.text)
    lcd_l0_draw_hline                        0x08005b63   Thumb Code    74  lcd_l0.o(.text)
    lcd_l0_draw_vline                        0x08005bad   Thumb Code    74  lcd_l0.o(.text)
    lcd_l0_fillrect                          0x08005bf7   Thumb Code    76  lcd_l0.o(.text)
    lcd_l0_drawbitmap                        0x08005c43   Thumb Code    80  lcd_l0.o(.text)
    FSMC_SRAM_Init                           0x08005c9d   Thumb Code   242  fsmc_sram.o(.text)
    FSMC_NAND_Init                           0x08005da5   Thumb Code   174  fsmc_nand.o(.text)
    FSMC_NAND_ReadID                         0x08005e53   Thumb Code    36  fsmc_nand.o(.text)
    FSMC_NAND_AddressIncrement               0x08005e77   Thumb Code    56  fsmc_nand.o(.text)
    FSMC_NAND_ReadStatus                     0x08005eaf   Thumb Code    40  fsmc_nand.o(.text)
    FSMC_NAND_GetStatus                      0x08005ed7   Thumb Code    42  fsmc_nand.o(.text)
    FSMC_NAND_WriteSmallPage                 0x08005f01   Thumb Code   176  fsmc_nand.o(.text)
    FSMC_NAND_ReadSmallPage                  0x08005fb1   Thumb Code   166  fsmc_nand.o(.text)
    FSMC_NAND_WriteSpareArea                 0x08006057   Thumb Code   164  fsmc_nand.o(.text)
    FSMC_NAND_ReadSpareArea                  0x080060fb   Thumb Code   152  fsmc_nand.o(.text)
    FSMC_NAND_EraseBlock                     0x08006193   Thumb Code    92  fsmc_nand.o(.text)
    FSMC_NAND_Reset                          0x080061ef   Thumb Code    10  fsmc_nand.o(.text)
    nand_init                                0x080061f9   Thumb Code    20  fsmc_nand.o(.text)
    FSMC_NAND_Test                           0x0800620d   Thumb Code   126  fsmc_nand.o(.text)
    TDes                                     0x0800739b   Thumb Code   268  des.o(.text)
    fs_open                                  0x08007517   Thumb Code   224  nand_fs.o(.text)
    fs_lseek                                 0x080075f7   Thumb Code     8  nand_fs.o(.text)
    fs_read                                  0x080075ff   Thumb Code   368  nand_fs.o(.text)
    load_font                                0x0800776f   Thumb Code   552  nand_fs.o(.text)
    load_bitmap                              0x08007997   Thumb Code   370  nand_fs.o(.text)
    __2printf                                0x08007b2d   Thumb Code    20  noretval__2printf.o(.text)
    __printf                                 0x08007b45   Thumb Code   104  __printf.o(.text)
    _printf_int_hex                          0x08007bad   Thumb Code    84  _printf_hex_int.o(.text)
    _printf_longlong_hex                     0x08007bad   Thumb Code     0  _printf_hex_int.o(.text)
    memcmp                                   0x08007c05   Thumb Code    88  memcmp.o(.text)
    strcpy                                   0x08007c5d   Thumb Code    72  strcpy.o(.text)
    strrchr                                  0x08007ca5   Thumb Code    22  strrchr.o(.text)
    __aeabi_memcpy                           0x08007cbb   Thumb Code     0  rt_memcpy_v6.o(.text)
    __rt_memcpy                              0x08007cbb   Thumb Code   138  rt_memcpy_v6.o(.text)
    _memcpy_lastbytes                        0x08007d21   Thumb Code     0  rt_memcpy_v6.o(.text)
    __aeabi_memcpy4                          0x08007d45   Thumb Code     0  rt_memcpy_w.o(.text)
    __aeabi_memcpy8                          0x08007d45   Thumb Code     0  rt_memcpy_w.o(.text)
    __rt_memcpy_w                            0x08007d45   Thumb Code   100  rt_memcpy_w.o(.text)
    _memcpy_lastbytes_aligned                0x08007d8d   Thumb Code     0  rt_memcpy_w.o(.text)
    strcmp                                   0x08007da9   Thumb Code   128  strcmpv7m.o(.text)
    __use_two_region_memory                  0x08007e29   Thumb Code     2  heapauxi.o(.text)
    __rt_heap_escrow                         0x08007e2b   Thumb Code     2  heapauxi.o(.text)
    __rt_heap_expand                         0x08007e2d   Thumb Code     2  heapauxi.o(.text)
    __read_errno                             0x08007e2f   Thumb Code    10  _rserrno.o(.text)
    __set_errno                              0x08007e39   Thumb Code    12  _rserrno.o(.text)
    _printf_int_common                       0x08007e45   Thumb Code   178  _printf_intcommon.o(.text)
    _printf_char_file                        0x08007ef9   Thumb Code    32  _printf_char_file.o(.text)
    __aeabi_errno_addr                       0x08007f1d   Thumb Code     8  rt_errno_addr_intlibspace.o(.text)
    __errno$intlibspace                      0x08007f1d   Thumb Code     0  rt_errno_addr_intlibspace.o(.text)
    __rt_errno_addr$intlibspace              0x08007f1d   Thumb Code     0  rt_errno_addr_intlibspace.o(.text)
    _printf_char_common                      0x08007f2f   Thumb Code    32  _printf_char_common.o(.text)
    ferror                                   0x08007f55   Thumb Code     8  ferror.o(.text)
    _initio                                  0x08007f5d   Thumb Code   210  initio.o(.text)
    _terminateio                             0x0800802f   Thumb Code    56  initio.o(.text)
    _sys_open                                0x08008095   Thumb Code    20  sys_io.o(.text)
    _sys_close                               0x080080a9   Thumb Code    12  sys_io.o(.text)
    _sys_write                               0x080080b5   Thumb Code    16  sys_io.o(.text)
    _sys_read                                0x080080c5   Thumb Code    14  sys_io.o(.text)
    _sys_istty                               0x080080d3   Thumb Code    12  sys_io.o(.text)
    _sys_seek                                0x080080df   Thumb Code    14  sys_io.o(.text)
    _sys_ensure                              0x080080ed   Thumb Code     2  sys_io.o(.text)
    _sys_flen                                0x080080ef   Thumb Code    12  sys_io.o(.text)
    __user_libspace                          0x080080fd   Thumb Code     8  libspace.o(.text)
    __user_perproc_libspace                  0x080080fd   Thumb Code     0  libspace.o(.text)
    __user_perthread_libspace                0x080080fd   Thumb Code     0  libspace.o(.text)
    __user_setup_stackheap                   0x08008105   Thumb Code    74  sys_stackheap_outer.o(.text)
    free                                     0x0800814f   Thumb Code    78  h1_free.o(.text)
    __flsbuf                                 0x0800819d   Thumb Code   470  flsbuf.o(.text)
    __flsbuf_byte                            0x0800819d   Thumb Code     0  flsbuf.o(.text)
    __flsbuf_wide                            0x0800819d   Thumb Code     0  flsbuf.o(.text)
    setvbuf                                  0x08008373   Thumb Code    70  setvbuf.o(.text)
    freopen                                  0x080083b9   Thumb Code   158  fopen.o(.text)
    fopen                                    0x08008457   Thumb Code    74  fopen.o(.text)
    _fclose_internal                         0x080084a5   Thumb Code    76  fclose.o(.text)
    fclose                                   0x080084a5   Thumb Code     0  fclose.o(.text)
    exit                                     0x080084f1   Thumb Code    12  exit.o(.text)
    __rt_SIGRTRED                            0x080084fd   Thumb Code    14  defsig_rtred_outer.o(.text)
    __aeabi_memclr4                          0x0800850b   Thumb Code     0  rt_memclr_w.o(.text)
    __aeabi_memclr8                          0x0800850b   Thumb Code     0  rt_memclr_w.o(.text)
    __rt_memclr_w                            0x0800850b   Thumb Code    78  rt_memclr_w.o(.text)
    _memset_w                                0x0800850f   Thumb Code     0  rt_memclr_w.o(.text)
    __I$use$semihosting                      0x08008559   Thumb Code     0  use_no_semi.o(.text)
    __use_no_semihosting_swi                 0x08008559   Thumb Code     2  use_no_semi.o(.text)
    __semihosting_library_function           0x0800855b   Thumb Code     0  indicate_semi.o(.text)
    __rt_heap_descriptor                     0x0800855d   Thumb Code     8  rt_heap_descriptor_intlibspace.o(.text)
    __use_no_heap                            0x08008565   Thumb Code     2  hguard.o(.text)
    __heap$guard                             0x08008567   Thumb Code     2  hguard.o(.text)
    _terminate_user_alloc                    0x08008569   Thumb Code     2  init_alloc.o(.text)
    _init_user_alloc                         0x0800856b   Thumb Code     2  init_alloc.o(.text)
    __Heap_Full                              0x0800856d   Thumb Code    34  init_alloc.o(.text)
    __Heap_Broken                            0x0800858f   Thumb Code     6  init_alloc.o(.text)
    _init_alloc                              0x08008595   Thumb Code    94  init_alloc.o(.text)
    malloc                                   0x080085f3   Thumb Code    94  h1_alloc.o(.text)
    _fseek                                   0x08008651   Thumb Code   242  fseek.o(.text)
    fseek                                    0x08008651   Thumb Code     0  fseek.o(.text)
    _seterr                                  0x08008749   Thumb Code    20  stdio.o(.text)
    _writebuf                                0x0800875d   Thumb Code    84  stdio.o(.text)
    _fflush                                  0x080087b1   Thumb Code    70  stdio.o(.text)
    _deferredlazyseek                        0x080087f7   Thumb Code    60  stdio.o(.text)
    __sig_exit                               0x08008839   Thumb Code    10  defsig_exit.o(.text)
    __rt_SIGRTRED_inner                      0x08008845   Thumb Code    14  defsig_rtred_inner.o(.text)
    strlen                                   0x08008879   Thumb Code    62  strlen.o(.text)
    _sys_exit                                0x080088b9   Thumb Code     8  sys_exit.o(.text)
    __Heap_Initialize                        0x080088c5   Thumb Code    10  h1_init.o(.text)
    __Heap_DescSize                          0x080088cf   Thumb Code     4  h1_init.o(.text)
    __Heap_ProvideMemory                     0x080088d3   Thumb Code    52  h1_extend.o(.text)
    _ftell_internal                          0x08008907   Thumb Code    66  ftell.o(.text)
    ftell                                    0x08008907   Thumb Code     0  ftell.o(.text)
    __default_signal_display                 0x08008949   Thumb Code    50  defsig_general.o(.text)
    __rt_SIGRTMEM                            0x0800897b   Thumb Code    14  defsig_rtmem_outer.o(.text)
    _ttywrch                                 0x08008989   Thumb Code    14  sys_wrch.o(.text)
    __rt_SIGRTMEM_inner                      0x08008999   Thumb Code    22  defsig_rtmem_inner.o(.text)
    __ARM_fpclassify                         0x080089e9   Thumb Code    40  fpclassify.o(i.__ARM_fpclassify)
    __ieee754_rem_pio2                       0x08008a11   Thumb Code   828  rred.o(i.__ieee754_rem_pio2)
    __kernel_cos                             0x08008d99   Thumb Code   230  cos_i.o(i.__kernel_cos)
    __kernel_poly                            0x08008e95   Thumb Code   170  poly.o(i.__kernel_poly)
    __kernel_sin                             0x08008f41   Thumb Code   224  sin_i.o(i.__kernel_sin)
    __mathlib_dbl_infnan                     0x0800902d   Thumb Code     6  dunder.o(i.__mathlib_dbl_infnan)
    __mathlib_dbl_invalid                    0x08009033   Thumb Code    12  dunder.o(i.__mathlib_dbl_invalid)
    __mathlib_dbl_underflow                  0x08009041   Thumb Code    10  dunder.o(i.__mathlib_dbl_underflow)
    ceil                                     0x08009051   Thumb Code   204  ceil.o(i.ceil)
    cos                                      0x0800912d   Thumb Code   148  cos.o(i.cos)
    floor                                    0x080091c9   Thumb Code   204  floor.o(i.floor)
    fputc                                    0x080092a5   Thumb Code    26  fputc.o(i.fputc)
    sin                                      0x080092c1   Thumb Code   150  sin.o(i.sin)
    __aeabi_d2f                              0x08009361   Thumb Code     0  d2f.o(x$fpl$d2f)
    _d2f                                     0x08009361   Thumb Code    98  d2f.o(x$fpl$d2f)
    __aeabi_dadd                             0x080093c5   Thumb Code     0  daddsub_clz.o(x$fpl$dadd)
    _dadd                                    0x080093c5   Thumb Code   332  daddsub_clz.o(x$fpl$dadd)
    __fpl_dcheck_NaN1                        0x08009515   Thumb Code    10  dcheck1.o(x$fpl$dcheck1)
    __fpl_dcmp_Inf                           0x08009525   Thumb Code    24  dcmpi.o(x$fpl$dcmpinf)
    __aeabi_ddiv                             0x0800953d   Thumb Code     0  ddiv.o(x$fpl$ddiv)
    _ddiv                                    0x0800953d   Thumb Code   552  ddiv.o(x$fpl$ddiv)
    __aeabi_d2iz                             0x080097ed   Thumb Code     0  dfix.o(x$fpl$dfix)
    _dfix                                    0x080097ed   Thumb Code    94  dfix.o(x$fpl$dfix)
    __aeabi_d2uiz                            0x0800984d   Thumb Code     0  dfixu.o(x$fpl$dfixu)
    _dfixu                                   0x0800984d   Thumb Code    90  dfixu.o(x$fpl$dfixu)
    __aeabi_i2d                              0x080098a7   Thumb Code     0  dflt_clz.o(x$fpl$dflt)
    _dflt                                    0x080098a7   Thumb Code    46  dflt_clz.o(x$fpl$dflt)
    __aeabi_ui2d                             0x080098d5   Thumb Code     0  dflt_clz.o(x$fpl$dfltu)
    _dfltu                                   0x080098d5   Thumb Code    38  dflt_clz.o(x$fpl$dfltu)
    __aeabi_cdcmple                          0x080098fd   Thumb Code     0  dleqf.o(x$fpl$dleqf)
    _dcmple                                  0x080098fd   Thumb Code   120  dleqf.o(x$fpl$dleqf)
    __fpl_dcmple_InfNaN                      0x0800995f   Thumb Code     0  dleqf.o(x$fpl$dleqf)
    __aeabi_dmul                             0x08009975   Thumb Code     0  dmul.o(x$fpl$dmul)
    _dmul                                    0x08009975   Thumb Code   332  dmul.o(x$fpl$dmul)
    __fpl_dnaninf                            0x08009ac9   Thumb Code   156  dnaninf.o(x$fpl$dnaninf)
    __fpl_dretinf                            0x08009b65   Thumb Code    12  dretinf.o(x$fpl$dretinf)
    __aeabi_cdrcmple                         0x08009b71   Thumb Code     0  drleqf.o(x$fpl$drleqf)
    _drcmple                                 0x08009b71   Thumb Code   108  drleqf.o(x$fpl$drleqf)
    __aeabi_drsub                            0x08009bdd   Thumb Code     0  daddsub_clz.o(x$fpl$drsb)
    _drsb                                    0x08009bdd   Thumb Code    22  daddsub_clz.o(x$fpl$drsb)
    __aeabi_dsub                             0x08009bf5   Thumb Code     0  daddsub_clz.o(x$fpl$dsub)
    _dsub                                    0x08009bf5   Thumb Code   464  daddsub_clz.o(x$fpl$dsub)
    __aeabi_f2d                              0x08009dc9   Thumb Code     0  f2d.o(x$fpl$f2d)
    _f2d                                     0x08009dc9   Thumb Code    86  f2d.o(x$fpl$f2d)
    __aeabi_fadd                             0x08009e21   Thumb Code     0  faddsub_clz.o(x$fpl$fadd)
    _fadd                                    0x08009e21   Thumb Code   196  faddsub_clz.o(x$fpl$fadd)
    __fpl_fcmp_Inf                           0x08009ee5   Thumb Code    24  fcmpi.o(x$fpl$fcmpinf)
    __aeabi_fdiv                             0x08009efd   Thumb Code     0  fdiv.o(x$fpl$fdiv)
    _fdiv                                    0x08009efd   Thumb Code   384  fdiv.o(x$fpl$fdiv)
    __aeabi_cfcmpeq                          0x0800a081   Thumb Code     0  feqf.o(x$fpl$feqf)
    _fcmpeq                                  0x0800a081   Thumb Code   104  feqf.o(x$fpl$feqf)
    __aeabi_f2iz                             0x0800a0e9   Thumb Code     0  ffix.o(x$fpl$ffix)
    _ffix                                    0x0800a0e9   Thumb Code    54  ffix.o(x$fpl$ffix)
    __aeabi_f2uiz                            0x0800a121   Thumb Code     0  ffixu.o(x$fpl$ffixu)
    _ffixu                                   0x0800a121   Thumb Code    62  ffixu.o(x$fpl$ffixu)
    __aeabi_i2f                              0x0800a161   Thumb Code     0  fflt_clz.o(x$fpl$fflt)
    _fflt                                    0x0800a161   Thumb Code    48  fflt_clz.o(x$fpl$fflt)
    __aeabi_cfcmple                          0x0800a191   Thumb Code     0  fleqf.o(x$fpl$fleqf)
    _fcmple                                  0x0800a191   Thumb Code   104  fleqf.o(x$fpl$fleqf)
    __fpl_fcmple_InfNaN                      0x0800a1e3   Thumb Code     0  fleqf.o(x$fpl$fleqf)
    __aeabi_fmul                             0x0800a1f9   Thumb Code     0  fmul.o(x$fpl$fmul)
    _fmul                                    0x0800a1f9   Thumb Code   258  fmul.o(x$fpl$fmul)
    __fpl_fnaninf                            0x0800a2fb   Thumb Code   140  fnaninf.o(x$fpl$fnaninf)
    __fpl_fretinf                            0x0800a387   Thumb Code    10  fretinf.o(x$fpl$fretinf)
    __aeabi_cfrcmple                         0x0800a391   Thumb Code     0  frleqf.o(x$fpl$frleqf)
    _frcmple                                 0x0800a391   Thumb Code    98  frleqf.o(x$fpl$frleqf)
    __aeabi_fsub                             0x0800a3f5   Thumb Code     0  faddsub_clz.o(x$fpl$fsub)
    _fsub                                    0x0800a3f5   Thumb Code   234  faddsub_clz.o(x$fpl$fsub)
    __fpl_return_NaN                         0x0800a4df   Thumb Code   100  retnan.o(x$fpl$retnan)
    __ARM_scalbn                             0x0800a543   Thumb Code    92  scalbn.o(x$fpl$scalbn)
    __fpl_cmpreturn                          0x0800a59f   Thumb Code    48  trapv.o(x$fpl$trapveneer)
    __I$use$fp                               0x0800a5ce   Number         0  usenofp.o(x$fpl$usenofp)
    gui_gbk32                                0x0800a5d0   Data          32  flash_font.o(.constdata)
    acFont32_ASCII_0020                      0x0800a5f0   Data          32  f32.o(.constdata)
    acFont32_ASCII_0021                      0x0800a610   Data          32  f32.o(.constdata)
    acFont32_ASCII_0022                      0x0800a630   Data          64  f32.o(.constdata)
    acFont32_ASCII_0023                      0x0800a670   Data          64  f32.o(.constdata)
    acFont32_ASCII_0024                      0x0800a6b0   Data          64  f32.o(.constdata)
    acFont32_ASCII_0025                      0x0800a6f0   Data          96  f32.o(.constdata)
    acFont32_ASCII_0026                      0x0800a750   Data          96  f32.o(.constdata)
    acFont32_ASCII_0027                      0x0800a7b0   Data          32  f32.o(.constdata)
    acFont32_ASCII_0028                      0x0800a7d0   Data          64  f32.o(.constdata)
    acFont32_ASCII_0029                      0x0800a810   Data          64  f32.o(.constdata)
    acFont32_ASCII_002A                      0x0800a850   Data          64  f32.o(.constdata)
    acFont32_ASCII_002B                      0x0800a890   Data          64  f32.o(.constdata)
    acFont32_ASCII_002C                      0x0800a8d0   Data          32  f32.o(.constdata)
    acFont32_ASCII_002D                      0x0800a8f0   Data          64  f32.o(.constdata)
    acFont32_ASCII_002E                      0x0800a930   Data          32  f32.o(.constdata)
    acFont32_ASCII_002F                      0x0800a950   Data          32  f32.o(.constdata)
    acFont32_ASCII_0030                      0x0800a970   Data          64  f32.o(.constdata)
    acFont32_ASCII_0031                      0x0800a9b0   Data          64  f32.o(.constdata)
    acFont32_ASCII_0032                      0x0800a9f0   Data          64  f32.o(.constdata)
    acFont32_ASCII_0033                      0x0800aa30   Data          64  f32.o(.constdata)
    acFont32_ASCII_0034                      0x0800aa70   Data          64  f32.o(.constdata)
    acFont32_ASCII_0035                      0x0800aab0   Data          64  f32.o(.constdata)
    acFont32_ASCII_0036                      0x0800aaf0   Data          64  f32.o(.constdata)
    acFont32_ASCII_0037                      0x0800ab30   Data          64  f32.o(.constdata)
    acFont32_ASCII_0038                      0x0800ab70   Data          64  f32.o(.constdata)
    acFont32_ASCII_0039                      0x0800abb0   Data          64  f32.o(.constdata)
    acFont32_ASCII_003A                      0x0800abf0   Data          32  f32.o(.constdata)
    acFont32_ASCII_003B                      0x0800ac10   Data          32  f32.o(.constdata)
    acFont32_ASCII_003C                      0x0800ac30   Data          64  f32.o(.constdata)
    acFont32_ASCII_003D                      0x0800ac70   Data          64  f32.o(.constdata)
    acFont32_ASCII_003E                      0x0800acb0   Data          64  f32.o(.constdata)
    acFont32_ASCII_003F                      0x0800acf0   Data          64  f32.o(.constdata)
    acFont32_ASCII_0040                      0x0800ad30   Data         128  f32.o(.constdata)
    acFont32_ASCII_0041                      0x0800adb0   Data          96  f32.o(.constdata)
    acFont32_ASCII_0042                      0x0800ae10   Data          96  f32.o(.constdata)
    acFont32_ASCII_0043                      0x0800ae70   Data          96  f32.o(.constdata)
    acFont32_ASCII_0044                      0x0800aed0   Data          96  f32.o(.constdata)
    acFont32_ASCII_0045                      0x0800af30   Data          96  f32.o(.constdata)
    acFont32_ASCII_0046                      0x0800af90   Data          96  f32.o(.constdata)
    acFont32_ASCII_0047                      0x0800aff0   Data          96  f32.o(.constdata)
    acFont32_ASCII_0048                      0x0800b050   Data          96  f32.o(.constdata)
    acFont32_ASCII_0049                      0x0800b0b0   Data          32  f32.o(.constdata)
    acFont32_ASCII_004A                      0x0800b0d0   Data          64  f32.o(.constdata)
    acFont32_ASCII_004B                      0x0800b110   Data          96  f32.o(.constdata)
    acFont32_ASCII_004C                      0x0800b170   Data          64  f32.o(.constdata)
    acFont32_ASCII_004D                      0x0800b1b0   Data          96  f32.o(.constdata)
    acFont32_ASCII_004E                      0x0800b210   Data          96  f32.o(.constdata)
    acFont32_ASCII_004F                      0x0800b270   Data          96  f32.o(.constdata)
    acFont32_ASCII_0050                      0x0800b2d0   Data          96  f32.o(.constdata)
    acFont32_ASCII_0051                      0x0800b330   Data          96  f32.o(.constdata)
    acFont32_ASCII_0052                      0x0800b390   Data          96  f32.o(.constdata)
    acFont32_ASCII_0053                      0x0800b3f0   Data          96  f32.o(.constdata)
    acFont32_ASCII_0054                      0x0800b450   Data          64  f32.o(.constdata)
    acFont32_ASCII_0055                      0x0800b490   Data          96  f32.o(.constdata)
    acFont32_ASCII_0056                      0x0800b4f0   Data          96  f32.o(.constdata)
    acFont32_ASCII_0057                      0x0800b550   Data         128  f32.o(.constdata)
    acFont32_ASCII_0058                      0x0800b5d0   Data          96  f32.o(.constdata)
    acFont32_ASCII_0059                      0x0800b630   Data          96  f32.o(.constdata)
    acFont32_ASCII_005A                      0x0800b690   Data          96  f32.o(.constdata)
    acFont32_ASCII_005B                      0x0800b6f0   Data          32  f32.o(.constdata)
    acFont32_ASCII_005C                      0x0800b710   Data          32  f32.o(.constdata)
    acFont32_ASCII_005D                      0x0800b730   Data          32  f32.o(.constdata)
    acFont32_ASCII_005E                      0x0800b750   Data          64  f32.o(.constdata)
    acFont32_ASCII_005F                      0x0800b790   Data          64  f32.o(.constdata)
    acFont32_ASCII_0060                      0x0800b7d0   Data          64  f32.o(.constdata)
    acFont32_ASCII_0061                      0x0800b810   Data          64  f32.o(.constdata)
    acFont32_ASCII_0062                      0x0800b850   Data          64  f32.o(.constdata)
    acFont32_ASCII_0063                      0x0800b890   Data          64  f32.o(.constdata)
    acFont32_ASCII_0064                      0x0800b8d0   Data          64  f32.o(.constdata)
    acFont32_ASCII_0065                      0x0800b910   Data          64  f32.o(.constdata)
    acFont32_ASCII_0066                      0x0800b950   Data          32  f32.o(.constdata)
    acFont32_ASCII_0067                      0x0800b970   Data          64  f32.o(.constdata)
    acFont32_ASCII_0068                      0x0800b9b0   Data          64  f32.o(.constdata)
    acFont32_ASCII_0069                      0x0800b9f0   Data          32  f32.o(.constdata)
    acFont32_ASCII_006A                      0x0800ba10   Data          32  f32.o(.constdata)
    acFont32_ASCII_006B                      0x0800ba30   Data          64  f32.o(.constdata)
    acFont32_ASCII_006C                      0x0800ba70   Data          32  f32.o(.constdata)
    acFont32_ASCII_006D                      0x0800ba90   Data          96  f32.o(.constdata)
    acFont32_ASCII_006E                      0x0800baf0   Data          64  f32.o(.constdata)
    acFont32_ASCII_006F                      0x0800bb30   Data          64  f32.o(.constdata)
    acFont32_ASCII_0070                      0x0800bb70   Data          64  f32.o(.constdata)
    acFont32_ASCII_0071                      0x0800bbb0   Data          64  f32.o(.constdata)
    acFont32_ASCII_0072                      0x0800bbf0   Data          64  f32.o(.constdata)
    acFont32_ASCII_0073                      0x0800bc30   Data          64  f32.o(.constdata)
    acFont32_ASCII_0074                      0x0800bc70   Data          32  f32.o(.constdata)
    acFont32_ASCII_0075                      0x0800bc90   Data          64  f32.o(.constdata)
    acFont32_ASCII_0076                      0x0800bcd0   Data          64  f32.o(.constdata)
    acFont32_ASCII_0077                      0x0800bd10   Data          96  f32.o(.constdata)
    acFont32_ASCII_0078                      0x0800bd70   Data          64  f32.o(.constdata)
    acFont32_ASCII_0079                      0x0800bdb0   Data          64  f32.o(.constdata)
    acFont32_ASCII_007A                      0x0800bdf0   Data          64  f32.o(.constdata)
    acFont32_ASCII_007B                      0x0800be30   Data          64  f32.o(.constdata)
    acFont32_ASCII_007C                      0x0800be70   Data          32  f32.o(.constdata)
    acFont32_ASCII_007D                      0x0800be90   Data          64  f32.o(.constdata)
    acFont32_ASCII_007E                      0x0800bed0   Data          64  f32.o(.constdata)
    GUI_Font32_ASCII_CharInfo                0x0800bf10   Data        1520  f32.o(.constdata)
    gui_font32                               0x0800c500   Data          32  f32.o(.constdata)
    wave_begin                               0x0800c520   Data          32  gde043a2.o(.constdata)
    wave_end                                 0x0800c540   Data          16  gde043a2.o(.constdata)
    pwd                                      0x0800c550   Data          24  protocol.o(.constdata)
    __stdin_name                             0x0800c6b0   Data           4  sys_io.o(.constdata)
    __stdout_name                            0x0800c6b4   Data           4  sys_io.o(.constdata)
    __stderr_name                            0x0800c6b8   Data           4  sys_io.o(.constdata)
    Region$$Table$$Base                      0x0800c6c8   Number         0  anon$$obj.o(Region$$Table)
    Region$$Table$$Limit                     0x0800c6e8   Number         0  anon$$obj.o(Region$$Table)
    TransferError                            0x20000014   Data           1  sdcard.o(.data)
    TransferEnd                              0x2000002c   Data           4  sdcard.o(.data)
    NumberOfBytes                            0x20000030   Data           4  sdcard.o(.data)
    SrcBuffer                                0x20000034   Data           4  sdcard.o(.data)
    DestBuffer                               0x20000038   Data           4  sdcard.o(.data)
    gui_drawmode                             0x2000004c   Data           4  gui.o(.data)
    gui_color                                0x20000050   Data           8  gui.o(.data)
    memory_mode                              0x20000060   Data           1  protocol.o(.data)
    ptr_gui_font                             0x20000074   Data           8  gui_font.o(.data)
    __aeabi_stdin                            0x2000007c   Data           4  stdio_streams.o(.data)
    __aeabi_stdout                           0x20000080   Data           4  stdio_streams.o(.data)
    __aeabi_stderr                           0x20000084   Data           4  stdio_streams.o(.data)
    fs                                       0x20000088   Data         560  main.o(.bss)
    SDIO_InitStructure                       0x200002d8   Data          24  sdcard.o(.bss)
    SDIO_CmdInitStructure                    0x200002f0   Data          20  sdcard.o(.bss)
    SDIO_DataInitStructure                   0x20000304   Data          24  sdcard.o(.bss)
    cpu_id                                   0x20001034   Data          12  protocol.o(.bss)
    write_buff                               0x20001040   Data          64  protocol.o(.bss)
    __stdin                                  0x20003718   Data          84  stdio_streams.o(.bss)
    __stdout                                 0x2000376c   Data          84  stdio_streams.o(.bss)
    __stderr                                 0x200037c0   Data          84  stdio_streams.o(.bss)
    __libspace_start                         0x20003814   Data          96  libspace.o(.bss)
    __temporary_stack_top$libspace           0x20003874   Data           0  libspace.o(.bss)



==============================================================================

Memory Map of the image

  Image Entry point : 0x08000131

  Load Region LR_IROM1 (Base: 0x08000000, Size: 0x0000c770, Max: 0x00080000, ABSOLUTE)

    Execution Region ER_IROM1 (Base: 0x08000000, Size: 0x0000c6e8, Max: 0x00080000, ABSOLUTE)

    Base Addr    Size         Type   Attr      Idx    E Section Name        Object

    0x08000000   0x00000130   Data   RO            3    RESET               startup_stm32f10x_hd.o
    0x08000130   0x00000008   Code   RO         1380  * !!!main             c_w.l(__main.o)
    0x08000138   0x00000034   Code   RO         1871    !!!scatter          c_w.l(__scatter.o)
    0x0800016c   0x0000001a   Code   RO         1873    !!handler_copy      c_w.l(__scatter_copy.o)
    0x08000186   0x00000002   PAD
    0x08000188   0x0000001c   Code   RO         1875    !!handler_zi        c_w.l(__scatter_zi.o)
    0x080001a4   0x00000000   Code   RO         1365    .ARM.Collect$$_printf_percent$$00000000  c_w.l(_printf_percent.o)
    0x080001a4   0x00000006   Code   RO         1364    .ARM.Collect$$_printf_percent$$0000000C  c_w.l(_printf_x.o)
    0x080001aa   0x00000004   Code   RO         1469    .ARM.Collect$$_printf_percent$$00000017  c_w.l(_printf_percent_end.o)
    0x080001ae   0x00000002   Code   RO         1663    .ARM.Collect$$libinit$$00000000  c_w.l(libinit.o)
    0x080001b0   0x00000000   Code   RO         1665    .ARM.Collect$$libinit$$00000002  c_w.l(libinit2.o)
    0x080001b0   0x00000000   Code   RO         1667    .ARM.Collect$$libinit$$00000004  c_w.l(libinit2.o)
    0x080001b0   0x00000008   Code   RO         1668    .ARM.Collect$$libinit$$00000005  c_w.l(libinit2.o)
    0x080001b8   0x00000000   Code   RO         1670    .ARM.Collect$$libinit$$0000000A  c_w.l(libinit2.o)
    0x080001b8   0x00000000   Code   RO         1672    .ARM.Collect$$libinit$$0000000C  c_w.l(libinit2.o)
    0x080001b8   0x00000000   Code   RO         1674    .ARM.Collect$$libinit$$0000000E  c_w.l(libinit2.o)
    0x080001b8   0x00000000   Code   RO         1677    .ARM.Collect$$libinit$$00000011  c_w.l(libinit2.o)
    0x080001b8   0x00000000   Code   RO         1679    .ARM.Collect$$libinit$$00000013  c_w.l(libinit2.o)
    0x080001b8   0x00000000   Code   RO         1681    .ARM.Collect$$libinit$$00000015  c_w.l(libinit2.o)
    0x080001b8   0x00000000   Code   RO         1683    .ARM.Collect$$libinit$$00000017  c_w.l(libinit2.o)
    0x080001b8   0x00000000   Code   RO         1685    .ARM.Collect$$libinit$$00000019  c_w.l(libinit2.o)
    0x080001b8   0x00000000   Code   RO         1687    .ARM.Collect$$libinit$$0000001B  c_w.l(libinit2.o)
    0x080001b8   0x00000000   Code   RO         1689    .ARM.Collect$$libinit$$0000001D  c_w.l(libinit2.o)
    0x080001b8   0x00000000   Code   RO         1691    .ARM.Collect$$libinit$$0000001F  c_w.l(libinit2.o)
    0x080001b8   0x00000000   Code   RO         1693    .ARM.Collect$$libinit$$00000021  c_w.l(libinit2.o)
    0x080001b8   0x00000000   Code   RO         1695    .ARM.Collect$$libinit$$00000023  c_w.l(libinit2.o)
    0x080001b8   0x00000004   Code   RO         1696    .ARM.Collect$$libinit$$00000024  c_w.l(libinit2.o)
    0x080001bc   0x00000000   Code   RO         1697    .ARM.Collect$$libinit$$00000025  c_w.l(libinit2.o)
    0x080001bc   0x00000000   Code   RO         1701    .ARM.Collect$$libinit$$0000002C  c_w.l(libinit2.o)
    0x080001bc   0x00000000   Code   RO         1703    .ARM.Collect$$libinit$$0000002E  c_w.l(libinit2.o)
    0x080001bc   0x00000000   Code   RO         1705    .ARM.Collect$$libinit$$00000030  c_w.l(libinit2.o)
    0x080001bc   0x00000000   Code   RO         1707    .ARM.Collect$$libinit$$00000032  c_w.l(libinit2.o)
    0x080001bc   0x00000002   Code   RO         1708    .ARM.Collect$$libinit$$00000033  c_w.l(libinit2.o)
    0x080001be   0x00000002   Code   RO         1850    .ARM.Collect$$libshutdown$$00000000  c_w.l(libshutdown.o)
    0x080001c0   0x00000004   Code   RO         1710    .ARM.Collect$$libshutdown$$00000002  c_w.l(libshutdown2.o)
    0x080001c4   0x00000000   Code   RO         1711    .ARM.Collect$$libshutdown$$00000003  c_w.l(libshutdown2.o)
    0x080001c4   0x00000000   Code   RO         1714    .ARM.Collect$$libshutdown$$00000006  c_w.l(libshutdown2.o)
    0x080001c4   0x00000000   Code   RO         1717    .ARM.Collect$$libshutdown$$00000009  c_w.l(libshutdown2.o)
    0x080001c4   0x00000000   Code   RO         1719    .ARM.Collect$$libshutdown$$0000000B  c_w.l(libshutdown2.o)
    0x080001c4   0x00000000   Code   RO         1722    .ARM.Collect$$libshutdown$$0000000E  c_w.l(libshutdown2.o)
    0x080001c4   0x00000002   Code   RO         1723    .ARM.Collect$$libshutdown$$0000000F  c_w.l(libshutdown2.o)
    0x080001c6   0x00000000   Code   RO         1462    .ARM.Collect$$rtentry$$00000000  c_w.l(__rtentry.o)
    0x080001c6   0x00000000   Code   RO         1524    .ARM.Collect$$rtentry$$00000002  c_w.l(__rtentry2.o)
    0x080001c6   0x00000006   Code   RO         1536    .ARM.Collect$$rtentry$$00000004  c_w.l(__rtentry4.o)
    0x080001cc   0x00000000   Code   RO         1526    .ARM.Collect$$rtentry$$00000009  c_w.l(__rtentry2.o)
    0x080001cc   0x00000004   Code   RO         1527    .ARM.Collect$$rtentry$$0000000A  c_w.l(__rtentry2.o)
    0x080001d0   0x00000000   Code   RO         1529    .ARM.Collect$$rtentry$$0000000C  c_w.l(__rtentry2.o)
    0x080001d0   0x00000008   Code   RO         1530    .ARM.Collect$$rtentry$$0000000D  c_w.l(__rtentry2.o)
    0x080001d8   0x00000002   Code   RO         1733    .ARM.Collect$$rtexit$$00000000  c_w.l(rtexit.o)
    0x080001da   0x00000000   Code   RO         1791    .ARM.Collect$$rtexit$$00000002  c_w.l(rtexit2.o)
    0x080001da   0x00000004   Code   RO         1792    .ARM.Collect$$rtexit$$00000003  c_w.l(rtexit2.o)
    0x080001de   0x00000006   Code   RO         1793    .ARM.Collect$$rtexit$$00000004  c_w.l(rtexit2.o)
    0x080001e4   0x00000000   Code   RO         1797    .emb_text           c_w.l(maybetermalloc1.o)
    0x080001e4   0x00000048   Code   RO            4    .text               startup_stm32f10x_hd.o
    0x0800022c   0x000000b0   Code   RO           10    .text               misc.o
    0x080002dc   0x000001b4   Code   RO          154    .text               stm32f10x_dma.o
    0x08000490   0x000000fc   Code   RO          169    .text               stm32f10x_exti.o
    0x0800058c   0x00000478   Code   RO          199    .text               stm32f10x_fsmc.o
    0x08000a04   0x00000240   Code   RO          214    .text               stm32f10x_gpio.o
    0x08000c44   0x000002b0   Code   RO          274    .text               stm32f10x_rcc.o
    0x08000ef4   0x000001a4   Code   RO          307    .text               stm32f10x_sdio.o
    0x08001098   0x000000e0   Code   RO          383    .text               system_stm32f10x.o
    0x08001178   0x000000e0   Code   RO          426    .text               main.o
    0x08001258   0x000000a4   Code   RO          510    .text               stm32f10x_it.o
    0x080012fc   0x00001aa0   Code   RO          525    .text               sdcard.o
    0x08002d9c   0x000000d0   Code   RO          542    .text               arm_cortex_m.o
    0x08002e6c   0x000017ac   Code   RO          939    .text               ff.o
    0x08004618   0x000000f8   Code   RO          966    .text               diskio.o
    0x08004710   0x00000040   Code   RO          983    .text               minigui.lib(gui.o)
    0x08004750   0x000005b8   Code   RO         1084    .text               minigui.lib(gui_base.o)
    0x08004d08   0x00000738   Code   RO         1104    .text               epd.lib(gde043a2.o)
    0x08005440   0x000000b4   Code   RO         1121    .text               epd.lib(protocol.o)
    0x080054f4   0x0000010c   Code   RO         1186    .text               minigui.lib(gui_color.o)
    0x08005600   0x00000484   Code   RO         1198    .text               minigui.lib(gui_font.o)
    0x08005a84   0x00000218   Code   RO         1236    .text               minigui.lib(lcd_l0.o)
    0x08005c9c   0x00000108   Code   RO         1254    .text               epd.lib(fsmc_sram.o)
    0x08005da4   0x00000530   Code   RO         1275    .text               epd.lib(fsmc_nand.o)
    0x080062d4   0x000011d2   Code   RO         1289    .text               epd.lib(des.o)
    0x080074a6   0x00000002   PAD
    0x080074a8   0x00000684   Code   RO         1301    .text               epd.lib(nand_fs.o)
    0x08007b2c   0x00000018   Code   RO         1319    .text               c_w.l(noretval__2printf.o)
    0x08007b44   0x00000068   Code   RO         1321    .text               c_w.l(__printf.o)
    0x08007bac   0x00000058   Code   RO         1326    .text               c_w.l(_printf_hex_int.o)
    0x08007c04   0x00000058   Code   RO         1366    .text               c_w.l(memcmp.o)
    0x08007c5c   0x00000048   Code   RO         1368    .text               c_w.l(strcpy.o)
    0x08007ca4   0x00000016   Code   RO         1370    .text               c_w.l(strrchr.o)
    0x08007cba   0x0000008a   Code   RO         1372    .text               c_w.l(rt_memcpy_v6.o)
    0x08007d44   0x00000064   Code   RO         1374    .text               c_w.l(rt_memcpy_w.o)
    0x08007da8   0x00000080   Code   RO         1376    .text               c_w.l(strcmpv7m.o)
    0x08007e28   0x00000006   Code   RO         1378    .text               c_w.l(heapauxi.o)
    0x08007e2e   0x00000016   Code   RO         1463    .text               c_w.l(_rserrno.o)
    0x08007e44   0x000000b2   Code   RO         1465    .text               c_w.l(_printf_intcommon.o)
    0x08007ef6   0x00000002   PAD
    0x08007ef8   0x00000024   Code   RO         1467    .text               c_w.l(_printf_char_file.o)
    0x08007f1c   0x00000008   Code   RO         1541    .text               c_w.l(rt_errno_addr_intlibspace.o)
    0x08007f24   0x00000030   Code   RO         1543    .text               c_w.l(_printf_char_common.o)
    0x08007f54   0x00000008   Code   RO         1545    .text               c_w.l(ferror.o)
    0x08007f5c   0x00000138   Code   RO         1551    .text               c_w.l(initio.o)
    0x08008094   0x00000066   Code   RO         1567    .text               c_w.l(sys_io.o)
    0x080080fa   0x00000002   PAD
    0x080080fc   0x00000008   Code   RO         1572    .text               c_w.l(libspace.o)
    0x08008104   0x0000004a   Code   RO         1577    .text               c_w.l(sys_stackheap_outer.o)
    0x0800814e   0x0000004e   Code   RO         1581    .text               c_w.l(h1_free.o)
    0x0800819c   0x000001d6   Code   RO         1637    .text               c_w.l(flsbuf.o)
    0x08008372   0x00000046   Code   RO         1639    .text               c_w.l(setvbuf.o)
    0x080083b8   0x000000ec   Code   RO         1642    .text               c_w.l(fopen.o)
    0x080084a4   0x0000004c   Code   RO         1644    .text               c_w.l(fclose.o)
    0x080084f0   0x0000000c   Code   RO         1650    .text               c_w.l(exit.o)
    0x080084fc   0x0000000e   Code   RO         1652    .text               c_w.l(defsig_rtred_outer.o)
    0x0800850a   0x0000004e   Code   RO         1656    .text               c_w.l(rt_memclr_w.o)
    0x08008558   0x00000002   Code   RO         1730    .text               c_w.l(use_no_semi.o)
    0x0800855a   0x00000000   Code   RO         1732    .text               c_w.l(indicate_semi.o)
    0x0800855a   0x00000002   PAD
    0x0800855c   0x00000008   Code   RO         1740    .text               c_w.l(rt_heap_descriptor_intlibspace.o)
    0x08008564   0x00000004   Code   RO         1742    .text               c_w.l(hguard.o)
    0x08008568   0x0000008a   Code   RO         1744    .text               c_w.l(init_alloc.o)
    0x080085f2   0x0000005e   Code   RO         1750    .text               c_w.l(h1_alloc.o)
    0x08008650   0x000000f8   Code   RO         1766    .text               c_w.l(fseek.o)
    0x08008748   0x000000f0   Code   RO         1768    .text               c_w.l(stdio.o)
    0x08008838   0x0000000a   Code   RO         1774    .text               c_w.l(defsig_exit.o)
    0x08008842   0x00000002   PAD
    0x08008844   0x00000034   Code   RO         1776    .text               c_w.l(defsig_rtred_inner.o)
    0x08008878   0x0000003e   Code   RO         1780    .text               c_w.l(strlen.o)
    0x080088b6   0x00000002   PAD
    0x080088b8   0x0000000c   Code   RO         1788    .text               c_w.l(sys_exit.o)
    0x080088c4   0x0000000e   Code   RO         1799    .text               c_w.l(h1_init.o)
    0x080088d2   0x00000034   Code   RO         1801    .text               c_w.l(h1_extend.o)
    0x08008906   0x00000042   Code   RO         1811    .text               c_w.l(ftell.o)
    0x08008948   0x00000032   Code   RO         1819    .text               c_w.l(defsig_general.o)
    0x0800897a   0x0000000e   Code   RO         1821    .text               c_w.l(defsig_rtmem_outer.o)
    0x08008988   0x0000000e   Code   RO         1836    .text               c_w.l(sys_wrch.o)
    0x08008996   0x00000002   PAD
    0x08008998   0x00000050   Code   RO         1844    .text               c_w.l(defsig_rtmem_inner.o)
    0x080089e8   0x00000028   Code   RO         1563    i.__ARM_fpclassify  m_ws.l(fpclassify.o)
    0x08008a10   0x00000388   Code   RO         1512    i.__ieee754_rem_pio2  m_ws.l(rred.o)
    0x08008d98   0x000000fc   Code   RO         1495    i.__kernel_cos      m_ws.l(cos_i.o)
    0x08008e94   0x000000aa   Code   RO         1565    i.__kernel_poly     m_ws.l(poly.o)
    0x08008f3e   0x00000002   PAD
    0x08008f40   0x000000ec   Code   RO         1517    i.__kernel_sin      m_ws.l(sin_i.o)
    0x0800902c   0x00000006   Code   RO         1499    i.__mathlib_dbl_infnan  m_ws.l(dunder.o)
    0x08009032   0x0000000c   Code   RO         1501    i.__mathlib_dbl_invalid  m_ws.l(dunder.o)
    0x0800903e   0x00000002   PAD
    0x08009040   0x00000010   Code   RO         1504    i.__mathlib_dbl_underflow  m_ws.l(dunder.o)
    0x08009050   0x000000dc   Code   RO         1439    i.ceil              m_ws.l(ceil.o)
    0x0800912c   0x0000009c   Code   RO         1443    i.cos               m_ws.l(cos.o)
    0x080091c8   0x000000dc   Code   RO         1451    i.floor             m_ws.l(floor.o)
    0x080092a4   0x0000001a   Code   RO         1548    i.fputc             c_w.l(fputc.o)
    0x080092be   0x00000002   PAD
    0x080092c0   0x000000a0   Code   RO         1455    i.sin               m_ws.l(sin.o)
    0x08009360   0x00000062   Code   RO         1382    x$fpl$d2f           fz_ws.l(d2f.o)
    0x080093c2   0x00000002   PAD
    0x080093c4   0x00000150   Code   RO         1476    x$fpl$dadd          fz_ws.l(daddsub_clz.o)
    0x08009514   0x00000010   Code   RO         1726    x$fpl$dcheck1       fz_ws.l(dcheck1.o)
    0x08009524   0x00000018   Code   RO         1728    x$fpl$dcmpinf       fz_ws.l(dcmpi.o)
    0x0800953c   0x000002b0   Code   RO         1385    x$fpl$ddiv          fz_ws.l(ddiv.o)
    0x080097ec   0x0000005e   Code   RO         1388    x$fpl$dfix          fz_ws.l(dfix.o)
    0x0800984a   0x00000002   PAD
    0x0800984c   0x0000005a   Code   RO         1392    x$fpl$dfixu         fz_ws.l(dfixu.o)
    0x080098a6   0x0000002e   Code   RO         1397    x$fpl$dflt          fz_ws.l(dflt_clz.o)
    0x080098d4   0x00000026   Code   RO         1396    x$fpl$dfltu         fz_ws.l(dflt_clz.o)
    0x080098fa   0x00000002   PAD
    0x080098fc   0x00000078   Code   RO         1559    x$fpl$dleqf         fz_ws.l(dleqf.o)
    0x08009974   0x00000154   Code   RO         1402    x$fpl$dmul          fz_ws.l(dmul.o)
    0x08009ac8   0x0000009c   Code   RO         1482    x$fpl$dnaninf       fz_ws.l(dnaninf.o)
    0x08009b64   0x0000000c   Code   RO         1484    x$fpl$dretinf       fz_ws.l(dretinf.o)
    0x08009b70   0x0000006c   Code   RO         1486    x$fpl$drleqf        fz_ws.l(drleqf.o)
    0x08009bdc   0x00000016   Code   RO         1477    x$fpl$drsb          fz_ws.l(daddsub_clz.o)
    0x08009bf2   0x00000002   PAD
    0x08009bf4   0x000001d4   Code   RO         1478    x$fpl$dsub          fz_ws.l(daddsub_clz.o)
    0x08009dc8   0x00000056   Code   RO         1404    x$fpl$f2d           fz_ws.l(f2d.o)
    0x08009e1e   0x00000002   PAD
    0x08009e20   0x000000c4   Code   RO         1406    x$fpl$fadd          fz_ws.l(faddsub_clz.o)
    0x08009ee4   0x00000018   Code   RO         1488    x$fpl$fcmpinf       fz_ws.l(fcmpi.o)
    0x08009efc   0x00000184   Code   RO         1413    x$fpl$fdiv          fz_ws.l(fdiv.o)
    0x0800a080   0x00000068   Code   RO         1416    x$fpl$feqf          fz_ws.l(feqf.o)
    0x0800a0e8   0x00000036   Code   RO         1418    x$fpl$ffix          fz_ws.l(ffix.o)
    0x0800a11e   0x00000002   PAD
    0x0800a120   0x0000003e   Code   RO         1422    x$fpl$ffixu         fz_ws.l(ffixu.o)
    0x0800a15e   0x00000002   PAD
    0x0800a160   0x00000030   Code   RO         1427    x$fpl$fflt          fz_ws.l(fflt_clz.o)
    0x0800a190   0x00000068   Code   RO         1432    x$fpl$fleqf         fz_ws.l(fleqf.o)
    0x0800a1f8   0x00000102   Code   RO         1434    x$fpl$fmul          fz_ws.l(fmul.o)
    0x0800a2fa   0x0000008c   Code   RO         1490    x$fpl$fnaninf       fz_ws.l(fnaninf.o)
    0x0800a386   0x0000000a   Code   RO         1492    x$fpl$fretinf       fz_ws.l(fretinf.o)
    0x0800a390   0x00000062   Code   RO         1436    x$fpl$frleqf        fz_ws.l(frleqf.o)
    0x0800a3f2   0x00000002   PAD
    0x0800a3f4   0x000000ea   Code   RO         1408    x$fpl$fsub          fz_ws.l(faddsub_clz.o)
    0x0800a4de   0x00000064   Code   RO         1786    x$fpl$retnan        fz_ws.l(retnan.o)
    0x0800a542   0x0000005c   Code   RO         1561    x$fpl$scalbn        fz_ws.l(scalbn.o)
    0x0800a59e   0x00000030   Code   RO         1834    x$fpl$trapveneer    fz_ws.l(trapv.o)
    0x0800a5ce   0x00000000   Code   RO         1494    x$fpl$usenofp       fz_ws.l(usenofp.o)
    0x0800a5ce   0x00000002   PAD
    0x0800a5d0   0x00000020   Data   RO          559    .constdata          flash_font.o
    0x0800a5f0   0x00000020   Data   RO          721    .constdata          f32.o
    0x0800a610   0x00000020   Data   RO          722    .constdata          f32.o
    0x0800a630   0x00000040   Data   RO          723    .constdata          f32.o
    0x0800a670   0x00000040   Data   RO          724    .constdata          f32.o
    0x0800a6b0   0x00000040   Data   RO          725    .constdata          f32.o
    0x0800a6f0   0x00000060   Data   RO          726    .constdata          f32.o
    0x0800a750   0x00000060   Data   RO          727    .constdata          f32.o
    0x0800a7b0   0x00000020   Data   RO          728    .constdata          f32.o
    0x0800a7d0   0x00000040   Data   RO          729    .constdata          f32.o
    0x0800a810   0x00000040   Data   RO          730    .constdata          f32.o
    0x0800a850   0x00000040   Data   RO          731    .constdata          f32.o
    0x0800a890   0x00000040   Data   RO          732    .constdata          f32.o
    0x0800a8d0   0x00000020   Data   RO          733    .constdata          f32.o
    0x0800a8f0   0x00000040   Data   RO          734    .constdata          f32.o
    0x0800a930   0x00000020   Data   RO          735    .constdata          f32.o
    0x0800a950   0x00000020   Data   RO          736    .constdata          f32.o
    0x0800a970   0x00000040   Data   RO          737    .constdata          f32.o
    0x0800a9b0   0x00000040   Data   RO          738    .constdata          f32.o
    0x0800a9f0   0x00000040   Data   RO          739    .constdata          f32.o
    0x0800aa30   0x00000040   Data   RO          740    .constdata          f32.o
    0x0800aa70   0x00000040   Data   RO          741    .constdata          f32.o
    0x0800aab0   0x00000040   Data   RO          742    .constdata          f32.o
    0x0800aaf0   0x00000040   Data   RO          743    .constdata          f32.o
    0x0800ab30   0x00000040   Data   RO          744    .constdata          f32.o
    0x0800ab70   0x00000040   Data   RO          745    .constdata          f32.o
    0x0800abb0   0x00000040   Data   RO          746    .constdata          f32.o
    0x0800abf0   0x00000020   Data   RO          747    .constdata          f32.o
    0x0800ac10   0x00000020   Data   RO          748    .constdata          f32.o
    0x0800ac30   0x00000040   Data   RO          749    .constdata          f32.o
    0x0800ac70   0x00000040   Data   RO          750    .constdata          f32.o
    0x0800acb0   0x00000040   Data   RO          751    .constdata          f32.o
    0x0800acf0   0x00000040   Data   RO          752    .constdata          f32.o
    0x0800ad30   0x00000080   Data   RO          753    .constdata          f32.o
    0x0800adb0   0x00000060   Data   RO          754    .constdata          f32.o
    0x0800ae10   0x00000060   Data   RO          755    .constdata          f32.o
    0x0800ae70   0x00000060   Data   RO          756    .constdata          f32.o
    0x0800aed0   0x00000060   Data   RO          757    .constdata          f32.o
    0x0800af30   0x00000060   Data   RO          758    .constdata          f32.o
    0x0800af90   0x00000060   Data   RO          759    .constdata          f32.o
    0x0800aff0   0x00000060   Data   RO          760    .constdata          f32.o
    0x0800b050   0x00000060   Data   RO          761    .constdata          f32.o
    0x0800b0b0   0x00000020   Data   RO          762    .constdata          f32.o
    0x0800b0d0   0x00000040   Data   RO          763    .constdata          f32.o
    0x0800b110   0x00000060   Data   RO          764    .constdata          f32.o
    0x0800b170   0x00000040   Data   RO          765    .constdata          f32.o
    0x0800b1b0   0x00000060   Data   RO          766    .constdata          f32.o
    0x0800b210   0x00000060   Data   RO          767    .constdata          f32.o
    0x0800b270   0x00000060   Data   RO          768    .constdata          f32.o
    0x0800b2d0   0x00000060   Data   RO          769    .constdata          f32.o
    0x0800b330   0x00000060   Data   RO          770    .constdata          f32.o
    0x0800b390   0x00000060   Data   RO          771    .constdata          f32.o
    0x0800b3f0   0x00000060   Data   RO          772    .constdata          f32.o
    0x0800b450   0x00000040   Data   RO          773    .constdata          f32.o
    0x0800b490   0x00000060   Data   RO          774    .constdata          f32.o
    0x0800b4f0   0x00000060   Data   RO          775    .constdata          f32.o
    0x0800b550   0x00000080   Data   RO          776    .constdata          f32.o
    0x0800b5d0   0x00000060   Data   RO          777    .constdata          f32.o
    0x0800b630   0x00000060   Data   RO          778    .constdata          f32.o
    0x0800b690   0x00000060   Data   RO          779    .constdata          f32.o
    0x0800b6f0   0x00000020   Data   RO          780    .constdata          f32.o
    0x0800b710   0x00000020   Data   RO          781    .constdata          f32.o
    0x0800b730   0x00000020   Data   RO          782    .constdata          f32.o
    0x0800b750   0x00000040   Data   RO          783    .constdata          f32.o
    0x0800b790   0x00000040   Data   RO          784    .constdata          f32.o
    0x0800b7d0   0x00000040   Data   RO          785    .constdata          f32.o
    0x0800b810   0x00000040   Data   RO          786    .constdata          f32.o
    0x0800b850   0x00000040   Data   RO          787    .constdata          f32.o
    0x0800b890   0x00000040   Data   RO          788    .constdata          f32.o
    0x0800b8d0   0x00000040   Data   RO          789    .constdata          f32.o
    0x0800b910   0x00000040   Data   RO          790    .constdata          f32.o
    0x0800b950   0x00000020   Data   RO          791    .constdata          f32.o
    0x0800b970   0x00000040   Data   RO          792    .constdata          f32.o
    0x0800b9b0   0x00000040   Data   RO          793    .constdata          f32.o
    0x0800b9f0   0x00000020   Data   RO          794    .constdata          f32.o
    0x0800ba10   0x00000020   Data   RO          795    .constdata          f32.o
    0x0800ba30   0x00000040   Data   RO          796    .constdata          f32.o
    0x0800ba70   0x00000020   Data   RO          797    .constdata          f32.o
    0x0800ba90   0x00000060   Data   RO          798    .constdata          f32.o
    0x0800baf0   0x00000040   Data   RO          799    .constdata          f32.o
    0x0800bb30   0x00000040   Data   RO          800    .constdata          f32.o
    0x0800bb70   0x00000040   Data   RO          801    .constdata          f32.o
    0x0800bbb0   0x00000040   Data   RO          802    .constdata          f32.o
    0x0800bbf0   0x00000040   Data   RO          803    .constdata          f32.o
    0x0800bc30   0x00000040   Data   RO          804    .constdata          f32.o
    0x0800bc70   0x00000020   Data   RO          805    .constdata          f32.o
    0x0800bc90   0x00000040   Data   RO          806    .constdata          f32.o
    0x0800bcd0   0x00000040   Data   RO          807    .constdata          f32.o
    0x0800bd10   0x00000060   Data   RO          808    .constdata          f32.o
    0x0800bd70   0x00000040   Data   RO          809    .constdata          f32.o
    0x0800bdb0   0x00000040   Data   RO          810    .constdata          f32.o
    0x0800bdf0   0x00000040   Data   RO          811    .constdata          f32.o
    0x0800be30   0x00000040   Data   RO          812    .constdata          f32.o
    0x0800be70   0x00000020   Data   RO          813    .constdata          f32.o
    0x0800be90   0x00000040   Data   RO          814    .constdata          f32.o
    0x0800bed0   0x00000040   Data   RO          815    .constdata          f32.o
    0x0800bf10   0x000005f0   Data   RO          816    .constdata          f32.o
    0x0800c500   0x00000020   Data   RO          817    .constdata          f32.o
    0x0800c520   0x00000030   Data   RO         1106    .constdata          epd.lib(gde043a2.o)
    0x0800c550   0x00000018   Data   RO         1123    .constdata          epd.lib(protocol.o)
    0x0800c568   0x00000028   Data   RO         1327    .constdata          c_w.l(_printf_hex_int.o)
    0x0800c590   0x00000030   Data   RO         1496    .constdata          m_ws.l(cos_i.o)
    0x0800c5c0   0x000000c8   Data   RO         1514    .constdata          m_ws.l(rred.o)
    0x0800c688   0x00000028   Data   RO         1518    .constdata          m_ws.l(sin_i.o)
    0x0800c6b0   0x00000004   Data   RO         1568    .constdata          c_w.l(sys_io.o)
    0x0800c6b4   0x00000004   Data   RO         1569    .constdata          c_w.l(sys_io.o)
    0x0800c6b8   0x00000004   Data   RO         1570    .constdata          c_w.l(sys_io.o)
    0x0800c6bc   0x0000000a   Data   RO          562    .conststring        flash_font.o
    0x0800c6c6   0x00000002   PAD
    0x0800c6c8   0x00000020   Data   RO         1869    Region$$Table       anon$$obj.o


    Execution Region RW_IRAM1 (Base: 0x20000000, Size: 0x00004178, Max: 0x00010000, ABSOLUTE)

    Base Addr    Size         Type   Attr      Idx    E Section Name        Object

    0x20000000   0x00000014   Data   RW          275    .data               stm32f10x_rcc.o
    0x20000014   0x00000028   Data   RW          527    .data               sdcard.o
    0x2000003c   0x00000008   Data   RW          543    .data               arm_cortex_m.o
    0x20000044   0x00000008   Data   RW          940    .data               ff.o
    0x2000004c   0x0000000c   Data   RW          984    .data               minigui.lib(gui.o)
    0x20000058   0x00000008   Data   RW         1107    .data               epd.lib(gde043a2.o)
    0x20000060   0x00000001   Data   RW         1124    .data               epd.lib(protocol.o)
    0x20000061   0x00000003   PAD
    0x20000064   0x00000018   Data   RW         1200    .data               minigui.lib(gui_font.o)
    0x2000007c   0x00000004   Data   RW         1473    .data               c_w.l(stdio_streams.o)
    0x20000080   0x00000004   Data   RW         1474    .data               c_w.l(stdio_streams.o)
    0x20000084   0x00000004   Data   RW         1475    .data               c_w.l(stdio_streams.o)
    0x20000088   0x00000230   Zero   RW          427    .bss                main.o
    0x200002b8   0x00000064   Zero   RW          526    .bss                sdcard.o
    0x2000031c   0x00000050   Zero   RW          967    .bss                diskio.o
    0x2000036c   0x00000cc8   Zero   RW         1105    .bss                epd.lib(gde043a2.o)
    0x20001034   0x0000004c   Zero   RW         1122    .bss                epd.lib(protocol.o)
    0x20001080   0x00000420   Zero   RW         1199    .bss                minigui.lib(gui_font.o)
    0x200014a0   0x00000038   Zero   RW         1255    .bss                epd.lib(fsmc_sram.o)
    0x200014d8   0x00001000   Zero   RW         1276    .bss                epd.lib(fsmc_nand.o)
    0x200024d8   0x00001240   Zero   RW         1302    .bss                epd.lib(nand_fs.o)
    0x20003718   0x00000054   Zero   RW         1470    .bss                c_w.l(stdio_streams.o)
    0x2000376c   0x00000054   Zero   RW         1471    .bss                c_w.l(stdio_streams.o)
    0x200037c0   0x00000054   Zero   RW         1472    .bss                c_w.l(stdio_streams.o)
    0x20003814   0x00000060   Zero   RW         1573    .bss                c_w.l(libspace.o)
    0x20003874   0x00000004   PAD
    0x20003878   0x00000000   Zero   RW            2    HEAP                startup_stm32f10x_hd.o
    0x20003878   0x00000900   Zero   RW            1    STACK               startup_stm32f10x_hd.o


==============================================================================

Image component sizes


      Code (inc. data)   RO Data    RW Data    ZI Data      Debug   Object Name

       208         14          0          8          0       1646   arm_cortex_m.o
       248          6          0          0         80       3326   diskio.o
         0          0       7984          0          0      12166   f32.o
      6060         38          0          8          0      22385   ff.o
         0          0         42          0          0       5492   flash_font.o
       224         24          0          0        560      10931   main.o
       176         14          0          0          0     206085   misc.o
      6816        166          0         40        100      17833   sdcard.o
        72         26        304          0       2304        928   startup_stm32f10x_hd.o
       436         18          0          0          0      13467   stm32f10x_dma.o
       252         12          0          0          0       4295   stm32f10x_exti.o
      1144          4          0          0          0      12959   stm32f10x_fsmc.o
       576         16          0          0          0      11383   stm32f10x_gpio.o
       164          0          0          0          0       7528   stm32f10x_it.o
       688         32          0         20          0      16476   stm32f10x_rcc.o
       420         16          0          0          0      15784   stm32f10x_sdio.o
       224         16          0          0          0      28961   system_stm32f10x.o

    ----------------------------------------------------------------------
     17708        402       8364         76       3044     391645   Object Totals
         0          0         32          0          0          0   (incl. Generated)
         0          0          2          0          0          0   (incl. Padding)

    ----------------------------------------------------------------------

      Code (inc. data)   RO Data    RW Data    ZI Data      Debug   Library Member Name

         8          0          0          0          0         68   __main.o
       104          0          0          0          0         84   __printf.o
         0          0          0          0          0          0   __rtentry.o
        12          0          0          0          0          0   __rtentry2.o
         6          0          0          0          0          0   __rtentry4.o
        52          8          0          0          0          0   __scatter.o
        26          0          0          0          0          0   __scatter_copy.o
        28          0          0          0          0          0   __scatter_zi.o
        48          6          0          0          0         96   _printf_char_common.o
        36          4          0          0          0         80   _printf_char_file.o
        88          4         40          0          0         88   _printf_hex_int.o
       178          0          0          0          0         88   _printf_intcommon.o
         0          0          0          0          0          0   _printf_percent.o
         4          0          0          0          0          0   _printf_percent_end.o
         6          0          0          0          0          0   _printf_x.o
        22          0          0          0          0        100   _rserrno.o
        10          0          0          0          0         68   defsig_exit.o
        50          0          0          0          0         88   defsig_general.o
        80         58          0          0          0         76   defsig_rtmem_inner.o
        14          0          0          0          0         80   defsig_rtmem_outer.o
        52         38          0          0          0         76   defsig_rtred_inner.o
        14          0          0          0          0         80   defsig_rtred_outer.o
        12          0          0          0          0         72   exit.o
        76          0          0          0          0         88   fclose.o
         8          0          0          0          0         68   ferror.o
       470          0          0          0          0         88   flsbuf.o
       236          4          0          0          0        128   fopen.o
        26          0          0          0          0         68   fputc.o
       248          6          0          0          0         84   fseek.o
        66          0          0          0          0         76   ftell.o
        94          0          0          0          0         80   h1_alloc.o
        52          0          0          0          0         68   h1_extend.o
        78          0          0          0          0         80   h1_free.o
        14          0          0          0          0         84   h1_init.o
         6          0          0          0          0        152   heapauxi.o
         4          0          0          0          0        136   hguard.o
         0          0          0          0          0          0   indicate_semi.o
       138          0          0          0          0        168   init_alloc.o
       312         46          0          0          0        112   initio.o
         2          0          0          0          0          0   libinit.o
        14          0          0          0          0          0   libinit2.o
         2          0          0          0          0          0   libshutdown.o
         6          0          0          0          0          0   libshutdown2.o
         8          4          0          0         96         68   libspace.o
         0          0          0          0          0          0   maybetermalloc1.o
        88          0          0          0          0         76   memcmp.o
        24          4          0          0          0         84   noretval__2printf.o
         8          4          0          0          0         68   rt_errno_addr_intlibspace.o
         8          4          0          0          0         68   rt_heap_descriptor_intlibspace.o
        78          0          0          0          0         80   rt_memclr_w.o
       138          0          0          0          0         68   rt_memcpy_v6.o
       100          0          0          0          0         80   rt_memcpy_w.o
         2          0          0          0          0          0   rtexit.o
        10          0          0          0          0          0   rtexit2.o
        70          0          0          0          0         80   setvbuf.o
       240          6          0          0          0        156   stdio.o
         0          0          0         12        252          0   stdio_streams.o
       128          0          0          0          0         68   strcmpv7m.o
        72          0          0          0          0         80   strcpy.o
        62          0          0          0          0         76   strlen.o
        22          0          0          0          0         68   strrchr.o
        12          4          0          0          0         68   sys_exit.o
       102          0         12          0          0        240   sys_io.o
        74          0          0          0          0         80   sys_stackheap_outer.o
        14          0          0          0          0         76   sys_wrch.o
         2          0          0          0          0         68   use_no_semi.o
      4562        528          0          0          0       4223   des.o
      1328         94          0          0       4096       6854   fsmc_nand.o
       264         22          0          0         56       8785   fsmc_sram.o
      1848         78         48          8       3272       6984   gde043a2.o
      1668         84          0          0       4672       4661   nand_fs.o
       180         22         24          1         76       1711   protocol.o
        98          4          0          0          0         92   d2f.o
       826         16          0          0          0        348   daddsub_clz.o
        16          4          0          0          0         68   dcheck1.o
        24          0          0          0          0         68   dcmpi.o
       688        140          0          0          0        208   ddiv.o
        94          4          0          0          0         92   dfix.o
        90          4          0          0          0         92   dfixu.o
        84          0          0          0          0        136   dflt_clz.o
       120          4          0          0          0         92   dleqf.o
       340         12          0          0          0        104   dmul.o
       156          4          0          0          0         92   dnaninf.o
        12          0          0          0          0         68   dretinf.o
       108          0          0          0          0         80   drleqf.o
        86          4          0          0          0         84   f2d.o
       430          8          0          0          0        168   faddsub_clz.o
        24          0          0          0          0         68   fcmpi.o
       388         76          0          0          0         96   fdiv.o
       104          4          0          0          0         84   feqf.o
        54          4          0          0          0         84   ffix.o
        62          4          0          0          0         84   ffixu.o
        48          0          0          0          0         68   fflt_clz.o
       104          4          0          0          0         84   fleqf.o
       258          4          0          0          0         84   fmul.o
       140          4          0          0          0         84   fnaninf.o
        10          0          0          0          0         68   fretinf.o
        98          0          0          0          0         68   frleqf.o
       100          0          0          0          0         68   retnan.o
        92          0          0          0          0         68   scalbn.o
        48          0          0          0          0         68   trapv.o
         0          0          0          0          0          0   usenofp.o
       220         16          0          0          0         84   ceil.o
       156          8          0          0          0        104   cos.o
       252         22         48          0          0        124   cos_i.o
        34          6          0          0          0        204   dunder.o
       220         16          0          0          0         84   floor.o
        40          0          0          0          0         68   fpclassify.o
       170          0          0          0          0         96   poly.o
       904         76        200          0          0        140   rred.o
       160         10          0          0          0        108   sin.o
       236         12         40          0          0        128   sin_i.o
        64         18          0         12          0     212127   gui.o
      1464         20          0          0          0       5105   gui_base.o
       268         16          0          0          0        902   gui_color.o
      1156         24          0         24       1056      12355   gui_font.o
       536         10          0          0          0       2952   lcd_l0.o

    ----------------------------------------------------------------------
     24436       1586        412         60      13580     274943   Library Totals
        40          0          0          3          4          0   (incl. Padding)

    ----------------------------------------------------------------------

      Code (inc. data)   RO Data    RW Data    ZI Data      Debug   Library Name

      3964        200         52         12        348       4276   c_w.l
      9850        828         72          9      12172      33218   epd.lib
      4702        304          0          0          0       2868   fz_ws.l
      2392        166        288          0          0       1140   m_ws.l
      3488         88          0         36       1056     233441   minigui.lib

    ----------------------------------------------------------------------
     24436       1586        412         60      13580     274943   Library Totals

    ----------------------------------------------------------------------

==============================================================================


      Code (inc. data)   RO Data    RW Data    ZI Data      Debug   

     42144       1988       8776        136      16624     659356   Grand Totals
     42144       1988       8776        136      16624     659356   ELF Image Totals
     42144       1988       8776        136          0          0   ROM Totals

==============================================================================

    Total RO  Size (Code + RO Data)                50920 (  49.73kB)
    Total RW  Size (RW Data + ZI Data)             16760 (  16.37kB)
    Total ROM Size (Code + RO Data + RW Data)      51056 (  49.86kB)

==============================================================================

